Archive member included to satisfy reference by file (symbol)

/Users/cts/Library/Caches/arduino/sketches/8C404FC65045EB69AE368903C4D04CF0/../../cores/Seeeduino_nrf52_xiaonRF52840_softdevice_s140v6,debug_l0_01aa0066e0197ed77093acf64aa9ebdc/core.a(delay.c.o)
                              /Users/cts/Library/Caches/arduino/sketches/8C404FC65045EB69AE368903C4D04CF0/sketch/NRF52840Blink.ino.cpp.o (delay)
/Users/cts/Library/Caches/arduino/sketches/8C404FC65045EB69AE368903C4D04CF0/../../cores/Seeeduino_nrf52_xiaonRF52840_softdevice_s140v6,debug_l0_01aa0066e0197ed77093acf64aa9ebdc/core.a(tasks.c.o)
                              /Users/cts/Library/Caches/arduino/sketches/8C404FC65045EB69AE368903C4D04CF0/../../cores/Seeeduino_nrf52_xiaonRF52840_softdevice_s140v6,debug_l0_01aa0066e0197ed77093acf64aa9ebdc/core.a(delay.c.o) (xTaskGetTickCount)
/Users/cts/Library/Caches/arduino/sketches/8C404FC65045EB69AE368903C4D04CF0/../../cores/Seeeduino_nrf52_xiaonRF52840_softdevice_s140v6,debug_l0_01aa0066e0197ed77093acf64aa9ebdc/core.a(timers.c.o)
                              /Users/cts/Library/Caches/arduino/sketches/8C404FC65045EB69AE368903C4D04CF0/../../cores/Seeeduino_nrf52_xiaonRF52840_softdevice_s140v6,debug_l0_01aa0066e0197ed77093acf64aa9ebdc/core.a(tasks.c.o) (xTimerCreateTimerTask)
/Users/cts/Library/Caches/arduino/sketches/8C404FC65045EB69AE368903C4D04CF0/../../cores/Seeeduino_nrf52_xiaonRF52840_softdevice_s140v6,debug_l0_01aa0066e0197ed77093acf64aa9ebdc/core.a(port_cmsis.c.o)
                              /Users/cts/Library/Caches/arduino/sketches/8C404FC65045EB69AE368903C4D04CF0/../../cores/Seeeduino_nrf52_xiaonRF52840_softdevice_s140v6,debug_l0_01aa0066e0197ed77093acf64aa9ebdc/core.a(tasks.c.o) (pxPortInitialiseStack)
/Users/cts/Library/Caches/arduino/sketches/8C404FC65045EB69AE368903C4D04CF0/../../cores/Seeeduino_nrf52_xiaonRF52840_softdevice_s140v6,debug_l0_01aa0066e0197ed77093acf64aa9ebdc/core.a(port_cmsis_systick.c.o)
                              /Users/cts/Library/Caches/arduino/sketches/8C404FC65045EB69AE368903C4D04CF0/../../cores/Seeeduino_nrf52_xiaonRF52840_softdevice_s140v6,debug_l0_01aa0066e0197ed77093acf64aa9ebdc/core.a(port_cmsis.c.o) (vPortSetupTimerInterrupt)
/Users/cts/Library/Caches/arduino/sketches/8C404FC65045EB69AE368903C4D04CF0/../../cores/Seeeduino_nrf52_xiaonRF52840_softdevice_s140v6,debug_l0_01aa0066e0197ed77093acf64aa9ebdc/core.a(port.c.o)
                              /Users/cts/Library/Caches/arduino/sketches/8C404FC65045EB69AE368903C4D04CF0/../../cores/Seeeduino_nrf52_xiaonRF52840_softdevice_s140v6,debug_l0_01aa0066e0197ed77093acf64aa9ebdc/core.a(port_cmsis.c.o) (vPortStartFirstTask)
/Users/cts/Library/Caches/arduino/sketches/8C404FC65045EB69AE368903C4D04CF0/../../cores/Seeeduino_nrf52_xiaonRF52840_softdevice_s140v6,debug_l0_01aa0066e0197ed77093acf64aa9ebdc/core.a(hooks.c.o)
                              /Users/cts/Library/Caches/arduino/sketches/8C404FC65045EB69AE368903C4D04CF0/../../cores/Seeeduino_nrf52_xiaonRF52840_softdevice_s140v6,debug_l0_01aa0066e0197ed77093acf64aa9ebdc/core.a(tasks.c.o) (vApplicationIdleHook)
/Users/cts/Library/Caches/arduino/sketches/8C404FC65045EB69AE368903C4D04CF0/../../cores/Seeeduino_nrf52_xiaonRF52840_softdevice_s140v6,debug_l0_01aa0066e0197ed77093acf64aa9ebdc/core.a(gcc_startup_nrf52840.S.o)
                              /Users/cts/Library/Caches/arduino/sketches/8C404FC65045EB69AE368903C4D04CF0/../../cores/Seeeduino_nrf52_xiaonRF52840_softdevice_s140v6,debug_l0_01aa0066e0197ed77093acf64aa9ebdc/core.a(port.c.o) (__isr_vector)
/Users/cts/Library/Caches/arduino/sketches/8C404FC65045EB69AE368903C4D04CF0/../../cores/Seeeduino_nrf52_xiaonRF52840_softdevice_s140v6,debug_l0_01aa0066e0197ed77093acf64aa9ebdc/core.a(main.cpp.o)
                              /Users/cts/Library/Arduino15/packages/Seeeduino/tools/arm-none-eabi-gcc/9-2019q4/bin/../lib/gcc/arm-none-eabi/9.2.1/../../../../arm-none-eabi/lib/thumb/v7e-m+fp/hard/crt0.o (main)
/Users/cts/Library/Caches/arduino/sketches/8C404FC65045EB69AE368903C4D04CF0/../../cores/Seeeduino_nrf52_xiaonRF52840_softdevice_s140v6,debug_l0_01aa0066e0197ed77093acf64aa9ebdc/core.a(system_nrf52.c.o)
                              /Users/cts/Library/Caches/arduino/sketches/8C404FC65045EB69AE368903C4D04CF0/../../cores/Seeeduino_nrf52_xiaonRF52840_softdevice_s140v6,debug_l0_01aa0066e0197ed77093acf64aa9ebdc/core.a(gcc_startup_nrf52840.S.o) (SystemInit)
/Users/cts/Library/Caches/arduino/sketches/8C404FC65045EB69AE368903C4D04CF0/../../cores/Seeeduino_nrf52_xiaonRF52840_softdevice_s140v6,debug_l0_01aa0066e0197ed77093acf64aa9ebdc/core.a(rtos.cpp.o)
                              /Users/cts/Library/Caches/arduino/sketches/8C404FC65045EB69AE368903C4D04CF0/../../cores/Seeeduino_nrf52_xiaonRF52840_softdevice_s140v6,debug_l0_01aa0066e0197ed77093acf64aa9ebdc/core.a(tasks.c.o) (vApplicationStackOverflowHook)
[...]
Memory Configuration

Name             Origin             Length             Attributes
FLASH            0x0000000000027000 0x00000000000c6000 xr
RAM              0x0000000020006000 0x000000000003a000 xrw
*default*        0x0000000000000000 0xffffffffffffffff

Linker script and memory map

                0x0000000000000800                __StackSize = 0x800
                0x0000000020040000                PROVIDE (__StackTop = (ORIGIN (RAM) + LENGTH (RAM)))
                0x000000002003f800                PROVIDE (__StackLimit = (__StackTop - __StackSize))
                0x0000000020040000                PROVIDE (__stack = __StackTop)
                0x0000000000027000                __flash_arduino_start = ORIGIN (FLASH)
                0x00000000000ed000                __flash_arduino_end = (ORIGIN (FLASH) + LENGTH (FLASH))

.text           0x0000000000027000     0x5064
 *(.isr_vector)
 .isr_vector    0x0000000000027000      0x200 /Users/cts/Library/Caches/arduino/sketches/8C404FC65045EB69AE368903C4D04CF0/../../cores/Seeeduino_nrf52_xiaonRF52840_softdevice_s140v6,debug_l0_01aa0066e0197ed77093acf64aa9ebdc/core.a(gcc_startup_nrf52840.S.o)
                0x0000000000027000                __isr_vector
 *(.text*)
 .text.startup  0x0000000000027200       0x10 /Users/cts/Library/Arduino15/packages/Seeeduino/tools/arm-none-eabi-gcc/9-2019q4/bin/../lib/gcc/arm-none-eabi/9.2.1/thumb/v7e-m+fp/hard/crtfastmath.o
 .text          0x0000000000027210       0x40 /Users/cts/Library/Arduino15/packages/Seeeduino/tools/arm-none-eabi-gcc/9-2019q4/bin/../lib/gcc/arm-none-eabi/9.2.1/thumb/v7e-m+fp/hard/crtbegin.o
 .text          0x0000000000027250       0x74 /Users/cts/Library/Arduino15/packages/Seeeduino/tools/arm-none-eabi-gcc/9-2019q4/bin/../lib/gcc/arm-none-eabi/9.2.1/../../../../arm-none-eabi/lib/thumb/v7e-m+fp/hard/crt0.o
                0x0000000000027250                _mainCRTStartup
                0x0000000000027250                _start
 .text.setup    0x00000000000272c4        0x8 /Users/cts/Library/Caches/arduino/sketches/8C404FC65045EB69AE368903C4D04CF0/sketch/NRF52840Blink.ino.cpp.o
                0x00000000000272c4                setup
 .text.loop     0x00000000000272cc       0x28 /Users/cts/Library/Caches/arduino/sketches/8C404FC65045EB69AE368903C4D04CF0/sketch/NRF52840Blink.ino.cpp.o
                0x00000000000272cc                loop
 .text._Z11initVariantv
                0x00000000000272f4       0x60 /Users/cts/Library/Caches/arduino/sketches/8C404FC65045EB69AE368903C4D04CF0/core/variant.cpp.o
                0x00000000000272f4                initVariant()
 .text.delay    0x0000000000027354       0x38 /Users/cts/Library/Caches/arduino/sketches/8C404FC65045EB69AE368903C4D04CF0/../../cores/Seeeduino_nrf52_xiaonRF52840_softdevice_s140v6,debug_l0_01aa0066e0197ed77093acf64aa9ebdc/core.a(delay.c.o)
                0x0000000000027354                delay
 .text.prvAddNewTaskToReadyList
                0x000000000002738c      0x124 /Users/cts/Library/Caches/arduino/sketches/8C404FC65045EB69AE368903C4D04CF0/../../cores/Seeeduino_nrf52_xiaonRF52840_softdevice_s140v6,debug_l0_01aa0066e0197ed77093acf64aa9ebdc/core.a(tasks.c.o)
 .text.xTaskCreateStatic
                0x00000000000274b0       0xe0 /Users/cts/Library/Caches/arduino/sketches/8C404FC65045EB69AE368903C4D04CF0/../../cores/Seeeduino_nrf52_xiaonRF52840_softdevice_s140v6,debug_l0_01aa0066e0197ed77093acf64aa9ebdc/core.a(tasks.c.o)
                0x00000000000274b0                xTaskCreateStatic
 .text.xTaskCreate
                0x0000000000027590       0xf0 /Users/cts/Library/Caches/arduino/sketches/8C404FC65045EB69AE368903C4D04CF0/../../cores/Seeeduino_nrf52_xiaonRF52840_softdevice_s140v6,debug_l0_01aa0066e0197ed77093acf64aa9ebdc/core.a(tasks.c.o)
                0x0000000000027590                xTaskCreate
 .text.vTaskStartScheduler
                0x0000000000027680       0xcc /Users/cts/Library/Caches/arduino/sketches/8C404FC65045EB69AE368903C4D04CF0/../../cores/Seeeduino_nrf52_xiaonRF52840_softdevice_s140v6,debug_l0_01aa0066e0197ed77093acf64aa9ebdc/core.a(tasks.c.o)
                0x0000000000027680                vTaskStartScheduler
 .text.vTaskSuspendAll
                0x000000000002774c       0x10 /Users/cts/Library/Caches/arduino/sketches/8C404FC65045EB69AE368903C4D04CF0/../../cores/Seeeduino_nrf52_xiaonRF52840_softdevice_s140v6,debug_l0_01aa0066e0197ed77093acf64aa9ebdc/core.a(tasks.c.o)
                0x000000000002774c                vTaskSuspendAll
 .text.xTaskGetTickCount
                0x000000000002775c        0xc /Users/cts/Library/Caches/arduino/sketches/8C404FC65045EB69AE368903C4D04CF0/../../cores/Seeeduino_nrf52_xiaonRF52840_softdevice_s140v6,debug_l0_01aa0066e0197ed77093acf64aa9ebdc/core.a(tasks.c.o)
                0x000000000002775c                xTaskGetTickCount
 .text.vTaskStepTick
                0x0000000000027768       0x10 /Users/cts/Library/Caches/arduino/sketches/8C404FC65045EB69AE368903C4D04CF0/../../cores/Seeeduino_nrf52_xiaonRF52840_softdevice_s140v6,debug_l0_01aa0066e0197ed77093acf64aa9ebdc/core.a(tasks.c.o)
                0x0000000000027768                vTaskStepTick
 .text.xTaskIncrementTick
                0x0000000000027778      0x134 /Users/cts/Library/Caches/arduino/sketches/8C404FC65045EB69AE368903C4D04CF0/../../cores/Seeeduino_nrf52_xiaonRF52840_softdevice_s140v6,debug_l0_01aa0066e0197ed77093acf64aa9ebdc/core.a(tasks.c.o)
                0x0000000000027778                xTaskIncrementTick
 .text.xTaskResumeAll
                0x00000000000278ac      0x120 /Users/cts/Library/Caches/arduino/sketches/8C404FC65045EB69AE368903C4D04CF0/../../cores/Seeeduino_nrf52_xiaonRF52840_softdevice_s140v6,debug_l0_01aa0066e0197ed77093acf64aa9ebdc/core.a(tasks.c.o)
                0x00000000000278ac                xTaskResumeAll
 .text.vTaskDelay
                0x00000000000279cc       0x84 /Users/cts/Library/Caches/arduino/sketches/8C404FC65045EB69AE368903C4D04CF0/../../cores/Seeeduino_nrf52_xiaonRF52840_softdevice_s140v6,debug_l0_01aa0066e0197ed77093acf64aa9ebdc/core.a(tasks.c.o)
                0x00000000000279cc                vTaskDelay
 .text.prvIdleTask
                0x0000000000027a50      0x118 /Users/cts/Library/Caches/arduino/sketches/8C404FC65045EB69AE368903C4D04CF0/../../cores/Seeeduino_nrf52_xiaonRF52840_softdevice_s140v6,debug_l0_01aa0066e0197ed77093acf64aa9ebdc/core.a(tasks.c.o)
 .text.vTaskSwitchContext
                0x0000000000027b68       0xbc /Users/cts/Library/Caches/arduino/sketches/8C404FC65045EB69AE368903C4D04CF0/../../cores/Seeeduino_nrf52_xiaonRF52840_softdevice_s140v6,debug_l0_01aa0066e0197ed77093acf64aa9ebdc/core.a(tasks.c.o)
                0x0000000000027b68                vTaskSwitchContext
 .text.vTaskPlaceOnEventList
                0x0000000000027c24       0x78 /Users/cts/Library/Caches/arduino/sketches/8C404FC65045EB69AE368903C4D04CF0/../../cores/Seeeduino_nrf52_xiaonRF52840_softdevice_s140v6,debug_l0_01aa0066e0197ed77093acf64aa9ebdc/core.a(tasks.c.o)
                0x0000000000027c24                vTaskPlaceOnEventList
 .text.vTaskPlaceOnEventListRestricted
                0x0000000000027c9c       0x80 /Users/cts/Library/Caches/arduino/sketches/8C404FC65045EB69AE368903C4D04CF0/../../cores/Seeeduino_nrf52_xiaonRF52840_softdevice_s140v6,debug_l0_01aa0066e0197ed77093acf64aa9ebdc/core.a(tasks.c.o)
                0x0000000000027c9c                vTaskPlaceOnEventListRestricted
 .text.xTaskRemoveFromEventList
                0x0000000000027d1c       0xa4 /Users/cts/Library/Caches/arduino/sketches/8C404FC65045EB69AE368903C4D04CF0/../../cores/Seeeduino_nrf52_xiaonRF52840_softdevice_s140v6,debug_l0_01aa0066e0197ed77093acf64aa9ebdc/core.a(tasks.c.o)
                0x0000000000027d1c                xTaskRemoveFromEventList
 .text.vTaskInternalSetTimeOutState
                0x0000000000027dc0       0x18 /Users/cts/Library/Caches/arduino/sketches/8C404FC65045EB69AE368903C4D04CF0/../../cores/Seeeduino_nrf52_xiaonRF52840_softdevice_s140v6,debug_l0_01aa0066e0197ed77093acf64aa9ebdc/core.a(tasks.c.o)
                0x0000000000027dc0                vTaskInternalSetTimeOutState
 .text.xTaskCheckForTimeOut
                0x0000000000027dd8       0x68 /Users/cts/Library/Caches/arduino/sketches/8C404FC65045EB69AE368903C4D04CF0/../../cores/Seeeduino_nrf52_xiaonRF52840_softdevice_s140v6,debug_l0_01aa0066e0197ed77093acf64aa9ebdc/core.a(tasks.c.o)
                0x0000000000027dd8                xTaskCheckForTimeOut
 .text.vTaskMissedYield
                0x0000000000027e40        0xc /Users/cts/Library/Caches/arduino/sketches/8C404FC65045EB69AE368903C4D04CF0/../../cores/Seeeduino_nrf52_xiaonRF52840_softdevice_s140v6,debug_l0_01aa0066e0197ed77093acf64aa9ebdc/core.a(tasks.c.o)
                0x0000000000027e40                vTaskMissedYield
 .text.eTaskConfirmSleepModeStatus
                0x0000000000027e4c       0x38 /Users/cts/Library/Caches/arduino/sketches/8C404FC65045EB69AE368903C4D04CF0/../../cores/Seeeduino_nrf52_xiaonRF52840_softdevice_s140v6,debug_l0_01aa0066e0197ed77093acf64aa9ebdc/core.a(tasks.c.o)
                0x0000000000027e4c                eTaskConfirmSleepModeStatus
 .text.xTaskGetSchedulerState
                0x0000000000027e84       0x20 /Users/cts/Library/Caches/arduino/sketches/8C404FC65045EB69AE368903C4D04CF0/../../cores/Seeeduino_nrf52_xiaonRF52840_softdevice_s140v6,debug_l0_01aa0066e0197ed77093acf64aa9ebdc/core.a(tasks.c.o)
                0x0000000000027e84                xTaskGetSchedulerState
 .text.xTaskPriorityDisinherit
                0x0000000000027ea4       0x60 /Users/cts/Library/Caches/arduino/sketches/8C404FC65045EB69AE368903C4D04CF0/../../cores/Seeeduino_nrf52_xiaonRF52840_softdevice_s140v6,debug_l0_01aa0066e0197ed77093acf64aa9ebdc/core.a(tasks.c.o)
                0x0000000000027ea4                xTaskPriorityDisinherit
 .text.prvSwitchTimerLists
                0x0000000000027f04       0x88 /Users/cts/Library/Caches/arduino/sketches/8C404FC65045EB69AE368903C4D04CF0/../../cores/Seeeduino_nrf52_xiaonRF52840_softdevice_s140v6,debug_l0_01aa0066e0197ed77093acf64aa9ebdc/core.a(timers.c.o)
 .text.prvTimerTask
                0x0000000000027f8c      0x240 /Users/cts/Library/Caches/arduino/sketches/8C404FC65045EB69AE368903C4D04CF0/../../cores/Seeeduino_nrf52_xiaonRF52840_softdevice_s140v6,debug_l0_01aa0066e0197ed77093acf64aa9ebdc/core.a(timers.c.o)
 .text.xTimerCreateTimerTask
                0x00000000000281cc       0xac /Users/cts/Library/Caches/arduino/sketches/8C404FC65045EB69AE368903C4D04CF0/../../cores/Seeeduino_nrf52_xiaonRF52840_softdevice_s140v6,debug_l0_01aa0066e0197ed77093acf64aa9ebdc/core.a(timers.c.o)
                0x00000000000281cc                xTimerCreateTimerTask
 .text.prvTaskExitError
                0x0000000000028278        0x8 /Users/cts/Library/Caches/arduino/sketches/8C404FC65045EB69AE368903C4D04CF0/../../cores/Seeeduino_nrf52_xiaonRF52840_softdevice_s140v6,debug_l0_01aa0066e0197ed77093acf64aa9ebdc/core.a(port_cmsis.c.o)
 .text.pxPortInitialiseStack
                0x0000000000028280       0x2c /Users/cts/Library/Caches/arduino/sketches/8C404FC65045EB69AE368903C4D04CF0/../../cores/Seeeduino_nrf52_xiaonRF52840_softdevice_s140v6,debug_l0_01aa0066e0197ed77093acf64aa9ebdc/core.a(port_cmsis.c.o)
                0x0000000000028280                pxPortInitialiseStack
 .text.xPortStartScheduler
                0x00000000000282ac       0x4c /Users/cts/Library/Caches/arduino/sketches/8C404FC65045EB69AE368903C4D04CF0/../../cores/Seeeduino_nrf52_xiaonRF52840_softdevice_s140v6,debug_l0_01aa0066e0197ed77093acf64aa9ebdc/core.a(port_cmsis.c.o)
                0x00000000000282ac                xPortStartScheduler
 .text.vPortEnterCritical
                0x00000000000282f8       0x14 /Users/cts/Library/Caches/arduino/sketches/8C404FC65045EB69AE368903C4D04CF0/../../cores/Seeeduino_nrf52_xiaonRF52840_softdevice_s140v6,debug_l0_01aa0066e0197ed77093acf64aa9ebdc/core.a(port_cmsis.c.o)
                0x00000000000282f8                vPortEnterCritical
 .text.vPortExitCritical
                0x000000000002830c       0x14 /Users/cts/Library/Caches/arduino/sketches/8C404FC65045EB69AE368903C4D04CF0/../../cores/Seeeduino_nrf52_xiaonRF52840_softdevice_s140v6,debug_l0_01aa0066e0197ed77093acf64aa9ebdc/core.a(port_cmsis.c.o)
                0x000000000002830c                vPortExitCritical
 .text.sd_app_evt_wait
                0x0000000000028320        0x4 /Users/cts/Library/Caches/arduino/sketches/8C404FC65045EB69AE368903C4D04CF0/../../cores/Seeeduino_nrf52_xiaonRF52840_softdevice_s140v6,debug_l0_01aa0066e0197ed77093acf64aa9ebdc/core.a(port_cmsis_systick.c.o)
 .text.sd_softdevice_is_enabled
                0x0000000000028324        0x4 /Users/cts/Library/Caches/arduino/sketches/8C404FC65045EB69AE368903C4D04CF0/../../cores/Seeeduino_nrf52_xiaonRF52840_softdevice_s140v6,debug_l0_01aa0066e0197ed77093acf64aa9ebdc/core.a(port_cmsis_systick.c.o)
 .text.RTC1_IRQHandler
                0x0000000000028328       0x88 /Users/cts/Library/Caches/arduino/sketches/8C404FC65045EB69AE368903C4D04CF0/../../cores/Seeeduino_nrf52_xiaonRF52840_softdevice_s140v6,debug_l0_01aa0066e0197ed77093acf64aa9ebdc/core.a(port_cmsis_systick.c.o)
                0x0000000000028328                RTC1_IRQHandler
 .text.vPortSetupTimerInterrupt
                0x00000000000283b0       0x3c /Users/cts/Library/Caches/arduino/sketches/8C404FC65045EB69AE368903C4D04CF0/../../cores/Seeeduino_nrf52_xiaonRF52840_softdevice_s140v6,debug_l0_01aa0066e0197ed77093acf64aa9ebdc/core.a(port_cmsis_systick.c.o)
                0x00000000000283b0                vPortSetupTimerInterrupt
 .text.vPortSuppressTicksAndSleep
                0x00000000000283ec      0x1c8 /Users/cts/Library/Caches/arduino/sketches/8C404FC65045EB69AE368903C4D04CF0/../../cores/Seeeduino_nrf52_xiaonRF52840_softdevice_s140v6,debug_l0_01aa0066e0197ed77093acf64aa9ebdc/core.a(port_cmsis_systick.c.o)
                0x00000000000283ec                vPortSuppressTicksAndSleep
 .text.vPortStartFirstTask
                0x00000000000285b4       0x24 /Users/cts/Library/Caches/arduino/sketches/8C404FC65045EB69AE368903C4D04CF0/../../cores/Seeeduino_nrf52_xiaonRF52840_softdevice_s140v6,debug_l0_01aa0066e0197ed77093acf64aa9ebdc/core.a(port.c.o)
                0x00000000000285b4                vPortStartFirstTask
 .text.SVC_Handler
                0x00000000000285d8       0x20 /Users/cts/Library/Caches/arduino/sketches/8C404FC65045EB69AE368903C4D04CF0/../../cores/Seeeduino_nrf52_xiaonRF52840_softdevice_s140v6,debug_l0_01aa0066e0197ed77093acf64aa9ebdc/core.a(port.c.o)
                0x00000000000285d8                SVC_Handler
 .text.PendSV_Handler
                0x00000000000285f8       0x60 /Users/cts/Library/Caches/arduino/sketches/8C404FC65045EB69AE368903C4D04CF0/../../cores/Seeeduino_nrf52_xiaonRF52840_softdevice_s140v6,debug_l0_01aa0066e0197ed77093acf64aa9ebdc/core.a(port.c.o)
                0x00000000000285f8                PendSV_Handler
 .text.__empty  0x0000000000028658        0x4 /Users/cts/Library/Caches/arduino/sketches/8C404FC65045EB69AE368903C4D04CF0/../../cores/Seeeduino_nrf52_xiaonRF52840_softdevice_s140v6,debug_l0_01aa0066e0197ed77093acf64aa9ebdc/core.a(hooks.c.o)
                0x0000000000028658                vApplicationIdleHook
 .text          0x000000000002865c       0x54 /Users/cts/Library/Caches/arduino/sketches/8C404FC65045EB69AE368903C4D04CF0/../../cores/Seeeduino_nrf52_xiaonRF52840_softdevice_s140v6,debug_l0_01aa0066e0197ed77093acf64aa9ebdc/core.a(gcc_startup_nrf52840.S.o)
                0x000000000002865c                Reset_Handler
                0x000000000002869c                NMI_Handler
                0x000000000002869e                HardFault_Handler
                0x00000000000286a0                MemoryManagement_Handler
                0x00000000000286a2                BusFault_Handler
                0x00000000000286a4                UsageFault_Handler
                0x00000000000286a8                DebugMon_Handler
                0x00000000000286ac                SysTick_Handler
                0x00000000000286ae                PDM_IRQHandler
                0x00000000000286ae                TEMP_IRQHandler
                0x00000000000286ae                QDEC_IRQHandler
                0x00000000000286ae                TIMER3_IRQHandler
                0x00000000000286ae                PWM3_IRQHandler
                0x00000000000286ae                FPU_IRQHandler
                0x00000000000286ae                USBD_IRQHandler
                0x00000000000286ae                SPIM0_SPIS0_TWIM0_TWIS0_SPI0_TWI0_IRQHandler
                0x00000000000286ae                UARTE0_UART0_IRQHandler
                0x00000000000286ae                TIMER4_IRQHandler
                0x00000000000286ae                CRYPTOCELL_IRQHandler
                0x00000000000286ae                I2S_IRQHandler
                0x00000000000286ae                SWI4_EGU4_IRQHandler
                0x00000000000286ae                TIMER0_IRQHandler
                0x00000000000286ae                UARTE1_IRQHandler
                0x00000000000286ae                TIMER1_IRQHandler
                0x00000000000286ae                SPIM3_IRQHandler
                0x00000000000286ae                PWM2_IRQHandler
                0x00000000000286ae                ECB_IRQHandler
                0x00000000000286ae                SPIM1_SPIS1_TWIM1_TWIS1_SPI1_TWI1_IRQHandler
                0x00000000000286ae                Default_Handler
                0x00000000000286ae                SAADC_IRQHandler
                0x00000000000286ae                CCM_AAR_IRQHandler
                0x00000000000286ae                WDT_IRQHandler
                0x00000000000286ae                SWI5_EGU5_IRQHandler
                0x00000000000286ae                RNG_IRQHandler
                0x00000000000286ae                RTC2_IRQHandler
                0x00000000000286ae                PWM0_IRQHandler
                0x00000000000286ae                SWI3_EGU3_IRQHandler
                0x00000000000286ae                SWI1_EGU1_IRQHandler
                0x00000000000286ae                SPIM2_SPIS2_SPI2_IRQHandler
                0x00000000000286ae                NFCT_IRQHandler
                0x00000000000286ae                MWU_IRQHandler
                0x00000000000286ae                QSPI_IRQHandler
                0x00000000000286ae                TIMER2_IRQHandler
                0x00000000000286ae                COMP_LPCOMP_IRQHandler
                0x00000000000286ae                RTC0_IRQHandler
                0x00000000000286ae                SWI0_EGU0_IRQHandler
                0x00000000000286ae                SWI2_EGU2_IRQHandler
                0x00000000000286ae                GPIOTE_IRQHandler
                0x00000000000286ae                PWM1_IRQHandler
                0x00000000000286ae                POWER_CLOCK_IRQHandler
                0x00000000000286ae                RADIO_IRQHandler
 .text._ZL9loop_taskPv
                0x00000000000286b0       0x5c /Users/cts/Library/Caches/arduino/sketches/8C404FC65045EB69AE368903C4D04CF0/../../cores/Seeeduino_nrf52_xiaonRF52840_softdevice_s140v6,debug_l0_01aa0066e0197ed77093acf64aa9ebdc/core.a(main.cpp.o)
 .text.startup.main
                0x000000000002870c       0x5c /Users/cts/Library/Caches/arduino/sketches/8C404FC65045EB69AE368903C4D04CF0/../../cores/Seeeduino_nrf52_xiaonRF52840_softdevice_s140v6,debug_l0_01aa0066e0197ed77093acf64aa9ebdc/core.a(main.cpp.o)
                0x000000000002870c                main
 .text.SystemInit
                0x0000000000028768      0x170 /Users/cts/Library/Caches/arduino/sketches/8C404FC65045EB69AE368903C4D04CF0/../../cores/Seeeduino_nrf52_xiaonRF52840_softdevice_s140v6,debug_l0_01aa0066e0197ed77093acf64aa9ebdc/core.a(system_nrf52.c.o)
                0x0000000000028768                SystemInit
 .text.yield    0x00000000000288d8       0x20 /Users/cts/Library/Caches/arduino/sketches/8C404FC65045EB69AE368903C4D04CF0/../../cores/Seeeduino_nrf52_xiaonRF52840_softdevice_s140v6,debug_l0_01aa0066e0197ed77093acf64aa9ebdc/core.a(rtos.cpp.o)
                0x00000000000288d8                yield
 .text.vApplicationStackOverflowHook
                0x00000000000288f8        0x4 /Users/cts/Library/Caches/arduino/sketches/8C404FC65045EB69AE368903C4D04CF0/../../cores/Seeeduino_nrf52_xiaonRF52840_softdevice_s140v6,debug_l0_01aa0066e0197ed77093acf64aa9ebdc/core.a(rtos.cpp.o)
                0x00000000000288f8                vApplicationStackOverflowHook
 .text.vApplicationMallocFailedHook
                0x00000000000288fc        0x4 /Users/cts/Library/Caches/arduino/sketches/8C404FC65045EB69AE368903C4D04CF0/../../cores/Seeeduino_nrf52_xiaonRF52840_softdevice_s140v6,debug_l0_01aa0066e0197ed77093acf64aa9ebdc/core.a(rtos.cpp.o)
                0x00000000000288fc                vApplicationMallocFailedHook
 .text.vApplicationGetIdleTaskMemory
                0x0000000000028900       0x1c /Users/cts/Library/Caches/arduino/sketches/8C404FC65045EB69AE368903C4D04CF0/../../cores/Seeeduino_nrf52_xiaonRF52840_softdevice_s140v6,debug_l0_01aa0066e0197ed77093acf64aa9ebdc/core.a(rtos.cpp.o)
                0x0000000000028900                vApplicationGetIdleTaskMemory
 .text.vApplicationGetTimerTaskMemory
                0x000000000002891c       0x20 /Users/cts/Library/Caches/arduino/sketches/8C404FC65045EB69AE368903C4D04CF0/../../cores/Seeeduino_nrf52_xiaonRF52840_softdevice_s140v6,debug_l0_01aa0066e0197ed77093acf64aa9ebdc/core.a(rtos.cpp.o)
                0x000000000002891c                vApplicationGetTimerTaskMemory
 .text.adafruit_callback_task
                0x000000000002893c       0x84 /Users/cts/Library/Caches/arduino/sketches/8C404FC65045EB69AE368903C4D04CF0/../../cores/Seeeduino_nrf52_xiaonRF52840_softdevice_s140v6,debug_l0_01aa0066e0197ed77093acf64aa9ebdc/core.a(AdaCallback.c.o)
                0x000000000002893c                adafruit_callback_task
 .text.ada_callback_init
                0x00000000000289c0       0x48 /Users/cts/Library/Caches/arduino/sketches/8C404FC65045EB69AE368903C4D04CF0/../../cores/Seeeduino_nrf52_xiaonRF52840_softdevice_s140v6,debug_l0_01aa0066e0197ed77093acf64aa9ebdc/core.a(AdaCallback.c.o)
                0x00000000000289c0                ada_callback_init
 .text.init     0x0000000000028a08       0x80 /Users/cts/Library/Caches/arduino/sketches/8C404FC65045EB69AE368903C4D04CF0/../../cores/Seeeduino_nrf52_xiaonRF52840_softdevice_s140v6,debug_l0_01aa0066e0197ed77093acf64aa9ebdc/core.a(wiring.c.o)
                0x0000000000028a08                init
 .text.pinMode  0x0000000000028a88      0x108 /Users/cts/Library/Caches/arduino/sketches/8C404FC65045EB69AE368903C4D04CF0/../../cores/Seeeduino_nrf52_xiaonRF52840_softdevice_s140v6,debug_l0_01aa0066e0197ed77093acf64aa9ebdc/core.a(wiring_digital.c.o)
                0x0000000000028a88                pinMode
 .text.digitalWrite
                0x0000000000028b90       0x3c /Users/cts/Library/Caches/arduino/sketches/8C404FC65045EB69AE368903C4D04CF0/../../cores/Seeeduino_nrf52_xiaonRF52840_softdevice_s140v6,debug_l0_01aa0066e0197ed77093acf64aa9ebdc/core.a(wiring_digital.c.o)
                0x0000000000028b90                digitalWrite
 .text.vListInitialise
                0x0000000000028bcc       0x18 /Users/cts/Library/Caches/arduino/sketches/8C404FC65045EB69AE368903C4D04CF0/../../cores/Seeeduino_nrf52_xiaonRF52840_softdevice_s140v6,debug_l0_01aa0066e0197ed77093acf64aa9ebdc/core.a(list.c.o)
                0x0000000000028bcc                vListInitialise
 .text.vListInitialiseItem
                0x0000000000028be4        0x8 /Users/cts/Library/Caches/arduino/sketches/8C404FC65045EB69AE368903C4D04CF0/../../cores/Seeeduino_nrf52_xiaonRF52840_softdevice_s140v6,debug_l0_01aa0066e0197ed77093acf64aa9ebdc/core.a(list.c.o)
                0x0000000000028be4                vListInitialiseItem
 .text.vListInsertEnd
                0x0000000000028bec       0x20 /Users/cts/Library/Caches/arduino/sketches/8C404FC65045EB69AE368903C4D04CF0/../../cores/Seeeduino_nrf52_xiaonRF52840_softdevice_s140v6,debug_l0_01aa0066e0197ed77093acf64aa9ebdc/core.a(list.c.o)
                0x0000000000028bec                vListInsertEnd
 .text.vListInsert
                0x0000000000028c0c       0x30 /Users/cts/Library/Caches/arduino/sketches/8C404FC65045EB69AE368903C4D04CF0/../../cores/Seeeduino_nrf52_xiaonRF52840_softdevice_s140v6,debug_l0_01aa0066e0197ed77093acf64aa9ebdc/core.a(list.c.o)
                0x0000000000028c0c                vListInsert
 .text.uxListRemove
                0x0000000000028c3c       0x28 /Users/cts/Library/Caches/arduino/sketches/8C404FC65045EB69AE368903C4D04CF0/../../cores/Seeeduino_nrf52_xiaonRF52840_softdevice_s140v6,debug_l0_01aa0066e0197ed77093acf64aa9ebdc/core.a(list.c.o)
                0x0000000000028c3c                uxListRemove
 .text.__wrap_malloc
                0x0000000000028c64       0x34 /Users/cts/Library/Caches/arduino/sketches/8C404FC65045EB69AE368903C4D04CF0/../../cores/Seeeduino_nrf52_xiaonRF52840_softdevice_s140v6,debug_l0_01aa0066e0197ed77093acf64aa9ebdc/core.a(heap_3.c.o)
                0x0000000000028c64                __wrap_malloc
 .text.__wrap_free
                0x0000000000028c98       0x2c /Users/cts/Library/Caches/arduino/sketches/8C404FC65045EB69AE368903C4D04CF0/../../cores/Seeeduino_nrf52_xiaonRF52840_softdevice_s140v6,debug_l0_01aa0066e0197ed77093acf64aa9ebdc/core.a(heap_3.c.o)
                0x0000000000028c98                __wrap_free
 .text.pvPortMalloc
                0x0000000000028cc4       0x28 /Users/cts/Library/Caches/arduino/sketches/8C404FC65045EB69AE368903C4D04CF0/../../cores/Seeeduino_nrf52_xiaonRF52840_softdevice_s140v6,debug_l0_01aa0066e0197ed77093acf64aa9ebdc/core.a(heap_3.c.o)
                0x0000000000028cc4                pvPortMalloc
 .text.vPortFree
                0x0000000000028cec       0x1c /Users/cts/Library/Caches/arduino/sketches/8C404FC65045EB69AE368903C4D04CF0/../../cores/Seeeduino_nrf52_xiaonRF52840_softdevice_s140v6,debug_l0_01aa0066e0197ed77093acf64aa9ebdc/core.a(heap_3.c.o)
                0x0000000000028cec                vPortFree
 .text.xQueueGenericCreateStatic
                0x0000000000028d08       0x60 /Users/cts/Library/Caches/arduino/sketches/8C404FC65045EB69AE368903C4D04CF0/../../cores/Seeeduino_nrf52_xiaonRF52840_softdevice_s140v6,debug_l0_01aa0066e0197ed77093acf64aa9ebdc/core.a(queue.c.o)
                0x0000000000028d08                xQueueGenericCreateStatic
 .text.xQueueGenericCreate
                0x0000000000028d68       0x84 /Users/cts/Library/Caches/arduino/sketches/8C404FC65045EB69AE368903C4D04CF0/../../cores/Seeeduino_nrf52_xiaonRF52840_softdevice_s140v6,debug_l0_01aa0066e0197ed77093acf64aa9ebdc/core.a(queue.c.o)
                0x0000000000028d68                xQueueGenericCreate
 .text.xQueueGenericSend
                0x0000000000028dec      0x360 /Users/cts/Library/Caches/arduino/sketches/8C404FC65045EB69AE368903C4D04CF0/../../cores/Seeeduino_nrf52_xiaonRF52840_softdevice_s140v6,debug_l0_01aa0066e0197ed77093acf64aa9ebdc/core.a(queue.c.o)
                0x0000000000028dec                xQueueGenericSend
 .text.xQueueReceive
                0x000000000002914c      0x2b8 /Users/cts/Library/Caches/arduino/sketches/8C404FC65045EB69AE368903C4D04CF0/../../cores/Seeeduino_nrf52_xiaonRF52840_softdevice_s140v6,debug_l0_01aa0066e0197ed77093acf64aa9ebdc/core.a(queue.c.o)
                0x000000000002914c                xQueueReceive
 .text.vQueueAddToRegistry
                0x0000000000029404       0x24 /Users/cts/Library/Caches/arduino/sketches/8C404FC65045EB69AE368903C4D04CF0/../../cores/Seeeduino_nrf52_xiaonRF52840_softdevice_s140v6,debug_l0_01aa0066e0197ed77093acf64aa9ebdc/core.a(queue.c.o)
                0x0000000000029404                vQueueAddToRegistry
 .text.vQueueWaitForMessageRestricted
                0x0000000000029428       0xcc /Users/cts/Library/Caches/arduino/sketches/8C404FC65045EB69AE368903C4D04CF0/../../cores/Seeeduino_nrf52_xiaonRF52840_softdevice_s140v6,debug_l0_01aa0066e0197ed77093acf64aa9ebdc/core.a(queue.c.o)
                0x0000000000029428                vQueueWaitForMessageRestricted
 .text          0x00000000000294f4       0x30 /Users/cts/Library/Arduino15/packages/Seeeduino/tools/arm-none-eabi-gcc/9-2019q4/bin/../lib/gcc/arm-none-eabi/9.2.1/thumb/v7e-m+fp/hard/libgcc.a(_aeabi_uldivmod.o)
                0x00000000000294f4                __aeabi_uldivmod
 .text          0x0000000000029524      0x2c4 /Users/cts/Library/Arduino15/packages/Seeeduino/tools/arm-none-eabi-gcc/9-2019q4/bin/../lib/gcc/arm-none-eabi/9.2.1/thumb/v7e-m+fp/hard/libgcc.a(_udivmoddi4.o)
                0x0000000000029524                __udivmoddi4
 .text          0x00000000000297e8        0x4 /Users/cts/Library/Arduino15/packages/Seeeduino/tools/arm-none-eabi-gcc/9-2019q4/bin/../lib/gcc/arm-none-eabi/9.2.1/thumb/v7e-m+fp/hard/libgcc.a(_dvmd_tls.o)
                0x00000000000297e8                __aeabi_ldiv0
                0x00000000000297e8                __aeabi_idiv0
 .text.exit     0x00000000000297ec       0x28 /Users/cts/Library/Arduino15/packages/Seeeduino/tools/arm-none-eabi-gcc/9-2019q4/bin/../lib/gcc/arm-none-eabi/9.2.1/../../../../arm-none-eabi/lib/thumb/v7e-m+fp/hard/libc_nano.a(lib_a-exit.o)
                0x00000000000297ec                exit
 .text.__libc_init_array
                0x0000000000029814       0x48 /Users/cts/Library/Arduino15/packages/Seeeduino/tools/arm-none-eabi-gcc/9-2019q4/bin/../lib/gcc/arm-none-eabi/9.2.1/../../../../arm-none-eabi/lib/thumb/v7e-m+fp/hard/libc_nano.a(lib_a-init.o)
                0x0000000000029814                __libc_init_array
 .text.malloc   0x000000000002985c       0x10 /Users/cts/Library/Arduino15/packages/Seeeduino/tools/arm-none-eabi-gcc/9-2019q4/bin/../lib/gcc/arm-none-eabi/9.2.1/../../../../arm-none-eabi/lib/thumb/v7e-m+fp/hard/libc_nano.a(lib_a-malloc.o)
                0x000000000002985c                malloc
 .text.free     0x000000000002986c       0x10 /Users/cts/Library/Arduino15/packages/Seeeduino/tools/arm-none-eabi-gcc/9-2019q4/bin/../lib/gcc/arm-none-eabi/9.2.1/../../../../arm-none-eabi/lib/thumb/v7e-m+fp/hard/libc_nano.a(lib_a-malloc.o)
                0x000000000002986c                free
 .text.memcpy   0x000000000002987c       0x1c /Users/cts/Library/Arduino15/packages/Seeeduino/tools/arm-none-eabi-gcc/9-2019q4/bin/../lib/gcc/arm-none-eabi/9.2.1/../../../../arm-none-eabi/lib/thumb/v7e-m+fp/hard/libc_nano.a(lib_a-memcpy-stub.o)
                0x000000000002987c                memcpy
 .text.memset   0x0000000000029898       0x10 /Users/cts/Library/Arduino15/packages/Seeeduino/tools/arm-none-eabi-gcc/9-2019q4/bin/../lib/gcc/arm-none-eabi/9.2.1/../../../../arm-none-eabi/lib/thumb/v7e-m+fp/hard/libc_nano.a(lib_a-memset.o)
                0x0000000000029898                memset
 .text._free_r  0x00000000000298a8       0xa0 /Users/cts/Library/Arduino15/packages/Seeeduino/tools/arm-none-eabi-gcc/9-2019q4/bin/../lib/gcc/arm-none-eabi/9.2.1/../../../../arm-none-eabi/lib/thumb/v7e-m+fp/hard/libc_nano.a(lib_a-nano-freer.o)
                0x00000000000298a8                _free_r
 .text._malloc_r
                0x0000000000029948       0xb4 /Users/cts/Library/Arduino15/packages/Seeeduino/tools/arm-none-eabi-gcc/9-2019q4/bin/../lib/gcc/arm-none-eabi/9.2.1/../../../../arm-none-eabi/lib/thumb/v7e-m+fp/hard/libc_nano.a(lib_a-nano-mallocr.o)
                0x0000000000029948                _malloc_r
 .text.__cvt    0x00000000000299fc       0xc4 /Users/cts/Library/Arduino15/packages/Seeeduino/tools/arm-none-eabi-gcc/9-2019q4/bin/../lib/gcc/arm-none-eabi/9.2.1/../../../../arm-none-eabi/lib/thumb/v7e-m+fp/hard/libc_nano.a(lib_a-nano-vfprintf_float.o)
                0x00000000000299fc                __cvt
 .text.__exponent
                0x0000000000029ac0       0x7c /Users/cts/Library/Arduino15/packages/Seeeduino/tools/arm-none-eabi-gcc/9-2019q4/bin/../lib/gcc/arm-none-eabi/9.2.1/../../../../arm-none-eabi/lib/thumb/v7e-m+fp/hard/libc_nano.a(lib_a-nano-vfprintf_float.o)
                0x0000000000029ac0                __exponent
 .text._printf_float
                0x0000000000029b3c      0x46c /Users/cts/Library/Arduino15/packages/Seeeduino/tools/arm-none-eabi-gcc/9-2019q4/bin/../lib/gcc/arm-none-eabi/9.2.1/../../../../arm-none-eabi/lib/thumb/v7e-m+fp/hard/libc_nano.a(lib_a-nano-vfprintf_float.o)
                0x0000000000029b3c                _printf_float
 .text._printf_common
                0x0000000000029fa8       0xda /Users/cts/Library/Arduino15/packages/Seeeduino/tools/arm-none-eabi-gcc/9-2019q4/bin/../lib/gcc/arm-none-eabi/9.2.1/../../../../arm-none-eabi/lib/thumb/v7e-m+fp/hard/libc_nano.a(lib_a-nano-vfprintf_i.o)
                0x0000000000029fa8                _printf_common
 *fill*         0x000000000002a082        0x2 
 .text._sbrk_r  0x000000000002a084       0x20 /Users/cts/Library/Arduino15/packages/Seeeduino/tools/arm-none-eabi-gcc/9-2019q4/bin/../lib/gcc/arm-none-eabi/9.2.1/../../../../arm-none-eabi/lib/thumb/v7e-m+fp/hard/libc_nano.a(lib_a-sbrkr.o)
                0x000000000002a084                _sbrk_r
 .text          0x000000000002a0a4       0x10 /Users/cts/Library/Arduino15/packages/Seeeduino/tools/arm-none-eabi-gcc/9-2019q4/bin/../lib/gcc/arm-none-eabi/9.2.1/../../../../arm-none-eabi/lib/thumb/v7e-m+fp/hard/libc_nano.a(lib_a-strlen.o)
                0x000000000002a0a4                strlen
 .text.quorem   0x000000000002a0b4      0x116 /Users/cts/Library/Arduino15/packages/Seeeduino/tools/arm-none-eabi-gcc/9-2019q4/bin/../lib/gcc/arm-none-eabi/9.2.1/../../../../arm-none-eabi/lib/thumb/v7e-m+fp/hard/libc_nano.a(lib_a-dtoa.o)
 *fill*         0x000000000002a1ca        0x6 
 .text._dtoa_r  0x000000000002a1d0      0xbbc /Users/cts/Library/Arduino15/packages/Seeeduino/tools/arm-none-eabi-gcc/9-2019q4/bin/../lib/gcc/arm-none-eabi/9.2.1/../../../../arm-none-eabi/lib/thumb/v7e-m+fp/hard/libc_nano.a(lib_a-dtoa.o)
                0x000000000002a1d0                _dtoa_r
 .text._localeconv_r
                0x000000000002ad8c        0x8 /Users/cts/Library/Arduino15/packages/Seeeduino/tools/arm-none-eabi-gcc/9-2019q4/bin/../lib/gcc/arm-none-eabi/9.2.1/../../../../arm-none-eabi/lib/thumb/v7e-m+fp/hard/libc_nano.a(lib_a-localeconv.o)
                0x000000000002ad8c                _localeconv_r
 .text.__malloc_lock
                0x000000000002ad94        0xc /Users/cts/Library/Arduino15/packages/Seeeduino/tools/arm-none-eabi-gcc/9-2019q4/bin/../lib/gcc/arm-none-eabi/9.2.1/../../../../arm-none-eabi/lib/thumb/v7e-m+fp/hard/libc_nano.a(lib_a-mlock.o)
                0x000000000002ad94                __malloc_lock
 .text.__malloc_unlock
                0x000000000002ada0        0xc /Users/cts/Library/Arduino15/packages/Seeeduino/tools/arm-none-eabi-gcc/9-2019q4/bin/../lib/gcc/arm-none-eabi/9.2.1/../../../../arm-none-eabi/lib/thumb/v7e-m+fp/hard/libc_nano.a(lib_a-mlock.o)
                0x000000000002ada0                __malloc_unlock
 .text._Balloc  0x000000000002adac       0x68 /Users/cts/Library/Arduino15/packages/Seeeduino/tools/arm-none-eabi-gcc/9-2019q4/bin/../lib/gcc/arm-none-eabi/9.2.1/../../../../arm-none-eabi/lib/thumb/v7e-m+fp/hard/libc_nano.a(lib_a-mprec.o)
                0x000000000002adac                _Balloc
 .text._Bfree   0x000000000002ae14       0x2e /Users/cts/Library/Arduino15/packages/Seeeduino/tools/arm-none-eabi-gcc/9-2019q4/bin/../lib/gcc/arm-none-eabi/9.2.1/../../../../arm-none-eabi/lib/thumb/v7e-m+fp/hard/libc_nano.a(lib_a-mprec.o)
                0x000000000002ae14                _Bfree
 .text.__multadd
                0x000000000002ae42       0x7c /Users/cts/Library/Arduino15/packages/Seeeduino/tools/arm-none-eabi-gcc/9-2019q4/bin/../lib/gcc/arm-none-eabi/9.2.1/../../../../arm-none-eabi/lib/thumb/v7e-m+fp/hard/libc_nano.a(lib_a-mprec.o)
                0x000000000002ae42                __multadd
 .text.__hi0bits
                0x000000000002aebe       0x40 /Users/cts/Library/Arduino15/packages/Seeeduino/tools/arm-none-eabi-gcc/9-2019q4/bin/../lib/gcc/arm-none-eabi/9.2.1/../../../../arm-none-eabi/lib/thumb/v7e-m+fp/hard/libc_nano.a(lib_a-mprec.o)
                0x000000000002aebe                __hi0bits
 .text.__lo0bits
                0x000000000002aefe       0x60 /Users/cts/Library/Arduino15/packages/Seeeduino/tools/arm-none-eabi-gcc/9-2019q4/bin/../lib/gcc/arm-none-eabi/9.2.1/../../../../arm-none-eabi/lib/thumb/v7e-m+fp/hard/libc_nano.a(lib_a-mprec.o)
                0x000000000002aefe                __lo0bits
 .text.__i2b    0x000000000002af5e       0x12 /Users/cts/Library/Arduino15/packages/Seeeduino/tools/arm-none-eabi-gcc/9-2019q4/bin/../lib/gcc/arm-none-eabi/9.2.1/../../../../arm-none-eabi/lib/thumb/v7e-m+fp/hard/libc_nano.a(lib_a-mprec.o)
                0x000000000002af5e                __i2b
 .text.__multiply
                0x000000000002af70      0x138 /Users/cts/Library/Arduino15/packages/Seeeduino/tools/arm-none-eabi-gcc/9-2019q4/bin/../lib/gcc/arm-none-eabi/9.2.1/../../../../arm-none-eabi/lib/thumb/v7e-m+fp/hard/libc_nano.a(lib_a-mprec.o)
                0x000000000002af70                __multiply
 .text.__pow5mult
                0x000000000002b0a8       0x9c /Users/cts/Library/Arduino15/packages/Seeeduino/tools/arm-none-eabi-gcc/9-2019q4/bin/../lib/gcc/arm-none-eabi/9.2.1/../../../../arm-none-eabi/lib/thumb/v7e-m+fp/hard/libc_nano.a(lib_a-mprec.o)
                0x000000000002b0a8                __pow5mult
 .text.__lshift
                0x000000000002b144       0xbe /Users/cts/Library/Arduino15/packages/Seeeduino/tools/arm-none-eabi-gcc/9-2019q4/bin/../lib/gcc/arm-none-eabi/9.2.1/../../../../arm-none-eabi/lib/thumb/v7e-m+fp/hard/libc_nano.a(lib_a-mprec.o)
                0x000000000002b144                __lshift
 .text.__mcmp   0x000000000002b202       0x38 /Users/cts/Library/Arduino15/packages/Seeeduino/tools/arm-none-eabi-gcc/9-2019q4/bin/../lib/gcc/arm-none-eabi/9.2.1/../../../../arm-none-eabi/lib/thumb/v7e-m+fp/hard/libc_nano.a(lib_a-mprec.o)
                0x000000000002b202                __mcmp
 .text.__mdiff  0x000000000002b23a       0xec /Users/cts/Library/Arduino15/packages/Seeeduino/tools/arm-none-eabi-gcc/9-2019q4/bin/../lib/gcc/arm-none-eabi/9.2.1/../../../../arm-none-eabi/lib/thumb/v7e-m+fp/hard/libc_nano.a(lib_a-mprec.o)
                0x000000000002b23a                __mdiff
 .text.__d2b    0x000000000002b326       0xa0 /Users/cts/Library/Arduino15/packages/Seeeduino/tools/arm-none-eabi-gcc/9-2019q4/bin/../lib/gcc/arm-none-eabi/9.2.1/../../../../arm-none-eabi/lib/thumb/v7e-m+fp/hard/libc_nano.a(lib_a-mprec.o)
                0x000000000002b326                __d2b
 .text._calloc_r
                0x000000000002b3c6       0x1e /Users/cts/Library/Arduino15/packages/Seeeduino/tools/arm-none-eabi-gcc/9-2019q4/bin/../lib/gcc/arm-none-eabi/9.2.1/../../../../arm-none-eabi/lib/thumb/v7e-m+fp/hard/libc_nano.a(lib_a-nano-callocr.o)
                0x000000000002b3c6                _calloc_r
 .text.__retarget_lock_acquire_recursive
                0x000000000002b3e4        0x2 /Users/cts/Library/Arduino15/packages/Seeeduino/tools/arm-none-eabi-gcc/9-2019q4/bin/../lib/gcc/arm-none-eabi/9.2.1/../../../../arm-none-eabi/lib/thumb/v7e-m+fp/hard/libc_nano.a(lib_a-lock.o)
                0x000000000002b3e4                __retarget_lock_acquire_recursive
 .text.__retarget_lock_release_recursive
                0x000000000002b3e6        0x2 /Users/cts/Library/Arduino15/packages/Seeeduino/tools/arm-none-eabi-gcc/9-2019q4/bin/../lib/gcc/arm-none-eabi/9.2.1/../../../../arm-none-eabi/lib/thumb/v7e-m+fp/hard/libc_nano.a(lib_a-lock.o)
                0x000000000002b3e6                __retarget_lock_release_recursive
 .text.__ascii_mbtowc
                0x000000000002b3e8       0x24 /Users/cts/Library/Arduino15/packages/Seeeduino/tools/arm-none-eabi-gcc/9-2019q4/bin/../lib/gcc/arm-none-eabi/9.2.1/../../../../arm-none-eabi/lib/thumb/v7e-m+fp/hard/libc_nano.a(lib_a-mbtowc_r.o)
                0x000000000002b3e8                __ascii_mbtowc
 .text.__ascii_wctomb
                0x000000000002b40c       0x1a /Users/cts/Library/Arduino15/packages/Seeeduino/tools/arm-none-eabi-gcc/9-2019q4/bin/../lib/gcc/arm-none-eabi/9.2.1/../../../../arm-none-eabi/lib/thumb/v7e-m+fp/hard/libc_nano.a(lib_a-wctomb_r.o)
                0x000000000002b40c                __ascii_wctomb
 *fill*         0x000000000002b426        0x2 
 .text          0x000000000002b428      0x378 /Users/cts/Library/Arduino15/packages/Seeeduino/tools/arm-none-eabi-gcc/9-2019q4/bin/../lib/gcc/arm-none-eabi/9.2.1/thumb/v7e-m+fp/hard/libgcc.a(_arm_addsubdf3.o)
                0x000000000002b428                __aeabi_drsub
                0x000000000002b430                __subdf3
                0x000000000002b430                __aeabi_dsub
                0x000000000002b434                __aeabi_dadd
                0x000000000002b434                __adddf3
                0x000000000002b6ac                __aeabi_ui2d
                0x000000000002b6ac                __floatunsidf
                0x000000000002b6cc                __floatsidf
                0x000000000002b6cc                __aeabi_i2d
                0x000000000002b6f0                __extendsfdf2
                0x000000000002b6f0                __aeabi_f2d
                0x000000000002b734                __aeabi_ul2d
                0x000000000002b734                __floatundidf
                0x000000000002b744                __aeabi_l2d
                0x000000000002b744                __floatdidf
 .text          0x000000000002b7a0      0x424 /Users/cts/Library/Arduino15/packages/Seeeduino/tools/arm-none-eabi-gcc/9-2019q4/bin/../lib/gcc/arm-none-eabi/9.2.1/thumb/v7e-m+fp/hard/libgcc.a(_arm_muldivdf3.o)
                0x000000000002b7a0                __aeabi_dmul
                0x000000000002b7a0                __muldf3
                0x000000000002b9f4                __aeabi_ddiv
                0x000000000002b9f4                __divdf3
 .text          0x000000000002bbc4      0x110 /Users/cts/Library/Arduino15/packages/Seeeduino/tools/arm-none-eabi-gcc/9-2019q4/bin/../lib/gcc/arm-none-eabi/9.2.1/thumb/v7e-m+fp/hard/libgcc.a(_arm_cmpdf2.o)
                0x000000000002bbc4                __gedf2
                0x000000000002bbc4                __gtdf2
                0x000000000002bbcc                __ledf2
                0x000000000002bbcc                __ltdf2
                0x000000000002bbd4                __cmpdf2
                0x000000000002bbd4                __eqdf2
                0x000000000002bbd4                __nedf2
                0x000000000002bc50                __aeabi_cdrcmple
                0x000000000002bc60                __aeabi_cdcmple
                0x000000000002bc60                __aeabi_cdcmpeq
                0x000000000002bc70                __aeabi_dcmpeq
                0x000000000002bc84                __aeabi_dcmplt
                0x000000000002bc98                __aeabi_dcmple
                0x000000000002bcac                __aeabi_dcmpge
                0x000000000002bcc0                __aeabi_dcmpgt
 .text          0x000000000002bcd4       0x2c /Users/cts/Library/Arduino15/packages/Seeeduino/tools/arm-none-eabi-gcc/9-2019q4/bin/../lib/gcc/arm-none-eabi/9.2.1/thumb/v7e-m+fp/hard/libgcc.a(_arm_unorddf2.o)
                0x000000000002bcd4                __aeabi_dcmpun
                0x000000000002bcd4                __unorddf2
 .text          0x000000000002bd00       0x50 /Users/cts/Library/Arduino15/packages/Seeeduino/tools/arm-none-eabi-gcc/9-2019q4/bin/../lib/gcc/arm-none-eabi/9.2.1/thumb/v7e-m+fp/hard/libgcc.a(_arm_fixdfsi.o)
                0x000000000002bd00                __fixdfsi
                0x000000000002bd00                __aeabi_d2iz
 .text._sbrk    0x000000000002bd50       0x1c /Users/cts/Library/Arduino15/packages/Seeeduino/tools/arm-none-eabi-gcc/9-2019q4/bin/../lib/gcc/arm-none-eabi/9.2.1/../../../../arm-none-eabi/lib/thumb/v7e-m+fp/hard/libnosys.a(sbrk.o)
                0x000000000002bd50                _sbrk
 .text._exit    0x000000000002bd6c        0x4 /Users/cts/Library/Arduino15/packages/Seeeduino/tools/arm-none-eabi-gcc/9-2019q4/bin/../lib/gcc/arm-none-eabi/9.2.1/../../../../arm-none-eabi/lib/thumb/v7e-m+fp/hard/libnosys.a(_exit.o)
                0x000000000002bd6c                _exit
 *(.init)
 .init          0x000000000002bd70        0x4 /Users/cts/Library/Arduino15/packages/Seeeduino/tools/arm-none-eabi-gcc/9-2019q4/bin/../lib/gcc/arm-none-eabi/9.2.1/thumb/v7e-m+fp/hard/crti.o
                0x000000000002bd70                _init
 .init          0x000000000002bd74        0x8 /Users/cts/Library/Arduino15/packages/Seeeduino/tools/arm-none-eabi-gcc/9-2019q4/bin/../lib/gcc/arm-none-eabi/9.2.1/thumb/v7e-m+fp/hard/crtn.o
 *(.fini)
 .fini          0x000000000002bd7c        0x4 /Users/cts/Library/Arduino15/packages/Seeeduino/tools/arm-none-eabi-gcc/9-2019q4/bin/../lib/gcc/arm-none-eabi/9.2.1/thumb/v7e-m+fp/hard/crti.o
                0x000000000002bd7c                _fini
 .fini          0x000000000002bd80        0x8 /Users/cts/Library/Arduino15/packages/Seeeduino/tools/arm-none-eabi-gcc/9-2019q4/bin/../lib/gcc/arm-none-eabi/9.2.1/thumb/v7e-m+fp/hard/crtn.o
 *crtbegin.o(.ctors)
 *crtbegin?.o(.ctors)
 *(EXCLUDE_FILE(*crtend.o *crtend?.o) .ctors)
 *(SORT_BY_NAME(.ctors.*))
 *(.ctors)
 *crtbegin.o(.dtors)
 *crtbegin?.o(.dtors)
 *(EXCLUDE_FILE(*crtend.o *crtend?.o) .dtors)
 *(SORT_BY_NAME(.dtors.*))
 *(.dtors)
 *(.rodata*)
 .rodata.g_ADigitalPinMap
                0x000000000002bd88       0x84 /Users/cts/Library/Caches/arduino/sketches/8C404FC65045EB69AE368903C4D04CF0/core/variant.cpp.o
                0x000000000002bd88                g_ADigitalPinMap
 .rodata.xTimerCreateTimerTask.str1.4
                0x000000000002be0c       0x10 /Users/cts/Library/Caches/arduino/sketches/8C404FC65045EB69AE368903C4D04CF0/../../cores/Seeeduino_nrf52_xiaonRF52840_softdevice_s140v6,debug_l0_01aa0066e0197ed77093acf64aa9ebdc/core.a(timers.c.o)
 .rodata.main.str1.4
                0x000000000002be1c        0x5 /Users/cts/Library/Caches/arduino/sketches/8C404FC65045EB69AE368903C4D04CF0/../../cores/Seeeduino_nrf52_xiaonRF52840_softdevice_s140v6,debug_l0_01aa0066e0197ed77093acf64aa9ebdc/core.a(main.cpp.o)
 *fill*         0x000000000002be21        0x3 
 .rodata.ada_callback_init.str1.4
                0x000000000002be24        0x9 /Users/cts/Library/Caches/arduino/sketches/8C404FC65045EB69AE368903C4D04CF0/../../cores/Seeeduino_nrf52_xiaonRF52840_softdevice_s140v6,debug_l0_01aa0066e0197ed77093acf64aa9ebdc/core.a(AdaCallback.c.o)
 *fill*         0x000000000002be2d        0x3 
 .rodata._global_impure_ptr
                0x000000000002be30        0x4 /Users/cts/Library/Arduino15/packages/Seeeduino/tools/arm-none-eabi-gcc/9-2019q4/bin/../lib/gcc/arm-none-eabi/9.2.1/../../../../arm-none-eabi/lib/thumb/v7e-m+fp/hard/libc_nano.a(lib_a-impure.o)
                0x000000000002be30                _global_impure_ptr
 .rodata._printf_float.str1.1
                0x000000000002be34       0x12 /Users/cts/Library/Arduino15/packages/Seeeduino/tools/arm-none-eabi-gcc/9-2019q4/bin/../lib/gcc/arm-none-eabi/9.2.1/../../../../arm-none-eabi/lib/thumb/v7e-m+fp/hard/libc_nano.a(lib_a-nano-vfprintf_float.o)
 .rodata._dtoa_r.str1.1
                0x000000000002be46        0xd /Users/cts/Library/Arduino15/packages/Seeeduino/tools/arm-none-eabi-gcc/9-2019q4/bin/../lib/gcc/arm-none-eabi/9.2.1/../../../../arm-none-eabi/lib/thumb/v7e-m+fp/hard/libc_nano.a(lib_a-dtoa.o)
                                          0xf (size before relaxing)
 *fill*         0x000000000002be53        0x5 
 .rodata.__mprec_bigtens
                0x000000000002be58       0x28 /Users/cts/Library/Arduino15/packages/Seeeduino/tools/arm-none-eabi-gcc/9-2019q4/bin/../lib/gcc/arm-none-eabi/9.2.1/../../../../arm-none-eabi/lib/thumb/v7e-m+fp/hard/libc_nano.a(lib_a-mprec.o)
                0x000000000002be58                __mprec_bigtens
 .rodata.__mprec_tens
                0x000000000002be80       0xc8 /Users/cts/Library/Arduino15/packages/Seeeduino/tools/arm-none-eabi-gcc/9-2019q4/bin/../lib/gcc/arm-none-eabi/9.2.1/../../../../arm-none-eabi/lib/thumb/v7e-m+fp/hard/libc_nano.a(lib_a-mprec.o)
                0x000000000002be80                __mprec_tens
 .rodata.p05.7490
                0x000000000002bf48        0xc /Users/cts/Library/Arduino15/packages/Seeeduino/tools/arm-none-eabi-gcc/9-2019q4/bin/../lib/gcc/arm-none-eabi/9.2.1/../../../../arm-none-eabi/lib/thumb/v7e-m+fp/hard/libc_nano.a(lib_a-mprec.o)
 .rodata._setlocale_r.str1.1
                0x000000000002bf54        0x8 /Users/cts/Library/Arduino15/packages/Seeeduino/tools/arm-none-eabi-gcc/9-2019q4/bin/../lib/gcc/arm-none-eabi/9.2.1/../../../../arm-none-eabi/lib/thumb/v7e-m+fp/hard/libc_nano.a(lib_a-locale.o)
                                          0x9 (size before relaxing)
 .rodata.str1.1
                0x000000000002bf5c        0x2 /Users/cts/Library/Arduino15/packages/Seeeduino/tools/arm-none-eabi-gcc/9-2019q4/bin/../lib/gcc/arm-none-eabi/9.2.1/../../../../arm-none-eabi/lib/thumb/v7e-m+fp/hard/libc_nano.a(lib_a-locale.o)
 .rodata._ctype_
                0x000000000002bf5e      0x101 /Users/cts/Library/Arduino15/packages/Seeeduino/tools/arm-none-eabi-gcc/9-2019q4/bin/../lib/gcc/arm-none-eabi/9.2.1/../../../../arm-none-eabi/lib/thumb/v7e-m+fp/hard/libc_nano.a(lib_a-ctype_.o)
                0x000000000002bf5e                _ctype_
 *(.eh_frame*)
 *fill*         0x000000000002c05f        0x1 
 .eh_frame      0x000000000002c060        0x0 /Users/cts/Library/Arduino15/packages/Seeeduino/tools/arm-none-eabi-gcc/9-2019q4/bin/../lib/gcc/arm-none-eabi/9.2.1/thumb/v7e-m+fp/hard/crtbegin.o
 .eh_frame      0x000000000002c060        0x4 /Users/cts/Library/Arduino15/packages/Seeeduino/tools/arm-none-eabi-gcc/9-2019q4/bin/../lib/gcc/arm-none-eabi/9.2.1/thumb/v7e-m+fp/hard/crtend.o

.glue_7         0x000000000002c064        0x0
 .glue_7        0x000000000002c064        0x0 linker stubs

.glue_7t        0x000000000002c064        0x0
 .glue_7t       0x000000000002c064        0x0 linker stubs

.vfp11_veneer   0x000000000002c064        0x0
 .vfp11_veneer  0x000000000002c064        0x0 linker stubs

.v4_bx          0x000000000002c064        0x0
 .v4_bx         0x000000000002c064        0x0 linker stubs

.iplt           0x000000000002c064        0x0
 .iplt          0x000000000002c064        0x0 /Users/cts/Library/Arduino15/packages/Seeeduino/tools/arm-none-eabi-gcc/9-2019q4/bin/../lib/gcc/arm-none-eabi/9.2.1/thumb/v7e-m+fp/hard/crtfastmath.o

.ARM.extab
 *(.ARM.extab* .gnu.linkonce.armextab.*)
                0x000000000002c064                __exidx_start = .

.ARM.exidx      0x000000000002c064        0x8
 *(.ARM.exidx* .gnu.linkonce.armexidx.*)
 .ARM.exidx     0x000000000002c064        0x8 /Users/cts/Library/Arduino15/packages/Seeeduino/tools/arm-none-eabi-gcc/9-2019q4/bin/../lib/gcc/arm-none-eabi/9.2.1/../../../../arm-none-eabi/lib/thumb/v7e-m+fp/hard/crt0.o
 .ARM.exidx     0x000000000002c06c        0x0 /Users/cts/Library/Arduino15/packages/Seeeduino/tools/arm-none-eabi-gcc/9-2019q4/bin/../lib/gcc/arm-none-eabi/9.2.1/thumb/v7e-m+fp/hard/libgcc.a(_udivmoddi4.o)
                                          0x8 (size before relaxing)
                0x000000000002c06c                __exidx_end = .
                0x000000000002c06c                __etext = .

.rel.dyn        0x000000000002c06c        0x0
 .rel.iplt      0x000000000002c06c        0x0 /Users/cts/Library/Arduino15/packages/Seeeduino/tools/arm-none-eabi-gcc/9-2019q4/bin/../lib/gcc/arm-none-eabi/9.2.1/thumb/v7e-m+fp/hard/crtfastmath.o

.data           0x0000000020006000      0x1e0 load address 0x000000000002c06c
                0x0000000020006000                __data_start__ = .
 *(vtable)
 *(.data*)
 .data.SystemCoreClock
                0x0000000020006000        0x4 /Users/cts/Library/Caches/arduino/sketches/8C404FC65045EB69AE368903C4D04CF0/../../cores/Seeeduino_nrf52_xiaonRF52840_softdevice_s140v6,debug_l0_01aa0066e0197ed77093acf64aa9ebdc/core.a(system_nrf52.c.o)
                0x0000000020006000                SystemCoreClock
 .data._impure_ptr
                0x0000000020006004        0x4 /Users/cts/Library/Arduino15/packages/Seeeduino/tools/arm-none-eabi-gcc/9-2019q4/bin/../lib/gcc/arm-none-eabi/9.2.1/../../../../arm-none-eabi/lib/thumb/v7e-m+fp/hard/libc_nano.a(lib_a-impure.o)
                0x0000000020006004                _impure_ptr
 .data.impure_data
                0x0000000020006008       0x60 /Users/cts/Library/Arduino15/packages/Seeeduino/tools/arm-none-eabi-gcc/9-2019q4/bin/../lib/gcc/arm-none-eabi/9.2.1/../../../../arm-none-eabi/lib/thumb/v7e-m+fp/hard/libc_nano.a(lib_a-impure.o)
 .data.__global_locale
                0x0000000020006068      0x16c /Users/cts/Library/Arduino15/packages/Seeeduino/tools/arm-none-eabi-gcc/9-2019q4/bin/../lib/gcc/arm-none-eabi/9.2.1/../../../../arm-none-eabi/lib/thumb/v7e-m+fp/hard/libc_nano.a(lib_a-locale.o)
                0x0000000020006068                __global_locale
                0x00000000200061d4                . = ALIGN (0x4)
                0x00000000200061d4                PROVIDE (__preinit_array_start = .)
 *(.preinit_array)
                0x00000000200061d4                PROVIDE (__preinit_array_end = .)
                0x00000000200061d4                . = ALIGN (0x4)
                0x00000000200061d4                PROVIDE (__init_array_start = .)
 *(SORT_BY_NAME(.init_array.*))
 *(.init_array)
 .init_array    0x00000000200061d4        0x4 /Users/cts/Library/Arduino15/packages/Seeeduino/tools/arm-none-eabi-gcc/9-2019q4/bin/../lib/gcc/arm-none-eabi/9.2.1/thumb/v7e-m+fp/hard/crtfastmath.o
 .init_array    0x00000000200061d8        0x4 /Users/cts/Library/Arduino15/packages/Seeeduino/tools/arm-none-eabi-gcc/9-2019q4/bin/../lib/gcc/arm-none-eabi/9.2.1/thumb/v7e-m+fp/hard/crtbegin.o
                0x00000000200061dc                PROVIDE (__init_array_end = .)
                0x00000000200061dc                . = ALIGN (0x4)
                [!provide]                        PROVIDE (__fini_array_start = .)
 *(SORT_BY_NAME(.fini_array.*))
 *(.fini_array)
 .fini_array    0x00000000200061dc        0x4 /Users/cts/Library/Arduino15/packages/Seeeduino/tools/arm-none-eabi-gcc/9-2019q4/bin/../lib/gcc/arm-none-eabi/9.2.1/thumb/v7e-m+fp/hard/crtbegin.o
                [!provide]                        PROVIDE (__fini_array_end = .)
 *(.jcr*)
                0x00000000200061e0                . = ALIGN (0x4)
                0x00000000200061e0                __data_end__ = .
LOAD /Users/cts/Library/Arduino15/packages/Seeeduino/tools/arm-none-eabi-gcc/9-2019q4/bin/../lib/gcc/arm-none-eabi/9.2.1/thumb/v7e-m+fp/hard/crtfastmath.o
LOAD /Users/cts/Library/Arduino15/packages/Seeeduino/tools/arm-none-eabi-gcc/9-2019q4/bin/../lib/gcc/arm-none-eabi/9.2.1/thumb/v7e-m+fp/hard/crti.o
LOAD /Users/cts/Library/Arduino15/packages/Seeeduino/tools/arm-none-eabi-gcc/9-2019q4/bin/../lib/gcc/arm-none-eabi/9.2.1/thumb/v7e-m+fp/hard/crtbegin.o
LOAD /Users/cts/Library/Arduino15/packages/Seeeduino/tools/arm-none-eabi-gcc/9-2019q4/bin/../lib/gcc/arm-none-eabi/9.2.1/../../../../arm-none-eabi/lib/thumb/v7e-m+fp/hard/crt0.o
LOAD /Users/cts/Library/Caches/arduino/sketches/8C404FC65045EB69AE368903C4D04CF0/sketch/NRF52840Blink.ino.cpp.o
LOAD /Users/cts/Library/Caches/arduino/sketches/8C404FC65045EB69AE368903C4D04CF0/core/variant.cpp.o
START GROUP
LOAD /Users/cts/Library/Arduino15/packages/Seeeduino/tools/CMSIS/5.7.0/CMSIS/DSP/Lib/GCC//libarm_cortexM4lf_math.a
LOAD /Users/cts/Library/Caches/arduino/sketches/8C404FC65045EB69AE368903C4D04CF0/../../cores/Seeeduino_nrf52_xiaonRF52840_softdevice_s140v6,debug_l0_01aa0066e0197ed77093acf64aa9ebdc/core.a
END GROUP
LOAD /Users/cts/Library/Arduino15/packages/Seeeduino/tools/arm-none-eabi-gcc/9-2019q4/bin/../lib/gcc/arm-none-eabi/9.2.1/../../../../arm-none-eabi/lib/thumb/v7e-m+fp/hard/libstdc++_nano.a
LOAD /Users/cts/Library/Arduino15/packages/Seeeduino/tools/arm-none-eabi-gcc/9-2019q4/bin/../lib/gcc/arm-none-eabi/9.2.1/../../../../arm-none-eabi/lib/thumb/v7e-m+fp/hard/libm.a
START GROUP
LOAD /Users/cts/Library/Arduino15/packages/Seeeduino/tools/arm-none-eabi-gcc/9-2019q4/bin/../lib/gcc/arm-none-eabi/9.2.1/thumb/v7e-m+fp/hard/libgcc.a
LOAD /Users/cts/Library/Arduino15/packages/Seeeduino/tools/arm-none-eabi-gcc/9-2019q4/bin/../lib/gcc/arm-none-eabi/9.2.1/../../../../arm-none-eabi/lib/thumb/v7e-m+fp/hard/libc_nano.a
END GROUP
START GROUP
LOAD /Users/cts/Library/Arduino15/packages/Seeeduino/tools/arm-none-eabi-gcc/9-2019q4/bin/../lib/gcc/arm-none-eabi/9.2.1/thumb/v7e-m+fp/hard/libgcc.a
LOAD /Users/cts/Library/Arduino15/packages/Seeeduino/tools/arm-none-eabi-gcc/9-2019q4/bin/../lib/gcc/arm-none-eabi/9.2.1/../../../../arm-none-eabi/lib/thumb/v7e-m+fp/hard/libc_nano.a
LOAD /Users/cts/Library/Arduino15/packages/Seeeduino/tools/arm-none-eabi-gcc/9-2019q4/bin/../lib/gcc/arm-none-eabi/9.2.1/../../../../arm-none-eabi/lib/thumb/v7e-m+fp/hard/libnosys.a
END GROUP
START GROUP
LOAD /Users/cts/Library/Arduino15/packages/Seeeduino/tools/arm-none-eabi-gcc/9-2019q4/bin/../lib/gcc/arm-none-eabi/9.2.1/thumb/v7e-m+fp/hard/libgcc.a
LOAD /Users/cts/Library/Arduino15/packages/Seeeduino/tools/arm-none-eabi-gcc/9-2019q4/bin/../lib/gcc/arm-none-eabi/9.2.1/../../../../arm-none-eabi/lib/thumb/v7e-m+fp/hard/libc_nano.a
LOAD /Users/cts/Library/Arduino15/packages/Seeeduino/tools/arm-none-eabi-gcc/9-2019q4/bin/../lib/gcc/arm-none-eabi/9.2.1/../../../../arm-none-eabi/lib/thumb/v7e-m+fp/hard/libnosys.a
END GROUP
LOAD /Users/cts/Library/Arduino15/packages/Seeeduino/tools/arm-none-eabi-gcc/9-2019q4/bin/../lib/gcc/arm-none-eabi/9.2.1/thumb/v7e-m+fp/hard/crtend.o
LOAD /Users/cts/Library/Arduino15/packages/Seeeduino/tools/arm-none-eabi-gcc/9-2019q4/bin/../lib/gcc/arm-none-eabi/9.2.1/thumb/v7e-m+fp/hard/crtn.o
START GROUP
LOAD /Users/cts/Library/Arduino15/packages/Seeeduino/tools/arm-none-eabi-gcc/9-2019q4/bin/../lib/gcc/arm-none-eabi/9.2.1/thumb/v7e-m+fp/hard/libgcc.a
LOAD /Users/cts/Library/Arduino15/packages/Seeeduino/tools/arm-none-eabi-gcc/9-2019q4/bin/../lib/gcc/arm-none-eabi/9.2.1/../../../../arm-none-eabi/lib/thumb/v7e-m+fp/hard/libc.a
LOAD /Users/cts/Library/Arduino15/packages/Seeeduino/tools/arm-none-eabi-gcc/9-2019q4/bin/../lib/gcc/arm-none-eabi/9.2.1/../../../../arm-none-eabi/lib/thumb/v7e-m+fp/hard/libnosys.a
END GROUP

.igot.plt       0x00000000200061e0        0x0 load address 0x000000000002c24c
 .igot.plt      0x00000000200061e0        0x0 /Users/cts/Library/Arduino15/packages/Seeeduino/tools/arm-none-eabi-gcc/9-2019q4/bin/../lib/gcc/arm-none-eabi/9.2.1/thumb/v7e-m+fp/hard/crtfastmath.o
                0x00000000200061e0                . = ALIGN (0x4)

.svc_data       0x00000000200061e0        0x0
                [!provide]                        PROVIDE (__start_svc_data = .)
 *(.svc_data)
                [!provide]                        PROVIDE (__stop_svc_data = .)

.fs_data        0x00000000200061e0        0x0
                [!provide]                        PROVIDE (__start_fs_data = .)
 *(.fs_data)
                [!provide]                        PROVIDE (__stop_fs_data = .)

.bss            0x00000000200061e0      0xa38 load address 0x000000000002c24c
                0x00000000200061e0                . = ALIGN (0x4)
                0x00000000200061e0                __bss_start__ = .
 *(.bss*)
 .bss           0x00000000200061e0       0x1c /Users/cts/Library/Arduino15/packages/Seeeduino/tools/arm-none-eabi-gcc/9-2019q4/bin/../lib/gcc/arm-none-eabi/9.2.1/thumb/v7e-m+fp/hard/crtbegin.o
 .bss.pxCurrentTCB
                0x00000000200061fc        0x4 /Users/cts/Library/Caches/arduino/sketches/8C404FC65045EB69AE368903C4D04CF0/../../cores/Seeeduino_nrf52_xiaonRF52840_softdevice_s140v6,debug_l0_01aa0066e0197ed77093acf64aa9ebdc/core.a(tasks.c.o)
                0x00000000200061fc                pxCurrentTCB
 .bss.pxDelayedTaskList
                0x0000000020006200        0x4 /Users/cts/Library/Caches/arduino/sketches/8C404FC65045EB69AE368903C4D04CF0/../../cores/Seeeduino_nrf52_xiaonRF52840_softdevice_s140v6,debug_l0_01aa0066e0197ed77093acf64aa9ebdc/core.a(tasks.c.o)
 .bss.pxOverflowDelayedTaskList
                0x0000000020006204        0x4 /Users/cts/Library/Caches/arduino/sketches/8C404FC65045EB69AE368903C4D04CF0/../../cores/Seeeduino_nrf52_xiaonRF52840_softdevice_s140v6,debug_l0_01aa0066e0197ed77093acf64aa9ebdc/core.a(tasks.c.o)
 .bss.pxReadyTasksLists
                0x0000000020006208       0x64 /Users/cts/Library/Caches/arduino/sketches/8C404FC65045EB69AE368903C4D04CF0/../../cores/Seeeduino_nrf52_xiaonRF52840_softdevice_s140v6,debug_l0_01aa0066e0197ed77093acf64aa9ebdc/core.a(tasks.c.o)
 .bss.uxCurrentNumberOfTasks
                0x000000002000626c        0x4 /Users/cts/Library/Caches/arduino/sketches/8C404FC65045EB69AE368903C4D04CF0/../../cores/Seeeduino_nrf52_xiaonRF52840_softdevice_s140v6,debug_l0_01aa0066e0197ed77093acf64aa9ebdc/core.a(tasks.c.o)
 .bss.uxDeletedTasksWaitingCleanUp
                0x0000000020006270        0x4 /Users/cts/Library/Caches/arduino/sketches/8C404FC65045EB69AE368903C4D04CF0/../../cores/Seeeduino_nrf52_xiaonRF52840_softdevice_s140v6,debug_l0_01aa0066e0197ed77093acf64aa9ebdc/core.a(tasks.c.o)
 .bss.uxPendedTicks
                0x0000000020006274        0x4 /Users/cts/Library/Caches/arduino/sketches/8C404FC65045EB69AE368903C4D04CF0/../../cores/Seeeduino_nrf52_xiaonRF52840_softdevice_s140v6,debug_l0_01aa0066e0197ed77093acf64aa9ebdc/core.a(tasks.c.o)
 .bss.uxSchedulerSuspended
                0x0000000020006278        0x4 /Users/cts/Library/Caches/arduino/sketches/8C404FC65045EB69AE368903C4D04CF0/../../cores/Seeeduino_nrf52_xiaonRF52840_softdevice_s140v6,debug_l0_01aa0066e0197ed77093acf64aa9ebdc/core.a(tasks.c.o)
 .bss.uxTaskNumber
                0x000000002000627c        0x4 /Users/cts/Library/Caches/arduino/sketches/8C404FC65045EB69AE368903C4D04CF0/../../cores/Seeeduino_nrf52_xiaonRF52840_softdevice_s140v6,debug_l0_01aa0066e0197ed77093acf64aa9ebdc/core.a(tasks.c.o)
 .bss.uxTopReadyPriority
                0x0000000020006280        0x4 /Users/cts/Library/Caches/arduino/sketches/8C404FC65045EB69AE368903C4D04CF0/../../cores/Seeeduino_nrf52_xiaonRF52840_softdevice_s140v6,debug_l0_01aa0066e0197ed77093acf64aa9ebdc/core.a(tasks.c.o)
 .bss.xDelayedTaskList1
                0x0000000020006284       0x14 /Users/cts/Library/Caches/arduino/sketches/8C404FC65045EB69AE368903C4D04CF0/../../cores/Seeeduino_nrf52_xiaonRF52840_softdevice_s140v6,debug_l0_01aa0066e0197ed77093acf64aa9ebdc/core.a(tasks.c.o)
 .bss.xDelayedTaskList2
                0x0000000020006298       0x14 /Users/cts/Library/Caches/arduino/sketches/8C404FC65045EB69AE368903C4D04CF0/../../cores/Seeeduino_nrf52_xiaonRF52840_softdevice_s140v6,debug_l0_01aa0066e0197ed77093acf64aa9ebdc/core.a(tasks.c.o)
 .bss.xIdleTaskHandle
                0x00000000200062ac        0x4 /Users/cts/Library/Caches/arduino/sketches/8C404FC65045EB69AE368903C4D04CF0/../../cores/Seeeduino_nrf52_xiaonRF52840_softdevice_s140v6,debug_l0_01aa0066e0197ed77093acf64aa9ebdc/core.a(tasks.c.o)
 .bss.xNextTaskUnblockTime
                0x00000000200062b0        0x4 /Users/cts/Library/Caches/arduino/sketches/8C404FC65045EB69AE368903C4D04CF0/../../cores/Seeeduino_nrf52_xiaonRF52840_softdevice_s140v6,debug_l0_01aa0066e0197ed77093acf64aa9ebdc/core.a(tasks.c.o)
 .bss.xNumOfOverflows
                0x00000000200062b4        0x4 /Users/cts/Library/Caches/arduino/sketches/8C404FC65045EB69AE368903C4D04CF0/../../cores/Seeeduino_nrf52_xiaonRF52840_softdevice_s140v6,debug_l0_01aa0066e0197ed77093acf64aa9ebdc/core.a(tasks.c.o)
 .bss.xPendingReadyList
                0x00000000200062b8       0x14 /Users/cts/Library/Caches/arduino/sketches/8C404FC65045EB69AE368903C4D04CF0/../../cores/Seeeduino_nrf52_xiaonRF52840_softdevice_s140v6,debug_l0_01aa0066e0197ed77093acf64aa9ebdc/core.a(tasks.c.o)
 .bss.xSchedulerRunning
                0x00000000200062cc        0x4 /Users/cts/Library/Caches/arduino/sketches/8C404FC65045EB69AE368903C4D04CF0/../../cores/Seeeduino_nrf52_xiaonRF52840_softdevice_s140v6,debug_l0_01aa0066e0197ed77093acf64aa9ebdc/core.a(tasks.c.o)
 .bss.xSuspendedTaskList
                0x00000000200062d0       0x14 /Users/cts/Library/Caches/arduino/sketches/8C404FC65045EB69AE368903C4D04CF0/../../cores/Seeeduino_nrf52_xiaonRF52840_softdevice_s140v6,debug_l0_01aa0066e0197ed77093acf64aa9ebdc/core.a(tasks.c.o)
 .bss.xTasksWaitingTermination
                0x00000000200062e4       0x14 /Users/cts/Library/Caches/arduino/sketches/8C404FC65045EB69AE368903C4D04CF0/../../cores/Seeeduino_nrf52_xiaonRF52840_softdevice_s140v6,debug_l0_01aa0066e0197ed77093acf64aa9ebdc/core.a(tasks.c.o)
 .bss.xTickCount
                0x00000000200062f8        0x4 /Users/cts/Library/Caches/arduino/sketches/8C404FC65045EB69AE368903C4D04CF0/../../cores/Seeeduino_nrf52_xiaonRF52840_softdevice_s140v6,debug_l0_01aa0066e0197ed77093acf64aa9ebdc/core.a(tasks.c.o)
 .bss.xYieldPending
                0x00000000200062fc        0x4 /Users/cts/Library/Caches/arduino/sketches/8C404FC65045EB69AE368903C4D04CF0/../../cores/Seeeduino_nrf52_xiaonRF52840_softdevice_s140v6,debug_l0_01aa0066e0197ed77093acf64aa9ebdc/core.a(tasks.c.o)
 .bss.pxCurrentTimerList
                0x0000000020006300        0x4 /Users/cts/Library/Caches/arduino/sketches/8C404FC65045EB69AE368903C4D04CF0/../../cores/Seeeduino_nrf52_xiaonRF52840_softdevice_s140v6,debug_l0_01aa0066e0197ed77093acf64aa9ebdc/core.a(timers.c.o)
 .bss.pxOverflowTimerList
                0x0000000020006304        0x4 /Users/cts/Library/Caches/arduino/sketches/8C404FC65045EB69AE368903C4D04CF0/../../cores/Seeeduino_nrf52_xiaonRF52840_softdevice_s140v6,debug_l0_01aa0066e0197ed77093acf64aa9ebdc/core.a(timers.c.o)
 .bss.ucStaticTimerQueueStorage.9620
                0x0000000020006308      0x200 /Users/cts/Library/Caches/arduino/sketches/8C404FC65045EB69AE368903C4D04CF0/../../cores/Seeeduino_nrf52_xiaonRF52840_softdevice_s140v6,debug_l0_01aa0066e0197ed77093acf64aa9ebdc/core.a(timers.c.o)
 .bss.xActiveTimerList1
                0x0000000020006508       0x14 /Users/cts/Library/Caches/arduino/sketches/8C404FC65045EB69AE368903C4D04CF0/../../cores/Seeeduino_nrf52_xiaonRF52840_softdevice_s140v6,debug_l0_01aa0066e0197ed77093acf64aa9ebdc/core.a(timers.c.o)
 .bss.xActiveTimerList2
                0x000000002000651c       0x14 /Users/cts/Library/Caches/arduino/sketches/8C404FC65045EB69AE368903C4D04CF0/../../cores/Seeeduino_nrf52_xiaonRF52840_softdevice_s140v6,debug_l0_01aa0066e0197ed77093acf64aa9ebdc/core.a(timers.c.o)
 .bss.xLastTime.9573
                0x0000000020006530        0x4 /Users/cts/Library/Caches/arduino/sketches/8C404FC65045EB69AE368903C4D04CF0/../../cores/Seeeduino_nrf52_xiaonRF52840_softdevice_s140v6,debug_l0_01aa0066e0197ed77093acf64aa9ebdc/core.a(timers.c.o)
 .bss.xStaticTimerQueue.9619
                0x0000000020006534       0x50 /Users/cts/Library/Caches/arduino/sketches/8C404FC65045EB69AE368903C4D04CF0/../../cores/Seeeduino_nrf52_xiaonRF52840_softdevice_s140v6,debug_l0_01aa0066e0197ed77093acf64aa9ebdc/core.a(timers.c.o)
 .bss.xTimerQueue
                0x0000000020006584        0x4 /Users/cts/Library/Caches/arduino/sketches/8C404FC65045EB69AE368903C4D04CF0/../../cores/Seeeduino_nrf52_xiaonRF52840_softdevice_s140v6,debug_l0_01aa0066e0197ed77093acf64aa9ebdc/core.a(timers.c.o)
 .bss.xTimerTaskHandle
                0x0000000020006588        0x4 /Users/cts/Library/Caches/arduino/sketches/8C404FC65045EB69AE368903C4D04CF0/../../cores/Seeeduino_nrf52_xiaonRF52840_softdevice_s140v6,debug_l0_01aa0066e0197ed77093acf64aa9ebdc/core.a(timers.c.o)
 .bss.uxCriticalNesting
                0x000000002000658c        0x4 /Users/cts/Library/Caches/arduino/sketches/8C404FC65045EB69AE368903C4D04CF0/../../cores/Seeeduino_nrf52_xiaonRF52840_softdevice_s140v6,debug_l0_01aa0066e0197ed77093acf64aa9ebdc/core.a(port_cmsis.c.o)
 .bss._ZL11_loopHandle
                0x0000000020006590        0x4 /Users/cts/Library/Caches/arduino/sketches/8C404FC65045EB69AE368903C4D04CF0/../../cores/Seeeduino_nrf52_xiaonRF52840_softdevice_s140v6,debug_l0_01aa0066e0197ed77093acf64aa9ebdc/core.a(main.cpp.o)
 .bss._ZZ29vApplicationGetIdleTaskMemoryE12xIdleTaskTCB
                0x0000000020006594       0x54 /Users/cts/Library/Caches/arduino/sketches/8C404FC65045EB69AE368903C4D04CF0/../../cores/Seeeduino_nrf52_xiaonRF52840_softdevice_s140v6,debug_l0_01aa0066e0197ed77093acf64aa9ebdc/core.a(rtos.cpp.o)
 .bss._ZZ29vApplicationGetIdleTaskMemoryE15uxIdleTaskStack
                0x00000000200065e8      0x190 /Users/cts/Library/Caches/arduino/sketches/8C404FC65045EB69AE368903C4D04CF0/../../cores/Seeeduino_nrf52_xiaonRF52840_softdevice_s140v6,debug_l0_01aa0066e0197ed77093acf64aa9ebdc/core.a(rtos.cpp.o)
 .bss._ZZ30vApplicationGetTimerTaskMemoryE13xTimerTaskTCB
                0x0000000020006778       0x54 /Users/cts/Library/Caches/arduino/sketches/8C404FC65045EB69AE368903C4D04CF0/../../cores/Seeeduino_nrf52_xiaonRF52840_softdevice_s140v6,debug_l0_01aa0066e0197ed77093acf64aa9ebdc/core.a(rtos.cpp.o)
 .bss._ZZ30vApplicationGetTimerTaskMemoryE16uxTimerTaskStack
                0x00000000200067cc      0x400 /Users/cts/Library/Caches/arduino/sketches/8C404FC65045EB69AE368903C4D04CF0/../../cores/Seeeduino_nrf52_xiaonRF52840_softdevice_s140v6,debug_l0_01aa0066e0197ed77093acf64aa9ebdc/core.a(rtos.cpp.o)
 .bss._cb_qdepth
                0x0000000020006bcc        0x4 /Users/cts/Library/Caches/arduino/sketches/8C404FC65045EB69AE368903C4D04CF0/../../cores/Seeeduino_nrf52_xiaonRF52840_softdevice_s140v6,debug_l0_01aa0066e0197ed77093acf64aa9ebdc/core.a(AdaCallback.c.o)
 .bss._cb_queue
                0x0000000020006bd0        0x4 /Users/cts/Library/Caches/arduino/sketches/8C404FC65045EB69AE368903C4D04CF0/../../cores/Seeeduino_nrf52_xiaonRF52840_softdevice_s140v6,debug_l0_01aa0066e0197ed77093acf64aa9ebdc/core.a(AdaCallback.c.o)
 .bss._cb_task  0x0000000020006bd4        0x4 /Users/cts/Library/Caches/arduino/sketches/8C404FC65045EB69AE368903C4D04CF0/../../cores/Seeeduino_nrf52_xiaonRF52840_softdevice_s140v6,debug_l0_01aa0066e0197ed77093acf64aa9ebdc/core.a(AdaCallback.c.o)
 .bss._reset_reason
                0x0000000020006bd8        0x4 /Users/cts/Library/Caches/arduino/sketches/8C404FC65045EB69AE368903C4D04CF0/../../cores/Seeeduino_nrf52_xiaonRF52840_softdevice_s140v6,debug_l0_01aa0066e0197ed77093acf64aa9ebdc/core.a(wiring.c.o)
 .bss.bootloaderVersion
                0x0000000020006bdc        0x4 /Users/cts/Library/Caches/arduino/sketches/8C404FC65045EB69AE368903C4D04CF0/../../cores/Seeeduino_nrf52_xiaonRF52840_softdevice_s140v6,debug_l0_01aa0066e0197ed77093acf64aa9ebdc/core.a(wiring.c.o)
                0x0000000020006bdc                bootloaderVersion
 .bss.__malloc_free_list
                0x0000000020006be0        0x4 /Users/cts/Library/Arduino15/packages/Seeeduino/tools/arm-none-eabi-gcc/9-2019q4/bin/../lib/gcc/arm-none-eabi/9.2.1/../../../../arm-none-eabi/lib/thumb/v7e-m+fp/hard/libc_nano.a(lib_a-nano-mallocr.o)
                0x0000000020006be0                __malloc_free_list
 .bss.__malloc_sbrk_start
                0x0000000020006be4        0x4 /Users/cts/Library/Arduino15/packages/Seeeduino/tools/arm-none-eabi-gcc/9-2019q4/bin/../lib/gcc/arm-none-eabi/9.2.1/../../../../arm-none-eabi/lib/thumb/v7e-m+fp/hard/libc_nano.a(lib_a-nano-mallocr.o)
                0x0000000020006be4                __malloc_sbrk_start
 .bss.heap_end.5507
                0x0000000020006be8        0x4 /Users/cts/Library/Arduino15/packages/Seeeduino/tools/arm-none-eabi-gcc/9-2019q4/bin/../lib/gcc/arm-none-eabi/9.2.1/../../../../arm-none-eabi/lib/thumb/v7e-m+fp/hard/libnosys.a(sbrk.o)
 *(COMMON)
 COMMON         0x0000000020006bec        0xc /Users/cts/Library/Caches/arduino/sketches/8C404FC65045EB69AE368903C4D04CF0/../../cores/Seeeduino_nrf52_xiaonRF52840_softdevice_s140v6,debug_l0_01aa0066e0197ed77093acf64aa9ebdc/core.a(wiring.c.o)
                0x0000000020006bec                nrf_nvic_state
 COMMON         0x0000000020006bf8       0x10 /Users/cts/Library/Caches/arduino/sketches/8C404FC65045EB69AE368903C4D04CF0/../../cores/Seeeduino_nrf52_xiaonRF52840_softdevice_s140v6,debug_l0_01aa0066e0197ed77093acf64aa9ebdc/core.a(queue.c.o)
                0x0000000020006bf8                xQueueRegistry
 COMMON         0x0000000020006c08        0x4 /Users/cts/Library/Arduino15/packages/Seeeduino/tools/arm-none-eabi-gcc/9-2019q4/bin/../lib/gcc/arm-none-eabi/9.2.1/../../../../arm-none-eabi/lib/thumb/v7e-m+fp/hard/libc_nano.a(lib_a-reent.o)
                0x0000000020006c08                errno
 COMMON         0x0000000020006c0c        0x9 /Users/cts/Library/Arduino15/packages/Seeeduino/tools/arm-none-eabi-gcc/9-2019q4/bin/../lib/gcc/arm-none-eabi/9.2.1/../../../../arm-none-eabi/lib/thumb/v7e-m+fp/hard/libc_nano.a(lib_a-lock.o)
                0x0000000020006c0c                __lock___atexit_recursive_mutex
                0x0000000020006c0d                __lock___arc4random_mutex
                0x0000000020006c0e                __lock___env_recursive_mutex
                0x0000000020006c0f                __lock___sinit_recursive_mutex
                0x0000000020006c10                __lock___malloc_recursive_mutex
                0x0000000020006c11                __lock___at_quick_exit_mutex
                0x0000000020006c12                __lock___dd_hash_mutex
                0x0000000020006c13                __lock___tz_mutex
                0x0000000020006c14                __lock___sfp_recursive_mutex
                0x0000000020006c18                . = ALIGN (0x4)
 *fill*         0x0000000020006c15        0x3 
                0x0000000020006c18                __bss_end__ = .

.heap           0x0000000020006c18    0x38be8 load address 0x000000000002cc84
                0x0000000020006c18                __HeapBase = .
                0x0000000020006c18                __end__ = .
                0x0000000020006c18                PROVIDE (end = .)
 *(.heap*)
                0x000000002003f800                . = ALIGN (__StackLimit)
 *fill*         0x0000000020006c18    0x38be8 
                0x000000002003f800                __HeapLimit = .
                0x0000000000000001                ASSERT ((__StackLimit >= __HeapLimit), region RAM overflowed with stack)
                0x0000000000000001                ASSERT ((__StackLimit >= __bss_end__), region RAM overflowed with stack)
OUTPUT(/Users/cts/Library/Caches/arduino/sketches/8C404FC65045EB69AE368903C4D04CF0/NRF52840Blink.ino.elf elf32-littlearm)

.ARM.attributes
                0x0000000000000000       0x32
 .ARM.attributes
                0x0000000000000000       0x34 /Users/cts/Library/Arduino15/packages/Seeeduino/tools/arm-none-eabi-gcc/9-2019q4/bin/../lib/gcc/arm-none-eabi/9.2.1/thumb/v7e-m+fp/hard/crtfastmath.o
 .ARM.attributes
                0x0000000000000034       0x1e /Users/cts/Library/Arduino15/packages/Seeeduino/tools/arm-none-eabi-gcc/9-2019q4/bin/../lib/gcc/arm-none-eabi/9.2.1/thumb/v7e-m+fp/hard/crti.o
 .ARM.attributes
                0x0000000000000052       0x34 /Users/cts/Library/Arduino15/packages/Seeeduino/tools/arm-none-eabi-gcc/9-2019q4/bin/../lib/gcc/arm-none-eabi/9.2.1/thumb/v7e-m+fp/hard/crtbegin.o
 .ARM.attributes
                0x0000000000000086       0x1c /Users/cts/Library/Arduino15/packages/Seeeduino/tools/arm-none-eabi-gcc/9-2019q4/bin/../lib/gcc/arm-none-eabi/9.2.1/../../../../arm-none-eabi/lib/thumb/v7e-m+fp/hard/crt0.o
 .ARM.attributes
                0x00000000000000a2       0x30 /Users/cts/Library/Caches/arduino/sketches/8C404FC65045EB69AE368903C4D04CF0/sketch/NRF52840Blink.ino.cpp.o
 .ARM.attributes
                0x00000000000000d2       0x30 /Users/cts/Library/Caches/arduino/sketches/8C404FC65045EB69AE368903C4D04CF0/core/variant.cpp.o
 .ARM.attributes
                0x0000000000000102       0x30 /Users/cts/Library/Caches/arduino/sketches/8C404FC65045EB69AE368903C4D04CF0/../../cores/Seeeduino_nrf52_xiaonRF52840_softdevice_s140v6,debug_l0_01aa0066e0197ed77093acf64aa9ebdc/core.a(delay.c.o)
 .ARM.attributes
                0x0000000000000132       0x30 /Users/cts/Library/Caches/arduino/sketches/8C404FC65045EB69AE368903C4D04CF0/../../cores/Seeeduino_nrf52_xiaonRF52840_softdevice_s140v6,debug_l0_01aa0066e0197ed77093acf64aa9ebdc/core.a(tasks.c.o)
 .ARM.attributes
                0x0000000000000162       0x30 /Users/cts/Library/Caches/arduino/sketches/8C404FC65045EB69AE368903C4D04CF0/../../cores/Seeeduino_nrf52_xiaonRF52840_softdevice_s140v6,debug_l0_01aa0066e0197ed77093acf64aa9ebdc/core.a(timers.c.o)
 .ARM.attributes
                0x0000000000000192       0x30 /Users/cts/Library/Caches/arduino/sketches/8C404FC65045EB69AE368903C4D04CF0/../../cores/Seeeduino_nrf52_xiaonRF52840_softdevice_s140v6,debug_l0_01aa0066e0197ed77093acf64aa9ebdc/core.a(port_cmsis.c.o)
 .ARM.attributes
                0x00000000000001c2       0x30 /Users/cts/Library/Caches/arduino/sketches/8C404FC65045EB69AE368903C4D04CF0/../../cores/Seeeduino_nrf52_xiaonRF52840_softdevice_s140v6,debug_l0_01aa0066e0197ed77093acf64aa9ebdc/core.a(port_cmsis_systick.c.o)
 .ARM.attributes
                0x00000000000001f2       0x30 /Users/cts/Library/Caches/arduino/sketches/8C404FC65045EB69AE368903C4D04CF0/../../cores/Seeeduino_nrf52_xiaonRF52840_softdevice_s140v6,debug_l0_01aa0066e0197ed77093acf64aa9ebdc/core.a(port.c.o)
 .ARM.attributes
                0x0000000000000222       0x30 /Users/cts/Library/Caches/arduino/sketches/8C404FC65045EB69AE368903C4D04CF0/../../cores/Seeeduino_nrf52_xiaonRF52840_softdevice_s140v6,debug_l0_01aa0066e0197ed77093acf64aa9ebdc/core.a(hooks.c.o)
 .ARM.attributes
                0x0000000000000252       0x20 /Users/cts/Library/Caches/arduino/sketches/8C404FC65045EB69AE368903C4D04CF0/../../cores/Seeeduino_nrf52_xiaonRF52840_softdevice_s140v6,debug_l0_01aa0066e0197ed77093acf64aa9ebdc/core.a(gcc_startup_nrf52840.S.o)
 .ARM.attributes
                0x0000000000000272       0x30 /Users/cts/Library/Caches/arduino/sketches/8C404FC65045EB69AE368903C4D04CF0/../../cores/Seeeduino_nrf52_xiaonRF52840_softdevice_s140v6,debug_l0_01aa0066e0197ed77093acf64aa9ebdc/core.a(main.cpp.o)
 .ARM.attributes
                0x00000000000002a2       0x30 /Users/cts/Library/Caches/arduino/sketches/8C404FC65045EB69AE368903C4D04CF0/../../cores/Seeeduino_nrf52_xiaonRF52840_softdevice_s140v6,debug_l0_01aa0066e0197ed77093acf64aa9ebdc/core.a(system_nrf52.c.o)
 .ARM.attributes
                0x00000000000002d2       0x30 /Users/cts/Library/Caches/arduino/sketches/8C404FC65045EB69AE368903C4D04CF0/../../cores/Seeeduino_nrf52_xiaonRF52840_softdevice_s140v6,debug_l0_01aa0066e0197ed77093acf64aa9ebdc/core.a(rtos.cpp.o)
 .ARM.attributes
                0x0000000000000302       0x30 /Users/cts/Library/Caches/arduino/sketches/8C404FC65045EB69AE368903C4D04CF0/../../cores/Seeeduino_nrf52_xiaonRF52840_softdevice_s140v6,debug_l0_01aa0066e0197ed77093acf64aa9ebdc/core.a(AdaCallback.c.o)
 .ARM.attributes
                0x0000000000000332       0x30 /Users/cts/Library/Caches/arduino/sketches/8C404FC65045EB69AE368903C4D04CF0/../../cores/Seeeduino_nrf52_xiaonRF52840_softdevice_s140v6,debug_l0_01aa0066e0197ed77093acf64aa9ebdc/core.a(wiring.c.o)
 .ARM.attributes
                0x0000000000000362       0x30 /Users/cts/Library/Caches/arduino/sketches/8C404FC65045EB69AE368903C4D04CF0/../../cores/Seeeduino_nrf52_xiaonRF52840_softdevice_s140v6,debug_l0_01aa0066e0197ed77093acf64aa9ebdc/core.a(wiring_digital.c.o)
 .ARM.attributes
                0x0000000000000392       0x30 /Users/cts/Library/Caches/arduino/sketches/8C404FC65045EB69AE368903C4D04CF0/../../cores/Seeeduino_nrf52_xiaonRF52840_softdevice_s140v6,debug_l0_01aa0066e0197ed77093acf64aa9ebdc/core.a(list.c.o)
 .ARM.attributes
                0x00000000000003c2       0x30 /Users/cts/Library/Caches/arduino/sketches/8C404FC65045EB69AE368903C4D04CF0/../../cores/Seeeduino_nrf52_xiaonRF52840_softdevice_s140v6,debug_l0_01aa0066e0197ed77093acf64aa9ebdc/core.a(heap_3.c.o)
 .ARM.attributes
                0x00000000000003f2       0x30 /Users/cts/Library/Caches/arduino/sketches/8C404FC65045EB69AE368903C4D04CF0/../../cores/Seeeduino_nrf52_xiaonRF52840_softdevice_s140v6,debug_l0_01aa0066e0197ed77093acf64aa9ebdc/core.a(queue.c.o)
 .ARM.attributes
                0x0000000000000422       0x1e /Users/cts/Library/Arduino15/packages/Seeeduino/tools/arm-none-eabi-gcc/9-2019q4/bin/../lib/gcc/arm-none-eabi/9.2.1/thumb/v7e-m+fp/hard/libgcc.a(_aeabi_uldivmod.o)
 .ARM.attributes
                0x0000000000000440       0x34 /Users/cts/Library/Arduino15/packages/Seeeduino/tools/arm-none-eabi-gcc/9-2019q4/bin/../lib/gcc/arm-none-eabi/9.2.1/thumb/v7e-m+fp/hard/libgcc.a(_udivmoddi4.o)
 .ARM.attributes
                0x0000000000000474       0x1e /Users/cts/Library/Arduino15/packages/Seeeduino/tools/arm-none-eabi-gcc/9-2019q4/bin/../lib/gcc/arm-none-eabi/9.2.1/thumb/v7e-m+fp/hard/libgcc.a(_dvmd_tls.o)
 .ARM.attributes
                0x0000000000000492       0x34 /Users/cts/Library/Arduino15/packages/Seeeduino/tools/arm-none-eabi-gcc/9-2019q4/bin/../lib/gcc/arm-none-eabi/9.2.1/../../../../arm-none-eabi/lib/thumb/v7e-m+fp/hard/libc_nano.a(lib_a-exit.o)
 .ARM.attributes
                0x00000000000004c6       0x32 /Users/cts/Library/Arduino15/packages/Seeeduino/tools/arm-none-eabi-gcc/9-2019q4/bin/../lib/gcc/arm-none-eabi/9.2.1/../../../../arm-none-eabi/lib/thumb/v7e-m+fp/hard/libc_nano.a(lib_a-impure.o)
 .ARM.attributes
                0x00000000000004f8       0x34 /Users/cts/Library/Arduino15/packages/Seeeduino/tools/arm-none-eabi-gcc/9-2019q4/bin/../lib/gcc/arm-none-eabi/9.2.1/../../../../arm-none-eabi/lib/thumb/v7e-m+fp/hard/libc_nano.a(lib_a-init.o)
 .ARM.attributes
                0x000000000000052c       0x34 /Users/cts/Library/Arduino15/packages/Seeeduino/tools/arm-none-eabi-gcc/9-2019q4/bin/../lib/gcc/arm-none-eabi/9.2.1/../../../../arm-none-eabi/lib/thumb/v7e-m+fp/hard/libc_nano.a(lib_a-malloc.o)
 .ARM.attributes
                0x0000000000000560       0x34 /Users/cts/Library/Arduino15/packages/Seeeduino/tools/arm-none-eabi-gcc/9-2019q4/bin/../lib/gcc/arm-none-eabi/9.2.1/../../../../arm-none-eabi/lib/thumb/v7e-m+fp/hard/libc_nano.a(lib_a-memcpy-stub.o)
 .ARM.attributes
                0x0000000000000594       0x34 /Users/cts/Library/Arduino15/packages/Seeeduino/tools/arm-none-eabi-gcc/9-2019q4/bin/../lib/gcc/arm-none-eabi/9.2.1/../../../../arm-none-eabi/lib/thumb/v7e-m+fp/hard/libc_nano.a(lib_a-memset.o)
 .ARM.attributes
                0x00000000000005c8       0x34 /Users/cts/Library/Arduino15/packages/Seeeduino/tools/arm-none-eabi-gcc/9-2019q4/bin/../lib/gcc/arm-none-eabi/9.2.1/../../../../arm-none-eabi/lib/thumb/v7e-m+fp/hard/libc_nano.a(lib_a-nano-freer.o)
 .ARM.attributes
                0x00000000000005fc       0x34 /Users/cts/Library/Arduino15/packages/Seeeduino/tools/arm-none-eabi-gcc/9-2019q4/bin/../lib/gcc/arm-none-eabi/9.2.1/../../../../arm-none-eabi/lib/thumb/v7e-m+fp/hard/libc_nano.a(lib_a-nano-mallocr.o)
 .ARM.attributes
                0x0000000000000630       0x34 /Users/cts/Library/Arduino15/packages/Seeeduino/tools/arm-none-eabi-gcc/9-2019q4/bin/../lib/gcc/arm-none-eabi/9.2.1/../../../../arm-none-eabi/lib/thumb/v7e-m+fp/hard/libc_nano.a(lib_a-nano-vfprintf_float.o)
 .ARM.attributes
                0x0000000000000664       0x34 /Users/cts/Library/Arduino15/packages/Seeeduino/tools/arm-none-eabi-gcc/9-2019q4/bin/../lib/gcc/arm-none-eabi/9.2.1/../../../../arm-none-eabi/lib/thumb/v7e-m+fp/hard/libc_nano.a(lib_a-nano-vfprintf_i.o)
 .ARM.attributes
                0x0000000000000698       0x34 /Users/cts/Library/Arduino15/packages/Seeeduino/tools/arm-none-eabi-gcc/9-2019q4/bin/../lib/gcc/arm-none-eabi/9.2.1/../../../../arm-none-eabi/lib/thumb/v7e-m+fp/hard/libc_nano.a(lib_a-sbrkr.o)
 .ARM.attributes
                0x00000000000006cc       0x17 /Users/cts/Library/Arduino15/packages/Seeeduino/tools/arm-none-eabi-gcc/9-2019q4/bin/../lib/gcc/arm-none-eabi/9.2.1/../../../../arm-none-eabi/lib/thumb/v7e-m+fp/hard/libc_nano.a(lib_a-strlen.o)
 .ARM.attributes
                0x00000000000006e3       0x34 /Users/cts/Library/Arduino15/packages/Seeeduino/tools/arm-none-eabi-gcc/9-2019q4/bin/../lib/gcc/arm-none-eabi/9.2.1/../../../../arm-none-eabi/lib/thumb/v7e-m+fp/hard/libc_nano.a(lib_a-dtoa.o)
 .ARM.attributes
                0x0000000000000717       0x34 /Users/cts/Library/Arduino15/packages/Seeeduino/tools/arm-none-eabi-gcc/9-2019q4/bin/../lib/gcc/arm-none-eabi/9.2.1/../../../../arm-none-eabi/lib/thumb/v7e-m+fp/hard/libc_nano.a(lib_a-localeconv.o)
 .ARM.attributes
                0x000000000000074b       0x34 /Users/cts/Library/Arduino15/packages/Seeeduino/tools/arm-none-eabi-gcc/9-2019q4/bin/../lib/gcc/arm-none-eabi/9.2.1/../../../../arm-none-eabi/lib/thumb/v7e-m+fp/hard/libc_nano.a(lib_a-mlock.o)
 .ARM.attributes
                0x000000000000077f       0x34 /Users/cts/Library/Arduino15/packages/Seeeduino/tools/arm-none-eabi-gcc/9-2019q4/bin/../lib/gcc/arm-none-eabi/9.2.1/../../../../arm-none-eabi/lib/thumb/v7e-m+fp/hard/libc_nano.a(lib_a-mprec.o)
 .ARM.attributes
                0x00000000000007b3       0x34 /Users/cts/Library/Arduino15/packages/Seeeduino/tools/arm-none-eabi-gcc/9-2019q4/bin/../lib/gcc/arm-none-eabi/9.2.1/../../../../arm-none-eabi/lib/thumb/v7e-m+fp/hard/libc_nano.a(lib_a-nano-callocr.o)
 .ARM.attributes
                0x00000000000007e7       0x34 /Users/cts/Library/Arduino15/packages/Seeeduino/tools/arm-none-eabi-gcc/9-2019q4/bin/../lib/gcc/arm-none-eabi/9.2.1/../../../../arm-none-eabi/lib/thumb/v7e-m+fp/hard/libc_nano.a(lib_a-reent.o)
 .ARM.attributes
                0x000000000000081b       0x34 /Users/cts/Library/Arduino15/packages/Seeeduino/tools/arm-none-eabi-gcc/9-2019q4/bin/../lib/gcc/arm-none-eabi/9.2.1/../../../../arm-none-eabi/lib/thumb/v7e-m+fp/hard/libc_nano.a(lib_a-locale.o)
 .ARM.attributes
                0x000000000000084f       0x34 /Users/cts/Library/Arduino15/packages/Seeeduino/tools/arm-none-eabi-gcc/9-2019q4/bin/../lib/gcc/arm-none-eabi/9.2.1/../../../../arm-none-eabi/lib/thumb/v7e-m+fp/hard/libc_nano.a(lib_a-lock.o)
 .ARM.attributes
                0x0000000000000883       0x34 /Users/cts/Library/Arduino15/packages/Seeeduino/tools/arm-none-eabi-gcc/9-2019q4/bin/../lib/gcc/arm-none-eabi/9.2.1/../../../../arm-none-eabi/lib/thumb/v7e-m+fp/hard/libc_nano.a(lib_a-mbtowc_r.o)
 .ARM.attributes
                0x00000000000008b7       0x34 /Users/cts/Library/Arduino15/packages/Seeeduino/tools/arm-none-eabi-gcc/9-2019q4/bin/../lib/gcc/arm-none-eabi/9.2.1/../../../../arm-none-eabi/lib/thumb/v7e-m+fp/hard/libc_nano.a(lib_a-wctomb_r.o)
 .ARM.attributes
                0x00000000000008eb       0x32 /Users/cts/Library/Arduino15/packages/Seeeduino/tools/arm-none-eabi-gcc/9-2019q4/bin/../lib/gcc/arm-none-eabi/9.2.1/../../../../arm-none-eabi/lib/thumb/v7e-m+fp/hard/libc_nano.a(lib_a-ctype_.o)
 .ARM.attributes
                0x000000000000091d       0x1e /Users/cts/Library/Arduino15/packages/Seeeduino/tools/arm-none-eabi-gcc/9-2019q4/bin/../lib/gcc/arm-none-eabi/9.2.1/thumb/v7e-m+fp/hard/libgcc.a(_arm_addsubdf3.o)
 .ARM.attributes
                0x000000000000093b       0x1e /Users/cts/Library/Arduino15/packages/Seeeduino/tools/arm-none-eabi-gcc/9-2019q4/bin/../lib/gcc/arm-none-eabi/9.2.1/thumb/v7e-m+fp/hard/libgcc.a(_arm_muldivdf3.o)
 .ARM.attributes
                0x0000000000000959       0x1e /Users/cts/Library/Arduino15/packages/Seeeduino/tools/arm-none-eabi-gcc/9-2019q4/bin/../lib/gcc/arm-none-eabi/9.2.1/thumb/v7e-m+fp/hard/libgcc.a(_arm_cmpdf2.o)
 .ARM.attributes
                0x0000000000000977       0x1e /Users/cts/Library/Arduino15/packages/Seeeduino/tools/arm-none-eabi-gcc/9-2019q4/bin/../lib/gcc/arm-none-eabi/9.2.1/thumb/v7e-m+fp/hard/libgcc.a(_arm_unorddf2.o)
 .ARM.attributes
                0x0000000000000995       0x1e /Users/cts/Library/Arduino15/packages/Seeeduino/tools/arm-none-eabi-gcc/9-2019q4/bin/../lib/gcc/arm-none-eabi/9.2.1/thumb/v7e-m+fp/hard/libgcc.a(_arm_fixdfsi.o)
 .ARM.attributes
                0x00000000000009b3       0x34 /Users/cts/Library/Arduino15/packages/Seeeduino/tools/arm-none-eabi-gcc/9-2019q4/bin/../lib/gcc/arm-none-eabi/9.2.1/../../../../arm-none-eabi/lib/thumb/v7e-m+fp/hard/libnosys.a(sbrk.o)
 .ARM.attributes
                0x00000000000009e7       0x34 /Users/cts/Library/Arduino15/packages/Seeeduino/tools/arm-none-eabi-gcc/9-2019q4/bin/../lib/gcc/arm-none-eabi/9.2.1/../../../../arm-none-eabi/lib/thumb/v7e-m+fp/hard/libnosys.a(_exit.o)
 .ARM.attributes
                0x0000000000000a1b       0x32 /Users/cts/Library/Arduino15/packages/Seeeduino/tools/arm-none-eabi-gcc/9-2019q4/bin/../lib/gcc/arm-none-eabi/9.2.1/thumb/v7e-m+fp/hard/crtend.o
 .ARM.attributes
                0x0000000000000a4d       0x1e /Users/cts/Library/Arduino15/packages/Seeeduino/tools/arm-none-eabi-gcc/9-2019q4/bin/../lib/gcc/arm-none-eabi/9.2.1/thumb/v7e-m+fp/hard/crtn.o

.comment        0x0000000000000000       0x79
 .comment       0x0000000000000000       0x79 /Users/cts/Library/Caches/arduino/sketches/8C404FC65045EB69AE368903C4D04CF0/sketch/NRF52840Blink.ino.cpp.o
                                         0x7a (size before relaxing)
 .comment       0x0000000000000079       0x7a /Users/cts/Library/Caches/arduino/sketches/8C404FC65045EB69AE368903C4D04CF0/core/variant.cpp.o
 .comment       0x0000000000000079       0x7a /Users/cts/Library/Caches/arduino/sketches/8C404FC65045EB69AE368903C4D04CF0/../../cores/Seeeduino_nrf52_xiaonRF52840_softdevice_s140v6,debug_l0_01aa0066e0197ed77093acf64aa9ebdc/core.a(delay.c.o)
 .comment       0x0000000000000079       0x7a /Users/cts/Library/Caches/arduino/sketches/8C404FC65045EB69AE368903C4D04CF0/../../cores/Seeeduino_nrf52_xiaonRF52840_softdevice_s140v6,debug_l0_01aa0066e0197ed77093acf64aa9ebdc/core.a(tasks.c.o)
 .comment       0x0000000000000079       0x7a /Users/cts/Library/Caches/arduino/sketches/8C404FC65045EB69AE368903C4D04CF0/../../cores/Seeeduino_nrf52_xiaonRF52840_softdevice_s140v6,debug_l0_01aa0066e0197ed77093acf64aa9ebdc/core.a(timers.c.o)
 .comment       0x0000000000000079       0x7a /Users/cts/Library/Caches/arduino/sketches/8C404FC65045EB69AE368903C4D04CF0/../../cores/Seeeduino_nrf52_xiaonRF52840_softdevice_s140v6,debug_l0_01aa0066e0197ed77093acf64aa9ebdc/core.a(port_cmsis.c.o)
 .comment       0x0000000000000079       0x7a /Users/cts/Library/Caches/arduino/sketches/8C404FC65045EB69AE368903C4D04CF0/../../cores/Seeeduino_nrf52_xiaonRF52840_softdevice_s140v6,debug_l0_01aa0066e0197ed77093acf64aa9ebdc/core.a(port_cmsis_systick.c.o)
 .comment       0x0000000000000079       0x7a /Users/cts/Library/Caches/arduino/sketches/8C404FC65045EB69AE368903C4D04CF0/../../cores/Seeeduino_nrf52_xiaonRF52840_softdevice_s140v6,debug_l0_01aa0066e0197ed77093acf64aa9ebdc/core.a(port.c.o)
 .comment       0x0000000000000079       0x7a /Users/cts/Library/Caches/arduino/sketches/8C404FC65045EB69AE368903C4D04CF0/../../cores/Seeeduino_nrf52_xiaonRF52840_softdevice_s140v6,debug_l0_01aa0066e0197ed77093acf64aa9ebdc/core.a(hooks.c.o)
 .comment       0x0000000000000079       0x7a /Users/cts/Library/Caches/arduino/sketches/8C404FC65045EB69AE368903C4D04CF0/../../cores/Seeeduino_nrf52_xiaonRF52840_softdevice_s140v6,debug_l0_01aa0066e0197ed77093acf64aa9ebdc/core.a(main.cpp.o)
 .comment       0x0000000000000079       0x7a /Users/cts/Library/Caches/arduino/sketches/8C404FC65045EB69AE368903C4D04CF0/../../cores/Seeeduino_nrf52_xiaonRF52840_softdevice_s140v6,debug_l0_01aa0066e0197ed77093acf64aa9ebdc/core.a(system_nrf52.c.o)
 .comment       0x0000000000000079       0x7a /Users/cts/Library/Caches/arduino/sketches/8C404FC65045EB69AE368903C4D04CF0/../../cores/Seeeduino_nrf52_xiaonRF52840_softdevice_s140v6,debug_l0_01aa0066e0197ed77093acf64aa9ebdc/core.a(rtos.cpp.o)
 .comment       0x0000000000000079       0x7a /Users/cts/Library/Caches/arduino/sketches/8C404FC65045EB69AE368903C4D04CF0/../../cores/Seeeduino_nrf52_xiaonRF52840_softdevice_s140v6,debug_l0_01aa0066e0197ed77093acf64aa9ebdc/core.a(AdaCallback.c.o)
 .comment       0x0000000000000079       0x7a /Users/cts/Library/Caches/arduino/sketches/8C404FC65045EB69AE368903C4D04CF0/../../cores/Seeeduino_nrf52_xiaonRF52840_softdevice_s140v6,debug_l0_01aa0066e0197ed77093acf64aa9ebdc/core.a(wiring.c.o)
 .comment       0x0000000000000079       0x7a /Users/cts/Library/Caches/arduino/sketches/8C404FC65045EB69AE368903C4D04CF0/../../cores/Seeeduino_nrf52_xiaonRF52840_softdevice_s140v6,debug_l0_01aa0066e0197ed77093acf64aa9ebdc/core.a(wiring_digital.c.o)
 .comment       0x0000000000000079       0x7a /Users/cts/Library/Caches/arduino/sketches/8C404FC65045EB69AE368903C4D04CF0/../../cores/Seeeduino_nrf52_xiaonRF52840_softdevice_s140v6,debug_l0_01aa0066e0197ed77093acf64aa9ebdc/core.a(list.c.o)
 .comment       0x0000000000000079       0x7a /Users/cts/Library/Caches/arduino/sketches/8C404FC65045EB69AE368903C4D04CF0/../../cores/Seeeduino_nrf52_xiaonRF52840_softdevice_s140v6,debug_l0_01aa0066e0197ed77093acf64aa9ebdc/core.a(heap_3.c.o)
 .comment       0x0000000000000079       0x7a /Users/cts/Library/Caches/arduino/sketches/8C404FC65045EB69AE368903C4D04CF0/../../cores/Seeeduino_nrf52_xiaonRF52840_softdevice_s140v6,debug_l0_01aa0066e0197ed77093acf64aa9ebdc/core.a(queue.c.o)

.debug_frame    0x0000000000000000     0x1ee0
 .debug_frame   0x0000000000000000       0x20 /Users/cts/Library/Arduino15/packages/Seeeduino/tools/arm-none-eabi-gcc/9-2019q4/bin/../lib/gcc/arm-none-eabi/9.2.1/thumb/v7e-m+fp/hard/crtfastmath.o
 .debug_frame   0x0000000000000020       0x3c /Users/cts/Library/Caches/arduino/sketches/8C404FC65045EB69AE368903C4D04CF0/sketch/NRF52840Blink.ino.cpp.o
 .debug_frame   0x000000000000005c       0x2c /Users/cts/Library/Caches/arduino/sketches/8C404FC65045EB69AE368903C4D04CF0/core/variant.cpp.o
 .debug_frame   0x0000000000000088       0x6c /Users/cts/Library/Caches/arduino/sketches/8C404FC65045EB69AE368903C4D04CF0/../../cores/Seeeduino_nrf52_xiaonRF52840_softdevice_s140v6,debug_l0_01aa0066e0197ed77093acf64aa9ebdc/core.a(delay.c.o)
 .debug_frame   0x00000000000000f4      0x6f0 /Users/cts/Library/Caches/arduino/sketches/8C404FC65045EB69AE368903C4D04CF0/../../cores/Seeeduino_nrf52_xiaonRF52840_softdevice_s140v6,debug_l0_01aa0066e0197ed77093acf64aa9ebdc/core.a(tasks.c.o)
 .debug_frame   0x00000000000007e4      0x22c /Users/cts/Library/Caches/arduino/sketches/8C404FC65045EB69AE368903C4D04CF0/../../cores/Seeeduino_nrf52_xiaonRF52840_softdevice_s140v6,debug_l0_01aa0066e0197ed77093acf64aa9ebdc/core.a(timers.c.o)
 .debug_frame   0x0000000000000a10       0x84 /Users/cts/Library/Caches/arduino/sketches/8C404FC65045EB69AE368903C4D04CF0/../../cores/Seeeduino_nrf52_xiaonRF52840_softdevice_s140v6,debug_l0_01aa0066e0197ed77093acf64aa9ebdc/core.a(port_cmsis.c.o)