Archive member included to satisfy reference by file (symbol)

/Users/cts/Library/Caches/arduino/sketches/8C404FC65045EB69AE368903C4D04CF0/../../cores/7e141ed17768082627ce5afc32bd3884/core.a(delay.c.o)
                              /Users/cts/Library/Caches/arduino/sketches/8C404FC65045EB69AE368903C4D04CF0/sketch/NRF52840Blink.ino.cpp.o (delay)
/Users/cts/Library/Caches/arduino/sketches/8C404FC65045EB69AE368903C4D04CF0/../../cores/7e141ed17768082627ce5afc32bd3884/core.a(tasks.c.o)
                              /Users/cts/Library/Caches/arduino/sketches/8C404FC65045EB69AE368903C4D04CF0/../../cores/7e141ed17768082627ce5afc32bd3884/core.a(delay.c.o) (xTaskGetTickCount)
/Users/cts/Library/Caches/arduino/sketches/8C404FC65045EB69AE368903C4D04CF0/../../cores/7e141ed17768082627ce5afc32bd3884/core.a(timers.c.o)
                              /Users/cts/Library/Caches/arduino/sketches/8C404FC65045EB69AE368903C4D04CF0/../../cores/7e141ed17768082627ce5afc32bd3884/core.a(tasks.c.o) (xTimerCreateTimerTask)
/Users/cts/Library/Caches/arduino/sketches/8C404FC65045EB69AE368903C4D04CF0/../../cores/7e141ed17768082627ce5afc32bd3884/core.a(port_cmsis.c.o)
                              /Users/cts/Library/Caches/arduino/sketches/8C404FC65045EB69AE368903C4D04CF0/../../cores/7e141ed17768082627ce5afc32bd3884/core.a(tasks.c.o) (pxPortInitialiseStack)
/Users/cts/Library/Caches/arduino/sketches/8C404FC65045EB69AE368903C4D04CF0/../../cores/7e141ed17768082627ce5afc32bd3884/core.a(port_cmsis_systick.c.o)
                              /Users/cts/Library/Caches/arduino/sketches/8C404FC65045EB69AE368903C4D04CF0/../../cores/7e141ed17768082627ce5afc32bd3884/core.a(port_cmsis.c.o) (vPortSetupTimerInterrupt)
/Users/cts/Library/Caches/arduino/sketches/8C404FC65045EB69AE368903C4D04CF0/../../cores/7e141ed17768082627ce5afc32bd3884/core.a(port.c.o)
                              /Users/cts/Library/Caches/arduino/sketches/8C404FC65045EB69AE368903C4D04CF0/../../cores/7e141ed17768082627ce5afc32bd3884/core.a(port_cmsis.c.o) (vPortStartFirstTask)
/Users/cts/Library/Caches/arduino/sketches/8C404FC65045EB69AE368903C4D04CF0/../../cores/7e141ed17768082627ce5afc32bd3884/core.a(hooks.c.o)
                              /Users/cts/Library/Caches/arduino/sketches/8C404FC65045EB69AE368903C4D04CF0/../../cores/7e141ed17768082627ce5afc32bd3884/core.a(tasks.c.o) (vApplicationIdleHook)
/Users/cts/Library/Caches/arduino/sketches/8C404FC65045EB69AE368903C4D04CF0/../../cores/7e141ed17768082627ce5afc32bd3884/core.a(gcc_startup_nrf52.S.o)
                              /Users/cts/Library/Caches/arduino/sketches/8C404FC65045EB69AE368903C4D04CF0/../../cores/7e141ed17768082627ce5afc32bd3884/core.a(port.c.o) (__isr_vector)
/Users/cts/Library/Caches/arduino/sketches/8C404FC65045EB69AE368903C4D04CF0/../../cores/7e141ed17768082627ce5afc32bd3884/core.a(main.cpp.o)
                              /Users/cts/Library/Arduino15/packages/adafruit/tools/arm-none-eabi-gcc/9-2019q4/bin/../lib/gcc/arm-none-eabi/9.2.1/../../../../arm-none-eabi/lib/thumb/v7e-m+fp/hard/crt0.o (main)
/Users/cts/Library/Caches/arduino/sketches/8C404FC65045EB69AE368903C4D04CF0/../../cores/7e141ed17768082627ce5afc32bd3884/core.a(system_nrf52.c.o)
                              /Users/cts/Library/Caches/arduino/sketches/8C404FC65045EB69AE368903C4D04CF0/../../cores/7e141ed17768082627ce5afc32bd3884/core.a(gcc_startup_nrf52.S.o) (SystemInit)
/Users/cts/Library/Caches/arduino/sketches/8C404FC65045EB69AE368903C4D04CF0/../../cores/7e141ed17768082627ce5afc32bd3884/core.a(rtos.cpp.o)
                              /Users/cts/Library/Caches/arduino/sketches/8C404FC65045EB69AE368903C4D04CF0/../../cores/7e141ed17768082627ce5afc32bd3884/core.a(tasks.c.o) (vApplicationStackOverflowHook)
/Users/cts/Library/Caches/arduino/sketches/8C404FC65045EB69AE368903C4D04CF0/../../cores/7e141ed17768082627ce5afc32bd3884/core.a(AdaCallback.c.o)
                              /Users/cts/Library/Caches/arduino/sketches/8C404FC65045EB69AE368903C4D04CF0/../../cores/7e141ed17768082627ce5afc32bd3884/core.a(main.cpp.o) (ada_callback_init)
/Users/cts/Library/Caches/arduino/sketches/8C404FC65045EB69AE368903C4D04CF0/../../cores/7e141ed17768082627ce5afc32bd3884/core.a(wiring.c.o)
                              /Users/cts/Library/Caches/arduino/sketches/8C404FC65045EB69AE368903C4D04CF0/../../cores/7e141ed17768082627ce5afc32bd3884/core.a(main.cpp.o) (init)
/Users/cts/Library/Caches/arduino/sketches/8C404FC65045EB69AE368903C4D04CF0/../../cores/7e141ed17768082627ce5afc32bd3884/core.a(wiring_digital.c.o)
                              /Users/cts/Library/Caches/arduino/sketches/8C404FC65045EB69AE368903C4D04CF0/sketch/NRF52840Blink.ino.cpp.o (pinMode)
/Users/cts/Library/Caches/arduino/sketches/8C404FC65045EB69AE368903C4D04CF0/../../cores/7e141ed17768082627ce5afc32bd3884/core.a(Uart.cpp.o)
[...]
Memory Configuration

Name             Origin             Length             Attributes
FLASH            0x0000000000026000 0x0000000000047000 xr
RAM              0x0000000020003600 0x000000000000ca00 xrw
*default*        0x0000000000000000 0xffffffffffffffff

Linker script and memory map

                0x0000000000000800                __StackSize = 0x800
                0x0000000020010000                PROVIDE (__StackTop = (ORIGIN (RAM) + LENGTH (RAM)))
                0x000000002000f800                PROVIDE (__StackLimit = (__StackTop - __StackSize))
                0x0000000020010000                PROVIDE (__stack = __StackTop)
                0x0000000000026000                __flash_arduino_start = ORIGIN (FLASH)
                0x000000000006d000                __flash_arduino_end = (ORIGIN (FLASH) + LENGTH (FLASH))

.text           0x0000000000026000     0x5dec
 *(.isr_vector)
 .isr_vector    0x0000000000026000      0x200 /Users/cts/Library/Caches/arduino/sketches/8C404FC65045EB69AE368903C4D04CF0/../../cores/7e141ed17768082627ce5afc32bd3884/core.a(gcc_startup_nrf52.S.o)
                0x0000000000026000                __isr_vector
 *(.text*)
 .text.startup  0x0000000000026200       0x10 /Users/cts/Library/Arduino15/packages/adafruit/tools/arm-none-eabi-gcc/9-2019q4/bin/../lib/gcc/arm-none-eabi/9.2.1/thumb/v7e-m+fp/hard/crtfastmath.o
 .text          0x0000000000026210       0x40 /Users/cts/Library/Arduino15/packages/adafruit/tools/arm-none-eabi-gcc/9-2019q4/bin/../lib/gcc/arm-none-eabi/9.2.1/thumb/v7e-m+fp/hard/crtbegin.o
 .text          0x0000000000026250       0x74 /Users/cts/Library/Arduino15/packages/adafruit/tools/arm-none-eabi-gcc/9-2019q4/bin/../lib/gcc/arm-none-eabi/9.2.1/../../../../arm-none-eabi/lib/thumb/v7e-m+fp/hard/crt0.o
                0x0000000000026250                _mainCRTStartup
                0x0000000000026250                _start
 .text.setup    0x00000000000262c4       0x10 /Users/cts/Library/Caches/arduino/sketches/8C404FC65045EB69AE368903C4D04CF0/sketch/NRF52840Blink.ino.cpp.o
                0x00000000000262c4                setup
 .text.loop     0x00000000000262d4       0x2c /Users/cts/Library/Caches/arduino/sketches/8C404FC65045EB69AE368903C4D04CF0/sketch/NRF52840Blink.ino.cpp.o
                0x00000000000262d4                loop
 .text._Z11initVariantv
                0x0000000000026300       0x24 /Users/cts/Library/Caches/arduino/sketches/8C404FC65045EB69AE368903C4D04CF0/core/variant.cpp.o
                0x0000000000026300                initVariant()
 .text.delay    0x0000000000026324       0x1c /Users/cts/Library/Caches/arduino/sketches/8C404FC65045EB69AE368903C4D04CF0/../../cores/7e141ed17768082627ce5afc32bd3884/core.a(delay.c.o)
                0x0000000000026324                delay
 .text.prvAddNewTaskToReadyList
                0x0000000000026340      0x124 /Users/cts/Library/Caches/arduino/sketches/8C404FC65045EB69AE368903C4D04CF0/../../cores/7e141ed17768082627ce5afc32bd3884/core.a(tasks.c.o)
 .text.xTaskCreateStatic
                0x0000000000026464       0xe0 /Users/cts/Library/Caches/arduino/sketches/8C404FC65045EB69AE368903C4D04CF0/../../cores/7e141ed17768082627ce5afc32bd3884/core.a(tasks.c.o)
                0x0000000000026464                xTaskCreateStatic
 .text.xTaskCreate
                0x0000000000026544       0xf0 /Users/cts/Library/Caches/arduino/sketches/8C404FC65045EB69AE368903C4D04CF0/../../cores/7e141ed17768082627ce5afc32bd3884/core.a(tasks.c.o)
                0x0000000000026544                xTaskCreate
 .text.vTaskStartScheduler
                0x0000000000026634       0xcc /Users/cts/Library/Caches/arduino/sketches/8C404FC65045EB69AE368903C4D04CF0/../../cores/7e141ed17768082627ce5afc32bd3884/core.a(tasks.c.o)
                0x0000000000026634                vTaskStartScheduler
 .text.vTaskSuspendAll
                0x0000000000026700       0x10 /Users/cts/Library/Caches/arduino/sketches/8C404FC65045EB69AE368903C4D04CF0/../../cores/7e141ed17768082627ce5afc32bd3884/core.a(tasks.c.o)
                0x0000000000026700                vTaskSuspendAll
 .text.xTaskGetTickCount
                0x0000000000026710        0xc /Users/cts/Library/Caches/arduino/sketches/8C404FC65045EB69AE368903C4D04CF0/../../cores/7e141ed17768082627ce5afc32bd3884/core.a(tasks.c.o)
                0x0000000000026710                xTaskGetTickCount
 .text.vTaskStepTick
                0x000000000002671c       0x10 /Users/cts/Library/Caches/arduino/sketches/8C404FC65045EB69AE368903C4D04CF0/../../cores/7e141ed17768082627ce5afc32bd3884/core.a(tasks.c.o)
                0x000000000002671c                vTaskStepTick
 .text.xTaskIncrementTick
                0x000000000002672c      0x134 /Users/cts/Library/Caches/arduino/sketches/8C404FC65045EB69AE368903C4D04CF0/../../cores/7e141ed17768082627ce5afc32bd3884/core.a(tasks.c.o)
                0x000000000002672c                xTaskIncrementTick
 .text.xTaskResumeAll
                0x0000000000026860      0x120 /Users/cts/Library/Caches/arduino/sketches/8C404FC65045EB69AE368903C4D04CF0/../../cores/7e141ed17768082627ce5afc32bd3884/core.a(tasks.c.o)
                0x0000000000026860                xTaskResumeAll
 .text.vTaskDelay
                0x0000000000026980       0x84 /Users/cts/Library/Caches/arduino/sketches/8C404FC65045EB69AE368903C4D04CF0/../../cores/7e141ed17768082627ce5afc32bd3884/core.a(tasks.c.o)
                0x0000000000026980                vTaskDelay
 .text.prvIdleTask
                0x0000000000026a04      0x118 /Users/cts/Library/Caches/arduino/sketches/8C404FC65045EB69AE368903C4D04CF0/../../cores/7e141ed17768082627ce5afc32bd3884/core.a(tasks.c.o)
 .text.vTaskSwitchContext
                0x0000000000026b1c       0xbc /Users/cts/Library/Caches/arduino/sketches/8C404FC65045EB69AE368903C4D04CF0/../../cores/7e141ed17768082627ce5afc32bd3884/core.a(tasks.c.o)
                0x0000000000026b1c                vTaskSwitchContext
 .text.vTaskPlaceOnEventList
                0x0000000000026bd8       0x78 /Users/cts/Library/Caches/arduino/sketches/8C404FC65045EB69AE368903C4D04CF0/../../cores/7e141ed17768082627ce5afc32bd3884/core.a(tasks.c.o)
                0x0000000000026bd8                vTaskPlaceOnEventList
 .text.vTaskPlaceOnEventListRestricted
                0x0000000000026c50       0x80 /Users/cts/Library/Caches/arduino/sketches/8C404FC65045EB69AE368903C4D04CF0/../../cores/7e141ed17768082627ce5afc32bd3884/core.a(tasks.c.o)
                0x0000000000026c50                vTaskPlaceOnEventListRestricted
 .text.xTaskRemoveFromEventList
                0x0000000000026cd0       0xa4 /Users/cts/Library/Caches/arduino/sketches/8C404FC65045EB69AE368903C4D04CF0/../../cores/7e141ed17768082627ce5afc32bd3884/core.a(tasks.c.o)
                0x0000000000026cd0                xTaskRemoveFromEventList
 .text.vTaskInternalSetTimeOutState
                0x0000000000026d74       0x18 /Users/cts/Library/Caches/arduino/sketches/8C404FC65045EB69AE368903C4D04CF0/../../cores/7e141ed17768082627ce5afc32bd3884/core.a(tasks.c.o)
                0x0000000000026d74                vTaskInternalSetTimeOutState
 .text.xTaskCheckForTimeOut
                0x0000000000026d8c       0x68 /Users/cts/Library/Caches/arduino/sketches/8C404FC65045EB69AE368903C4D04CF0/../../cores/7e141ed17768082627ce5afc32bd3884/core.a(tasks.c.o)
                0x0000000000026d8c                xTaskCheckForTimeOut
 .text.vTaskMissedYield
                0x0000000000026df4        0xc /Users/cts/Library/Caches/arduino/sketches/8C404FC65045EB69AE368903C4D04CF0/../../cores/7e141ed17768082627ce5afc32bd3884/core.a(tasks.c.o)
                0x0000000000026df4                vTaskMissedYield
 .text.eTaskConfirmSleepModeStatus
                0x0000000000026e00       0x38 /Users/cts/Library/Caches/arduino/sketches/8C404FC65045EB69AE368903C4D04CF0/../../cores/7e141ed17768082627ce5afc32bd3884/core.a(tasks.c.o)
                0x0000000000026e00                eTaskConfirmSleepModeStatus
 .text.xTaskGetSchedulerState
                0x0000000000026e38       0x20 /Users/cts/Library/Caches/arduino/sketches/8C404FC65045EB69AE368903C4D04CF0/../../cores/7e141ed17768082627ce5afc32bd3884/core.a(tasks.c.o)
                0x0000000000026e38                xTaskGetSchedulerState
 .text.xTaskPriorityInherit
                0x0000000000026e58       0x8c /Users/cts/Library/Caches/arduino/sketches/8C404FC65045EB69AE368903C4D04CF0/../../cores/7e141ed17768082627ce5afc32bd3884/core.a(tasks.c.o)
                0x0000000000026e58                xTaskPriorityInherit
 .text.xTaskPriorityDisinherit
                0x0000000000026ee4       0x60 /Users/cts/Library/Caches/arduino/sketches/8C404FC65045EB69AE368903C4D04CF0/../../cores/7e141ed17768082627ce5afc32bd3884/core.a(tasks.c.o)
                0x0000000000026ee4                xTaskPriorityDisinherit
 .text.vTaskPriorityDisinheritAfterTimeout
                0x0000000000026f44       0x74 /Users/cts/Library/Caches/arduino/sketches/8C404FC65045EB69AE368903C4D04CF0/../../cores/7e141ed17768082627ce5afc32bd3884/core.a(tasks.c.o)
                0x0000000000026f44                vTaskPriorityDisinheritAfterTimeout
 .text.pvTaskIncrementMutexHeldCount
                0x0000000000026fb8       0x18 /Users/cts/Library/Caches/arduino/sketches/8C404FC65045EB69AE368903C4D04CF0/../../cores/7e141ed17768082627ce5afc32bd3884/core.a(tasks.c.o)
                0x0000000000026fb8                pvTaskIncrementMutexHeldCount
 .text.prvSwitchTimerLists
                0x0000000000026fd0       0x88 /Users/cts/Library/Caches/arduino/sketches/8C404FC65045EB69AE368903C4D04CF0/../../cores/7e141ed17768082627ce5afc32bd3884/core.a(timers.c.o)
 .text.prvTimerTask
                0x0000000000027058      0x240 /Users/cts/Library/Caches/arduino/sketches/8C404FC65045EB69AE368903C4D04CF0/../../cores/7e141ed17768082627ce5afc32bd3884/core.a(timers.c.o)
 .text.xTimerCreateTimerTask
                0x0000000000027298       0xac /Users/cts/Library/Caches/arduino/sketches/8C404FC65045EB69AE368903C4D04CF0/../../cores/7e141ed17768082627ce5afc32bd3884/core.a(timers.c.o)
                0x0000000000027298                xTimerCreateTimerTask
 .text.prvTaskExitError
                0x0000000000027344        0x8 /Users/cts/Library/Caches/arduino/sketches/8C404FC65045EB69AE368903C4D04CF0/../../cores/7e141ed17768082627ce5afc32bd3884/core.a(port_cmsis.c.o)
 .text.pxPortInitialiseStack
                0x000000000002734c       0x2c /Users/cts/Library/Caches/arduino/sketches/8C404FC65045EB69AE368903C4D04CF0/../../cores/7e141ed17768082627ce5afc32bd3884/core.a(port_cmsis.c.o)
                0x000000000002734c                pxPortInitialiseStack
 .text.xPortStartScheduler
                0x0000000000027378       0x4c /Users/cts/Library/Caches/arduino/sketches/8C404FC65045EB69AE368903C4D04CF0/../../cores/7e141ed17768082627ce5afc32bd3884/core.a(port_cmsis.c.o)
                0x0000000000027378                xPortStartScheduler
 .text.vPortEnterCritical
                0x00000000000273c4       0x14 /Users/cts/Library/Caches/arduino/sketches/8C404FC65045EB69AE368903C4D04CF0/../../cores/7e141ed17768082627ce5afc32bd3884/core.a(port_cmsis.c.o)
                0x00000000000273c4                vPortEnterCritical
 .text.vPortExitCritical
                0x00000000000273d8       0x14 /Users/cts/Library/Caches/arduino/sketches/8C404FC65045EB69AE368903C4D04CF0/../../cores/7e141ed17768082627ce5afc32bd3884/core.a(port_cmsis.c.o)
                0x00000000000273d8                vPortExitCritical
 .text.sd_app_evt_wait
                0x00000000000273ec        0x4 /Users/cts/Library/Caches/arduino/sketches/8C404FC65045EB69AE368903C4D04CF0/../../cores/7e141ed17768082627ce5afc32bd3884/core.a(port_cmsis_systick.c.o)
 .text.sd_softdevice_is_enabled
                0x00000000000273f0        0x4 /Users/cts/Library/Caches/arduino/sketches/8C404FC65045EB69AE368903C4D04CF0/../../cores/7e141ed17768082627ce5afc32bd3884/core.a(port_cmsis_systick.c.o)
 .text.RTC1_IRQHandler
                0x00000000000273f4       0x88 /Users/cts/Library/Caches/arduino/sketches/8C404FC65045EB69AE368903C4D04CF0/../../cores/7e141ed17768082627ce5afc32bd3884/core.a(port_cmsis_systick.c.o)
                0x00000000000273f4                RTC1_IRQHandler
 .text.vPortSetupTimerInterrupt
                0x000000000002747c       0x3c /Users/cts/Library/Caches/arduino/sketches/8C404FC65045EB69AE368903C4D04CF0/../../cores/7e141ed17768082627ce5afc32bd3884/core.a(port_cmsis_systick.c.o)
                0x000000000002747c                vPortSetupTimerInterrupt
 .text.vPortSuppressTicksAndSleep
                0x00000000000274b8      0x1c0 /Users/cts/Library/Caches/arduino/sketches/8C404FC65045EB69AE368903C4D04CF0/../../cores/7e141ed17768082627ce5afc32bd3884/core.a(port_cmsis_systick.c.o)
                0x00000000000274b8                vPortSuppressTicksAndSleep
 .text.vPortStartFirstTask
                0x0000000000027678       0x24 /Users/cts/Library/Caches/arduino/sketches/8C404FC65045EB69AE368903C4D04CF0/../../cores/7e141ed17768082627ce5afc32bd3884/core.a(port.c.o)
                0x0000000000027678                vPortStartFirstTask
 .text.SVC_Handler
                0x000000000002769c       0x20 /Users/cts/Library/Caches/arduino/sketches/8C404FC65045EB69AE368903C4D04CF0/../../cores/7e141ed17768082627ce5afc32bd3884/core.a(port.c.o)
                0x000000000002769c                SVC_Handler
 .text.PendSV_Handler
                0x00000000000276bc       0x60 /Users/cts/Library/Caches/arduino/sketches/8C404FC65045EB69AE368903C4D04CF0/../../cores/7e141ed17768082627ce5afc32bd3884/core.a(port.c.o)
                0x00000000000276bc                PendSV_Handler
 .text.__empty  0x000000000002771c        0x4 /Users/cts/Library/Caches/arduino/sketches/8C404FC65045EB69AE368903C4D04CF0/../../cores/7e141ed17768082627ce5afc32bd3884/core.a(hooks.c.o)
                0x000000000002771c                vApplicationIdleHook
 .text          0x0000000000027720       0x54 /Users/cts/Library/Caches/arduino/sketches/8C404FC65045EB69AE368903C4D04CF0/../../cores/7e141ed17768082627ce5afc32bd3884/core.a(gcc_startup_nrf52.S.o)
                0x0000000000027720                Reset_Handler
                0x0000000000027760                NMI_Handler
                0x0000000000027762                HardFault_Handler
                0x0000000000027764                MemoryManagement_Handler
                0x0000000000027766                BusFault_Handler
                0x0000000000027768                UsageFault_Handler
                0x000000000002776c                DebugMon_Handler
                0x0000000000027770                SysTick_Handler
                0x0000000000027772                PDM_IRQHandler
                0x0000000000027772                TEMP_IRQHandler
                0x0000000000027772                QDEC_IRQHandler
                0x0000000000027772                TIMER3_IRQHandler
                0x0000000000027772                FPU_IRQHandler
                0x0000000000027772                SPIM0_SPIS0_TWIM0_TWIS0_SPI0_TWI0_IRQHandler
                0x0000000000027772                TIMER4_IRQHandler
                0x0000000000027772                I2S_IRQHandler
                0x0000000000027772                SWI4_EGU4_IRQHandler
                0x0000000000027772                TIMER0_IRQHandler
                0x0000000000027772                TIMER1_IRQHandler
                0x0000000000027772                PWM2_IRQHandler
                0x0000000000027772                ECB_IRQHandler
                0x0000000000027772                SPIM1_SPIS1_TWIM1_TWIS1_SPI1_TWI1_IRQHandler
                0x0000000000027772                Default_Handler
                0x0000000000027772                SAADC_IRQHandler
                0x0000000000027772                CCM_AAR_IRQHandler
                0x0000000000027772                WDT_IRQHandler
                0x0000000000027772                SWI5_EGU5_IRQHandler
                0x0000000000027772                RNG_IRQHandler
                0x0000000000027772                RTC2_IRQHandler
                0x0000000000027772                PWM0_IRQHandler
                0x0000000000027772                SWI3_EGU3_IRQHandler
                0x0000000000027772                SWI1_EGU1_IRQHandler
                0x0000000000027772                SPIM2_SPIS2_SPI2_IRQHandler
                0x0000000000027772                NFCT_IRQHandler
                0x0000000000027772                MWU_IRQHandler
                0x0000000000027772                TIMER2_IRQHandler
                0x0000000000027772                COMP_LPCOMP_IRQHandler
                0x0000000000027772                RTC0_IRQHandler
                0x0000000000027772                SWI0_EGU0_IRQHandler
                0x0000000000027772                SWI2_EGU2_IRQHandler
                0x0000000000027772                GPIOTE_IRQHandler
                0x0000000000027772                PWM1_IRQHandler
                0x0000000000027772                POWER_CLOCK_IRQHandler
                0x0000000000027772                RADIO_IRQHandler
 .text._ZL9loop_taskPv
                0x0000000000027774       0x54 /Users/cts/Library/Caches/arduino/sketches/8C404FC65045EB69AE368903C4D04CF0/../../cores/7e141ed17768082627ce5afc32bd3884/core.a(main.cpp.o)
 .text.startup.main
                0x00000000000277c8       0x5c /Users/cts/Library/Caches/arduino/sketches/8C404FC65045EB69AE368903C4D04CF0/../../cores/7e141ed17768082627ce5afc32bd3884/core.a(main.cpp.o)
                0x00000000000277c8                main
 .text.SystemInit
                0x0000000000027824      0x388 /Users/cts/Library/Caches/arduino/sketches/8C404FC65045EB69AE368903C4D04CF0/../../cores/7e141ed17768082627ce5afc32bd3884/core.a(system_nrf52.c.o)
                0x0000000000027824                SystemInit
 .text.yield    0x0000000000027bac       0x18 /Users/cts/Library/Caches/arduino/sketches/8C404FC65045EB69AE368903C4D04CF0/../../cores/7e141ed17768082627ce5afc32bd3884/core.a(rtos.cpp.o)
                0x0000000000027bac                yield
 .text.vApplicationStackOverflowHook
                0x0000000000027bc4        0x4 /Users/cts/Library/Caches/arduino/sketches/8C404FC65045EB69AE368903C4D04CF0/../../cores/7e141ed17768082627ce5afc32bd3884/core.a(rtos.cpp.o)
                0x0000000000027bc4                vApplicationStackOverflowHook
 .text.vApplicationMallocFailedHook
                0x0000000000027bc8        0x4 /Users/cts/Library/Caches/arduino/sketches/8C404FC65045EB69AE368903C4D04CF0/../../cores/7e141ed17768082627ce5afc32bd3884/core.a(rtos.cpp.o)
                0x0000000000027bc8                vApplicationMallocFailedHook
 .text.vApplicationGetIdleTaskMemory
                0x0000000000027bcc       0x1c /Users/cts/Library/Caches/arduino/sketches/8C404FC65045EB69AE368903C4D04CF0/../../cores/7e141ed17768082627ce5afc32bd3884/core.a(rtos.cpp.o)
                0x0000000000027bcc                vApplicationGetIdleTaskMemory
 .text.vApplicationGetTimerTaskMemory
                0x0000000000027be8       0x20 /Users/cts/Library/Caches/arduino/sketches/8C404FC65045EB69AE368903C4D04CF0/../../cores/7e141ed17768082627ce5afc32bd3884/core.a(rtos.cpp.o)
                0x0000000000027be8                vApplicationGetTimerTaskMemory
 .text.adafruit_callback_task
                0x0000000000027c08       0x84 /Users/cts/Library/Caches/arduino/sketches/8C404FC65045EB69AE368903C4D04CF0/../../cores/7e141ed17768082627ce5afc32bd3884/core.a(AdaCallback.c.o)
                0x0000000000027c08                adafruit_callback_task
 .text.ada_callback_init
                0x0000000000027c8c       0x48 /Users/cts/Library/Caches/arduino/sketches/8C404FC65045EB69AE368903C4D04CF0/../../cores/7e141ed17768082627ce5afc32bd3884/core.a(AdaCallback.c.o)
                0x0000000000027c8c                ada_callback_init
 .text.init     0x0000000000027cd4       0x74 /Users/cts/Library/Caches/arduino/sketches/8C404FC65045EB69AE368903C4D04CF0/../../cores/7e141ed17768082627ce5afc32bd3884/core.a(wiring.c.o)
                0x0000000000027cd4                init
 .text.pinMode  0x0000000000027d48      0x130 /Users/cts/Library/Caches/arduino/sketches/8C404FC65045EB69AE368903C4D04CF0/../../cores/7e141ed17768082627ce5afc32bd3884/core.a(wiring_digital.c.o)
                0x0000000000027d48                pinMode
 .text.digitalWrite
                0x0000000000027e78       0x2c /Users/cts/Library/Caches/arduino/sketches/8C404FC65045EB69AE368903C4D04CF0/../../cores/7e141ed17768082627ce5afc32bd3884/core.a(wiring_digital.c.o)
                0x0000000000027e78                digitalWrite
 .text.ledOff   0x0000000000027ea4       0x1c /Users/cts/Library/Caches/arduino/sketches/8C404FC65045EB69AE368903C4D04CF0/../../cores/7e141ed17768082627ce5afc32bd3884/core.a(wiring_digital.c.o)
                0x0000000000027ea4                ledOff
 .text._ZN4UartcvbEv
                0x0000000000027ec0        0x8 /Users/cts/Library/Caches/arduino/sketches/8C404FC65045EB69AE368903C4D04CF0/../../cores/7e141ed17768082627ce5afc32bd3884/core.a(Uart.cpp.o)
                0x0000000000027ec0                Uart::operator bool()
 .text._ZN4Uart3endEv
                0x0000000000027ec8       0x94 /Users/cts/Library/Caches/arduino/sketches/8C404FC65045EB69AE368903C4D04CF0/../../cores/7e141ed17768082627ce5afc32bd3884/core.a(Uart.cpp.o)
                0x0000000000027ec8                Uart::end()
 .text._ZN4Uart9availableEv
                0x0000000000027f5c        0x8 /Users/cts/Library/Caches/arduino/sketches/8C404FC65045EB69AE368903C4D04CF0/../../cores/7e141ed17768082627ce5afc32bd3884/core.a(Uart.cpp.o)
                0x0000000000027f5c                Uart::available()
 .text._ZN4Uart4peekEv
                0x0000000000027f64        0x8 /Users/cts/Library/Caches/arduino/sketches/8C404FC65045EB69AE368903C4D04CF0/../../cores/7e141ed17768082627ce5afc32bd3884/core.a(Uart.cpp.o)
                0x0000000000027f64                Uart::peek()
 .text._ZN4Uart4readEv
                0x0000000000027f6c        0x8 /Users/cts/Library/Caches/arduino/sketches/8C404FC65045EB69AE368903C4D04CF0/../../cores/7e141ed17768082627ce5afc32bd3884/core.a(Uart.cpp.o)
                0x0000000000027f6c                Uart::read()
 .text._ZN4Uart17availableForWriteEv
                0x0000000000027f74       0x14 /Users/cts/Library/Caches/arduino/sketches/8C404FC65045EB69AE368903C4D04CF0/../../cores/7e141ed17768082627ce5afc32bd3884/core.a(Uart.cpp.o)
                0x0000000000027f74                Uart::availableForWrite()
 .text._ZN4Uart5flushEv
                0x0000000000027f88       0x2c /Users/cts/Library/Caches/arduino/sketches/8C404FC65045EB69AE368903C4D04CF0/../../cores/7e141ed17768082627ce5afc32bd3884/core.a(Uart.cpp.o)
                0x0000000000027f88                Uart::flush()
 .text._ZN4Uart5writeEh
                0x0000000000027fb4       0x48 /Users/cts/Library/Caches/arduino/sketches/8C404FC65045EB69AE368903C4D04CF0/../../cores/7e141ed17768082627ce5afc32bd3884/core.a(Uart.cpp.o)
                0x0000000000027fb4                Uart::write(unsigned char)
 .text._ZN4Uart5writeEPKhj
                0x0000000000027ffc       0x54 /Users/cts/Library/Caches/arduino/sketches/8C404FC65045EB69AE368903C4D04CF0/../../cores/7e141ed17768082627ce5afc32bd3884/core.a(Uart.cpp.o)
                0x0000000000027ffc                Uart::write(unsigned char const*, unsigned int)
 .text._ZN4Uart5beginEm
                0x0000000000028050      0x200 /Users/cts/Library/Caches/arduino/sketches/8C404FC65045EB69AE368903C4D04CF0/../../cores/7e141ed17768082627ce5afc32bd3884/core.a(Uart.cpp.o)
                0x0000000000028050                Uart::begin(unsigned long)
 .text._ZN4Uart5beginEmt
                0x0000000000028250      0x1ec /Users/cts/Library/Caches/arduino/sketches/8C404FC65045EB69AE368903C4D04CF0/../../cores/7e141ed17768082627ce5afc32bd3884/core.a(Uart.cpp.o)
                0x0000000000028250                Uart::begin(unsigned long, unsigned short)
 .text._Z14serialEventRunv
                0x000000000002843c       0x20 /Users/cts/Library/Caches/arduino/sketches/8C404FC65045EB69AE368903C4D04CF0/../../cores/7e141ed17768082627ce5afc32bd3884/core.a(Uart.cpp.o)
                0x000000000002843c                serialEventRun()
 .text.UARTE0_UART0_IRQHandler
                0x000000000002845c       0x4c /Users/cts/Library/Caches/arduino/sketches/8C404FC65045EB69AE368903C4D04CF0/../../cores/7e141ed17768082627ce5afc32bd3884/core.a(Uart.cpp.o)
                0x000000000002845c                UARTE0_UART0_IRQHandler
 .text.startup._GLOBAL__sub_I__ZN4UartC2EP14NRF_UARTE_Type9IRQn_Typehh
                0x00000000000284a8       0x4c /Users/cts/Library/Caches/arduino/sketches/8C404FC65045EB69AE368903C4D04CF0/../../cores/7e141ed17768082627ce5afc32bd3884/core.a(Uart.cpp.o)
 .text.vListInitialise
                0x00000000000284f4       0x18 /Users/cts/Library/Caches/arduino/sketches/8C404FC65045EB69AE368903C4D04CF0/../../cores/7e141ed17768082627ce5afc32bd3884/core.a(list.c.o)
                0x00000000000284f4                vListInitialise
 .text.vListInitialiseItem
                0x000000000002850c        0x8 /Users/cts/Library/Caches/arduino/sketches/8C404FC65045EB69AE368903C4D04CF0/../../cores/7e141ed17768082627ce5afc32bd3884/core.a(list.c.o)
                0x000000000002850c                vListInitialiseItem
 .text.vListInsertEnd
                0x0000000000028514       0x20 /Users/cts/Library/Caches/arduino/sketches/8C404FC65045EB69AE368903C4D04CF0/../../cores/7e141ed17768082627ce5afc32bd3884/core.a(list.c.o)
                0x0000000000028514                vListInsertEnd
 .text.vListInsert
                0x0000000000028534       0x30 /Users/cts/Library/Caches/arduino/sketches/8C404FC65045EB69AE368903C4D04CF0/../../cores/7e141ed17768082627ce5afc32bd3884/core.a(list.c.o)
                0x0000000000028534                vListInsert
 .text.uxListRemove
                0x0000000000028564       0x28 /Users/cts/Library/Caches/arduino/sketches/8C404FC65045EB69AE368903C4D04CF0/../../cores/7e141ed17768082627ce5afc32bd3884/core.a(list.c.o)
                0x0000000000028564                uxListRemove
 .text.__wrap_malloc
                0x000000000002858c       0x34 /Users/cts/Library/Caches/arduino/sketches/8C404FC65045EB69AE368903C4D04CF0/../../cores/7e141ed17768082627ce5afc32bd3884/core.a(heap_3.c.o)
                0x000000000002858c                __wrap_malloc
 .text.__wrap_free
                0x00000000000285c0       0x2c /Users/cts/Library/Caches/arduino/sketches/8C404FC65045EB69AE368903C4D04CF0/../../cores/7e141ed17768082627ce5afc32bd3884/core.a(heap_3.c.o)
                0x00000000000285c0                __wrap_free
 .text.pvPortMalloc
                0x00000000000285ec       0x28 /Users/cts/Library/Caches/arduino/sketches/8C404FC65045EB69AE368903C4D04CF0/../../cores/7e141ed17768082627ce5afc32bd3884/core.a(heap_3.c.o)
                0x00000000000285ec                pvPortMalloc
 .text.vPortFree
                0x0000000000028614       0x1c /Users/cts/Library/Caches/arduino/sketches/8C404FC65045EB69AE368903C4D04CF0/../../cores/7e141ed17768082627ce5afc32bd3884/core.a(heap_3.c.o)
                0x0000000000028614                vPortFree
 .text.xQueueGenericCreateStatic
                0x0000000000028630       0x60 /Users/cts/Library/Caches/arduino/sketches/8C404FC65045EB69AE368903C4D04CF0/../../cores/7e141ed17768082627ce5afc32bd3884/core.a(queue.c.o)
                0x0000000000028630                xQueueGenericCreateStatic
 .text.xQueueGenericCreate
                0x0000000000028690       0x84 /Users/cts/Library/Caches/arduino/sketches/8C404FC65045EB69AE368903C4D04CF0/../../cores/7e141ed17768082627ce5afc32bd3884/core.a(queue.c.o)
                0x0000000000028690                xQueueGenericCreate
 .text.xQueueGenericSend
                0x0000000000028714      0x360 /Users/cts/Library/Caches/arduino/sketches/8C404FC65045EB69AE368903C4D04CF0/../../cores/7e141ed17768082627ce5afc32bd3884/core.a(queue.c.o)
                0x0000000000028714                xQueueGenericSend
 .text.xQueueGiveFromISR
                0x0000000000028a74       0x60 /Users/cts/Library/Caches/arduino/sketches/8C404FC65045EB69AE368903C4D04CF0/../../cores/7e141ed17768082627ce5afc32bd3884/core.a(queue.c.o)
                0x0000000000028a74                xQueueGiveFromISR
 .text.xQueueReceive
                0x0000000000028ad4      0x2b8 /Users/cts/Library/Caches/arduino/sketches/8C404FC65045EB69AE368903C4D04CF0/../../cores/7e141ed17768082627ce5afc32bd3884/core.a(queue.c.o)
                0x0000000000028ad4                xQueueReceive
 .text.xQueueSemaphoreTake
                0x0000000000028d8c      0x2f8 /Users/cts/Library/Caches/arduino/sketches/8C404FC65045EB69AE368903C4D04CF0/../../cores/7e141ed17768082627ce5afc32bd3884/core.a(queue.c.o)
                0x0000000000028d8c                xQueueSemaphoreTake
 .text.uxQueueMessagesWaiting
                0x0000000000029084       0x18 /Users/cts/Library/Caches/arduino/sketches/8C404FC65045EB69AE368903C4D04CF0/../../cores/7e141ed17768082627ce5afc32bd3884/core.a(queue.c.o)
                0x0000000000029084                uxQueueMessagesWaiting
 .text.vQueueDelete
                0x000000000002909c       0x48 /Users/cts/Library/Caches/arduino/sketches/8C404FC65045EB69AE368903C4D04CF0/../../cores/7e141ed17768082627ce5afc32bd3884/core.a(queue.c.o)
                0x000000000002909c                vQueueDelete
 .text.vQueueAddToRegistry
                0x00000000000290e4       0x24 /Users/cts/Library/Caches/arduino/sketches/8C404FC65045EB69AE368903C4D04CF0/../../cores/7e141ed17768082627ce5afc32bd3884/core.a(queue.c.o)
                0x00000000000290e4                vQueueAddToRegistry
 .text.vQueueWaitForMessageRestricted
                0x0000000000029108       0xcc /Users/cts/Library/Caches/arduino/sketches/8C404FC65045EB69AE368903C4D04CF0/../../cores/7e141ed17768082627ce5afc32bd3884/core.a(queue.c.o)
                0x0000000000029108                vQueueWaitForMessageRestricted
 .text._ZN10RingBufferC2Ev
                0x00000000000291d4       0x18 /Users/cts/Library/Caches/arduino/sketches/8C404FC65045EB69AE368903C4D04CF0/../../cores/7e141ed17768082627ce5afc32bd3884/core.a(RingBuffer.cpp.o)
                0x00000000000291d4                RingBuffer::RingBuffer()
                0x00000000000291d4                RingBuffer::RingBuffer()
 .text._ZN10RingBuffer10store_charEh
                0x00000000000291ec       0x1c /Users/cts/Library/Caches/arduino/sketches/8C404FC65045EB69AE368903C4D04CF0/../../cores/7e141ed17768082627ce5afc32bd3884/core.a(RingBuffer.cpp.o)
                0x00000000000291ec                RingBuffer::store_char(unsigned char)
 .text._ZN10RingBuffer5clearEv
                0x0000000000029208        0x8 /Users/cts/Library/Caches/arduino/sketches/8C404FC65045EB69AE368903C4D04CF0/../../cores/7e141ed17768082627ce5afc32bd3884/core.a(RingBuffer.cpp.o)
                0x0000000000029208                RingBuffer::clear()
 .text._ZN10RingBuffer9read_charEv
                0x0000000000029210       0x1c /Users/cts/Library/Caches/arduino/sketches/8C404FC65045EB69AE368903C4D04CF0/../../cores/7e141ed17768082627ce5afc32bd3884/core.a(RingBuffer.cpp.o)
                0x0000000000029210                RingBuffer::read_char()
 .text._ZN10RingBuffer9availableEv
                0x000000000002922c        0xc /Users/cts/Library/Caches/arduino/sketches/8C404FC65045EB69AE368903C4D04CF0/../../cores/7e141ed17768082627ce5afc32bd3884/core.a(RingBuffer.cpp.o)
                0x000000000002922c                RingBuffer::available()
 .text._ZN10RingBuffer4peekEv
                0x0000000000029238       0x10 /Users/cts/Library/Caches/arduino/sketches/8C404FC65045EB69AE368903C4D04CF0/../../cores/7e141ed17768082627ce5afc32bd3884/core.a(RingBuffer.cpp.o)
                0x0000000000029238                RingBuffer::peek()
 .text          0x0000000000029248       0x30 /Users/cts/Library/Arduino15/packages/adafruit/tools/arm-none-eabi-gcc/9-2019q4/bin/../lib/gcc/arm-none-eabi/9.2.1/thumb/v7e-m+fp/hard/libgcc.a(_aeabi_uldivmod.o)
                0x0000000000029248                __aeabi_uldivmod
 .text          0x0000000000029278      0x2c4 /Users/cts/Library/Arduino15/packages/adafruit/tools/arm-none-eabi-gcc/9-2019q4/bin/../lib/gcc/arm-none-eabi/9.2.1/thumb/v7e-m+fp/hard/libgcc.a(_udivmoddi4.o)
                0x0000000000029278                __udivmoddi4
 .text          0x000000000002953c        0x4 /Users/cts/Library/Arduino15/packages/adafruit/tools/arm-none-eabi-gcc/9-2019q4/bin/../lib/gcc/arm-none-eabi/9.2.1/thumb/v7e-m+fp/hard/libgcc.a(_dvmd_tls.o)
                0x000000000002953c                __aeabi_ldiv0
                0x000000000002953c                __aeabi_idiv0
 .text.exit     0x0000000000029540       0x28 /Users/cts/Library/Arduino15/packages/adafruit/tools/arm-none-eabi-gcc/9-2019q4/bin/../lib/gcc/arm-none-eabi/9.2.1/../../../../arm-none-eabi/lib/thumb/v7e-m+fp/hard/libc_nano.a(lib_a-exit.o)
                0x0000000000029540                exit
 .text.__libc_init_array
                0x0000000000029568       0x48 /Users/cts/Library/Arduino15/packages/adafruit/tools/arm-none-eabi-gcc/9-2019q4/bin/../lib/gcc/arm-none-eabi/9.2.1/../../../../arm-none-eabi/lib/thumb/v7e-m+fp/hard/libc_nano.a(lib_a-init.o)
                0x0000000000029568                __libc_init_array
 .text.malloc   0x00000000000295b0       0x10 /Users/cts/Library/Arduino15/packages/adafruit/tools/arm-none-eabi-gcc/9-2019q4/bin/../lib/gcc/arm-none-eabi/9.2.1/../../../../arm-none-eabi/lib/thumb/v7e-m+fp/hard/libc_nano.a(lib_a-malloc.o)
                0x00000000000295b0                malloc
 .text.free     0x00000000000295c0       0x10 /Users/cts/Library/Arduino15/packages/adafruit/tools/arm-none-eabi-gcc/9-2019q4/bin/../lib/gcc/arm-none-eabi/9.2.1/../../../../arm-none-eabi/lib/thumb/v7e-m+fp/hard/libc_nano.a(lib_a-malloc.o)
                0x00000000000295c0                free
 .text.memcpy   0x00000000000295d0       0x1c /Users/cts/Library/Arduino15/packages/adafruit/tools/arm-none-eabi-gcc/9-2019q4/bin/../lib/gcc/arm-none-eabi/9.2.1/../../../../arm-none-eabi/lib/thumb/v7e-m+fp/hard/libc_nano.a(lib_a-memcpy-stub.o)
                0x00000000000295d0                memcpy
 .text.memset   0x00000000000295ec       0x10 /Users/cts/Library/Arduino15/packages/adafruit/tools/arm-none-eabi-gcc/9-2019q4/bin/../lib/gcc/arm-none-eabi/9.2.1/../../../../arm-none-eabi/lib/thumb/v7e-m+fp/hard/libc_nano.a(lib_a-memset.o)
                0x00000000000295ec                memset
 .text._calloc_r
                0x00000000000295fc       0x1e /Users/cts/Library/Arduino15/packages/adafruit/tools/arm-none-eabi-gcc/9-2019q4/bin/../lib/gcc/arm-none-eabi/9.2.1/../../../../arm-none-eabi/lib/thumb/v7e-m+fp/hard/libc_nano.a(lib_a-nano-callocr.o)
                0x00000000000295fc                _calloc_r
 *fill*         0x000000000002961a        0x2 
 .text._free_r  0x000000000002961c       0xa0 /Users/cts/Library/Arduino15/packages/adafruit/tools/arm-none-eabi-gcc/9-2019q4/bin/../lib/gcc/arm-none-eabi/9.2.1/../../../../arm-none-eabi/lib/thumb/v7e-m+fp/hard/libc_nano.a(lib_a-nano-freer.o)
                0x000000000002961c                _free_r
 .text._malloc_r
                0x00000000000296bc       0xb4 /Users/cts/Library/Arduino15/packages/adafruit/tools/arm-none-eabi-gcc/9-2019q4/bin/../lib/gcc/arm-none-eabi/9.2.1/../../../../arm-none-eabi/lib/thumb/v7e-m+fp/hard/libc_nano.a(lib_a-nano-mallocr.o)
                0x00000000000296bc                _malloc_r
 .text.__cvt    0x0000000000029770       0xc4 /Users/cts/Library/Arduino15/packages/adafruit/tools/arm-none-eabi-gcc/9-2019q4/bin/../lib/gcc/arm-none-eabi/9.2.1/../../../../arm-none-eabi/lib/thumb/v7e-m+fp/hard/libc_nano.a(lib_a-nano-vfprintf_float.o)
                0x0000000000029770                __cvt
 .text.__exponent
                0x0000000000029834       0x7c /Users/cts/Library/Arduino15/packages/adafruit/tools/arm-none-eabi-gcc/9-2019q4/bin/../lib/gcc/arm-none-eabi/9.2.1/../../../../arm-none-eabi/lib/thumb/v7e-m+fp/hard/libc_nano.a(lib_a-nano-vfprintf_float.o)
                0x0000000000029834                __exponent
 .text._printf_float
                0x00000000000298b0      0x46c /Users/cts/Library/Arduino15/packages/adafruit/tools/arm-none-eabi-gcc/9-2019q4/bin/../lib/gcc/arm-none-eabi/9.2.1/../../../../arm-none-eabi/lib/thumb/v7e-m+fp/hard/libc_nano.a(lib_a-nano-vfprintf_float.o)
                0x00000000000298b0                _printf_float
 .text._printf_common
                0x0000000000029d1c       0xda /Users/cts/Library/Arduino15/packages/adafruit/tools/arm-none-eabi-gcc/9-2019q4/bin/../lib/gcc/arm-none-eabi/9.2.1/../../../../arm-none-eabi/lib/thumb/v7e-m+fp/hard/libc_nano.a(lib_a-nano-vfprintf_i.o)
                0x0000000000029d1c                _printf_common
 *fill*         0x0000000000029df6        0x2 
 .text._sbrk_r  0x0000000000029df8       0x20 /Users/cts/Library/Arduino15/packages/adafruit/tools/arm-none-eabi-gcc/9-2019q4/bin/../lib/gcc/arm-none-eabi/9.2.1/../../../../arm-none-eabi/lib/thumb/v7e-m+fp/hard/libc_nano.a(lib_a-sbrkr.o)
                0x0000000000029df8                _sbrk_r
 .text          0x0000000000029e18       0x10 /Users/cts/Library/Arduino15/packages/adafruit/tools/arm-none-eabi-gcc/9-2019q4/bin/../lib/gcc/arm-none-eabi/9.2.1/../../../../arm-none-eabi/lib/thumb/v7e-m+fp/hard/libc_nano.a(lib_a-strlen.o)
                0x0000000000029e18                strlen
 .text.quorem   0x0000000000029e28      0x116 /Users/cts/Library/Arduino15/packages/adafruit/tools/arm-none-eabi-gcc/9-2019q4/bin/../lib/gcc/arm-none-eabi/9.2.1/../../../../arm-none-eabi/lib/thumb/v7e-m+fp/hard/libc_nano.a(lib_a-dtoa.o)
 *fill*         0x0000000000029f3e        0x2 
 .text._dtoa_r  0x0000000000029f40      0xbbc /Users/cts/Library/Arduino15/packages/adafruit/tools/arm-none-eabi-gcc/9-2019q4/bin/../lib/gcc/arm-none-eabi/9.2.1/../../../../arm-none-eabi/lib/thumb/v7e-m+fp/hard/libc_nano.a(lib_a-dtoa.o)
                0x0000000000029f40                _dtoa_r
 .text._localeconv_r
                0x000000000002aafc        0x8 /Users/cts/Library/Arduino15/packages/adafruit/tools/arm-none-eabi-gcc/9-2019q4/bin/../lib/gcc/arm-none-eabi/9.2.1/../../../../arm-none-eabi/lib/thumb/v7e-m+fp/hard/libc_nano.a(lib_a-localeconv.o)
                0x000000000002aafc                _localeconv_r
 .text.__malloc_lock
                0x000000000002ab04        0xc /Users/cts/Library/Arduino15/packages/adafruit/tools/arm-none-eabi-gcc/9-2019q4/bin/../lib/gcc/arm-none-eabi/9.2.1/../../../../arm-none-eabi/lib/thumb/v7e-m+fp/hard/libc_nano.a(lib_a-mlock.o)
                0x000000000002ab04                __malloc_lock
 .text.__malloc_unlock
                0x000000000002ab10        0xc /Users/cts/Library/Arduino15/packages/adafruit/tools/arm-none-eabi-gcc/9-2019q4/bin/../lib/gcc/arm-none-eabi/9.2.1/../../../../arm-none-eabi/lib/thumb/v7e-m+fp/hard/libc_nano.a(lib_a-mlock.o)
                0x000000000002ab10                __malloc_unlock
 .text._Balloc  0x000000000002ab1c       0x68 /Users/cts/Library/Arduino15/packages/adafruit/tools/arm-none-eabi-gcc/9-2019q4/bin/../lib/gcc/arm-none-eabi/9.2.1/../../../../arm-none-eabi/lib/thumb/v7e-m+fp/hard/libc_nano.a(lib_a-mprec.o)
                0x000000000002ab1c                _Balloc
 .text._Bfree   0x000000000002ab84       0x2e /Users/cts/Library/Arduino15/packages/adafruit/tools/arm-none-eabi-gcc/9-2019q4/bin/../lib/gcc/arm-none-eabi/9.2.1/../../../../arm-none-eabi/lib/thumb/v7e-m+fp/hard/libc_nano.a(lib_a-mprec.o)
                0x000000000002ab84                _Bfree
 .text.__multadd
                0x000000000002abb2       0x7c /Users/cts/Library/Arduino15/packages/adafruit/tools/arm-none-eabi-gcc/9-2019q4/bin/../lib/gcc/arm-none-eabi/9.2.1/../../../../arm-none-eabi/lib/thumb/v7e-m+fp/hard/libc_nano.a(lib_a-mprec.o)
                0x000000000002abb2                __multadd
 .text.__hi0bits
                0x000000000002ac2e       0x40 /Users/cts/Library/Arduino15/packages/adafruit/tools/arm-none-eabi-gcc/9-2019q4/bin/../lib/gcc/arm-none-eabi/9.2.1/../../../../arm-none-eabi/lib/thumb/v7e-m+fp/hard/libc_nano.a(lib_a-mprec.o)
                0x000000000002ac2e                __hi0bits
 .text.__lo0bits
                0x000000000002ac6e       0x60 /Users/cts/Library/Arduino15/packages/adafruit/tools/arm-none-eabi-gcc/9-2019q4/bin/../lib/gcc/arm-none-eabi/9.2.1/../../../../arm-none-eabi/lib/thumb/v7e-m+fp/hard/libc_nano.a(lib_a-mprec.o)
                0x000000000002ac6e                __lo0bits
 .text.__i2b    0x000000000002acce       0x12 /Users/cts/Library/Arduino15/packages/adafruit/tools/arm-none-eabi-gcc/9-2019q4/bin/../lib/gcc/arm-none-eabi/9.2.1/../../../../arm-none-eabi/lib/thumb/v7e-m+fp/hard/libc_nano.a(lib_a-mprec.o)
                0x000000000002acce                __i2b
 .text.__multiply
                0x000000000002ace0      0x138 /Users/cts/Library/Arduino15/packages/adafruit/tools/arm-none-eabi-gcc/9-2019q4/bin/../lib/gcc/arm-none-eabi/9.2.1/../../../../arm-none-eabi/lib/thumb/v7e-m+fp/hard/libc_nano.a(lib_a-mprec.o)
                0x000000000002ace0                __multiply
 .text.__pow5mult
                0x000000000002ae18       0x9c /Users/cts/Library/Arduino15/packages/adafruit/tools/arm-none-eabi-gcc/9-2019q4/bin/../lib/gcc/arm-none-eabi/9.2.1/../../../../arm-none-eabi/lib/thumb/v7e-m+fp/hard/libc_nano.a(lib_a-mprec.o)
                0x000000000002ae18                __pow5mult
 .text.__lshift
                0x000000000002aeb4       0xbe /Users/cts/Library/Arduino15/packages/adafruit/tools/arm-none-eabi-gcc/9-2019q4/bin/../lib/gcc/arm-none-eabi/9.2.1/../../../../arm-none-eabi/lib/thumb/v7e-m+fp/hard/libc_nano.a(lib_a-mprec.o)
                0x000000000002aeb4                __lshift
 .text.__mcmp   0x000000000002af72       0x38 /Users/cts/Library/Arduino15/packages/adafruit/tools/arm-none-eabi-gcc/9-2019q4/bin/../lib/gcc/arm-none-eabi/9.2.1/../../../../arm-none-eabi/lib/thumb/v7e-m+fp/hard/libc_nano.a(lib_a-mprec.o)
                0x000000000002af72                __mcmp
 .text.__mdiff  0x000000000002afaa       0xec /Users/cts/Library/Arduino15/packages/adafruit/tools/arm-none-eabi-gcc/9-2019q4/bin/../lib/gcc/arm-none-eabi/9.2.1/../../../../arm-none-eabi/lib/thumb/v7e-m+fp/hard/libc_nano.a(lib_a-mprec.o)
                0x000000000002afaa                __mdiff
 .text.__d2b    0x000000000002b096       0xa0 /Users/cts/Library/Arduino15/packages/adafruit/tools/arm-none-eabi-gcc/9-2019q4/bin/../lib/gcc/arm-none-eabi/9.2.1/../../../../arm-none-eabi/lib/thumb/v7e-m+fp/hard/libc_nano.a(lib_a-mprec.o)
                0x000000000002b096                __d2b
 .text.__retarget_lock_acquire_recursive
                0x000000000002b136        0x2 /Users/cts/Library/Arduino15/packages/adafruit/tools/arm-none-eabi-gcc/9-2019q4/bin/../lib/gcc/arm-none-eabi/9.2.1/../../../../arm-none-eabi/lib/thumb/v7e-m+fp/hard/libc_nano.a(lib_a-lock.o)
                0x000000000002b136                __retarget_lock_acquire_recursive
 .text.__retarget_lock_release_recursive
                0x000000000002b138        0x2 /Users/cts/Library/Arduino15/packages/adafruit/tools/arm-none-eabi-gcc/9-2019q4/bin/../lib/gcc/arm-none-eabi/9.2.1/../../../../arm-none-eabi/lib/thumb/v7e-m+fp/hard/libc_nano.a(lib_a-lock.o)
                0x000000000002b138                __retarget_lock_release_recursive
 .text.__ascii_mbtowc
                0x000000000002b13a       0x24 /Users/cts/Library/Arduino15/packages/adafruit/tools/arm-none-eabi-gcc/9-2019q4/bin/../lib/gcc/arm-none-eabi/9.2.1/../../../../arm-none-eabi/lib/thumb/v7e-m+fp/hard/libc_nano.a(lib_a-mbtowc_r.o)
                0x000000000002b13a                __ascii_mbtowc
 .text.__ascii_wctomb
                0x000000000002b15e       0x1a /Users/cts/Library/Arduino15/packages/adafruit/tools/arm-none-eabi-gcc/9-2019q4/bin/../lib/gcc/arm-none-eabi/9.2.1/../../../../arm-none-eabi/lib/thumb/v7e-m+fp/hard/libc_nano.a(lib_a-wctomb_r.o)
                0x000000000002b15e                __ascii_wctomb
 .text          0x000000000002b178      0x378 /Users/cts/Library/Arduino15/packages/adafruit/tools/arm-none-eabi-gcc/9-2019q4/bin/../lib/gcc/arm-none-eabi/9.2.1/thumb/v7e-m+fp/hard/libgcc.a(_arm_addsubdf3.o)
                0x000000000002b178                __aeabi_drsub
                0x000000000002b180                __subdf3
                0x000000000002b180                __aeabi_dsub
                0x000000000002b184                __aeabi_dadd
                0x000000000002b184                __adddf3
                0x000000000002b3fc                __aeabi_ui2d
                0x000000000002b3fc                __floatunsidf
                0x000000000002b41c                __floatsidf
                0x000000000002b41c                __aeabi_i2d
                0x000000000002b440                __extendsfdf2
                0x000000000002b440                __aeabi_f2d
                0x000000000002b484                __aeabi_ul2d
                0x000000000002b484                __floatundidf
                0x000000000002b494                __aeabi_l2d
                0x000000000002b494                __floatdidf
 .text          0x000000000002b4f0      0x424 /Users/cts/Library/Arduino15/packages/adafruit/tools/arm-none-eabi-gcc/9-2019q4/bin/../lib/gcc/arm-none-eabi/9.2.1/thumb/v7e-m+fp/hard/libgcc.a(_arm_muldivdf3.o)
                0x000000000002b4f0                __aeabi_dmul
                0x000000000002b4f0                __muldf3
                0x000000000002b744                __aeabi_ddiv
                0x000000000002b744                __divdf3
 .text          0x000000000002b914      0x110 /Users/cts/Library/Arduino15/packages/adafruit/tools/arm-none-eabi-gcc/9-2019q4/bin/../lib/gcc/arm-none-eabi/9.2.1/thumb/v7e-m+fp/hard/libgcc.a(_arm_cmpdf2.o)
                0x000000000002b914                __gedf2
                0x000000000002b914                __gtdf2
                0x000000000002b91c                __ledf2
                0x000000000002b91c                __ltdf2
                0x000000000002b924                __cmpdf2
                0x000000000002b924                __eqdf2
                0x000000000002b924                __nedf2
                0x000000000002b9a0                __aeabi_cdrcmple
                0x000000000002b9b0                __aeabi_cdcmple
                0x000000000002b9b0                __aeabi_cdcmpeq
                0x000000000002b9c0                __aeabi_dcmpeq
                0x000000000002b9d4                __aeabi_dcmplt
                0x000000000002b9e8                __aeabi_dcmple
                0x000000000002b9fc                __aeabi_dcmpge
                0x000000000002ba10                __aeabi_dcmpgt
 .text          0x000000000002ba24       0x2c /Users/cts/Library/Arduino15/packages/adafruit/tools/arm-none-eabi-gcc/9-2019q4/bin/../lib/gcc/arm-none-eabi/9.2.1/thumb/v7e-m+fp/hard/libgcc.a(_arm_unorddf2.o)
                0x000000000002ba24                __aeabi_dcmpun
                0x000000000002ba24                __unorddf2
 .text          0x000000000002ba50       0x50 /Users/cts/Library/Arduino15/packages/adafruit/tools/arm-none-eabi-gcc/9-2019q4/bin/../lib/gcc/arm-none-eabi/9.2.1/thumb/v7e-m+fp/hard/libgcc.a(_arm_fixdfsi.o)
                0x000000000002ba50                __fixdfsi
                0x000000000002ba50                __aeabi_d2iz
 .text._sbrk    0x000000000002baa0       0x1c /Users/cts/Library/Arduino15/packages/adafruit/tools/arm-none-eabi-gcc/9-2019q4/bin/../lib/gcc/arm-none-eabi/9.2.1/../../../../arm-none-eabi/lib/thumb/v7e-m+fp/hard/libnosys.a(sbrk.o)
                0x000000000002baa0                _sbrk
 .text._exit    0x000000000002babc        0x4 /Users/cts/Library/Arduino15/packages/adafruit/tools/arm-none-eabi-gcc/9-2019q4/bin/../lib/gcc/arm-none-eabi/9.2.1/../../../../arm-none-eabi/lib/thumb/v7e-m+fp/hard/libnosys.a(_exit.o)
                0x000000000002babc                _exit
 *(.init)
 .init          0x000000000002bac0        0x4 /Users/cts/Library/Arduino15/packages/adafruit/tools/arm-none-eabi-gcc/9-2019q4/bin/../lib/gcc/arm-none-eabi/9.2.1/thumb/v7e-m+fp/hard/crti.o
                0x000000000002bac0                _init
 .init          0x000000000002bac4        0x8 /Users/cts/Library/Arduino15/packages/adafruit/tools/arm-none-eabi-gcc/9-2019q4/bin/../lib/gcc/arm-none-eabi/9.2.1/thumb/v7e-m+fp/hard/crtn.o
 *(.fini)
 .fini          0x000000000002bacc        0x4 /Users/cts/Library/Arduino15/packages/adafruit/tools/arm-none-eabi-gcc/9-2019q4/bin/../lib/gcc/arm-none-eabi/9.2.1/thumb/v7e-m+fp/hard/crti.o
                0x000000000002bacc                _fini
 .fini          0x000000000002bad0        0x8 /Users/cts/Library/Arduino15/packages/adafruit/tools/arm-none-eabi-gcc/9-2019q4/bin/../lib/gcc/arm-none-eabi/9.2.1/thumb/v7e-m+fp/hard/crtn.o
 *crtbegin.o(.ctors)
 *crtbegin?.o(.ctors)
 *(EXCLUDE_FILE(*crtend.o *crtend?.o) .ctors)
 *(SORT_BY_NAME(.ctors.*))
 *(.ctors)
 *crtbegin.o(.dtors)
 *crtbegin?.o(.dtors)
 *(EXCLUDE_FILE(*crtend.o *crtend?.o) .dtors)
 *(SORT_BY_NAME(.dtors.*))
 *(.dtors)
 *(.rodata*)
 .rodata.g_ADigitalPinMap
                0x000000000002bad8       0x80 /Users/cts/Library/Caches/arduino/sketches/8C404FC65045EB69AE368903C4D04CF0/core/variant.cpp.o
                0x000000000002bad8                g_ADigitalPinMap
 .rodata.xTimerCreateTimerTask.str1.4
                0x000000000002bb58       0x10 /Users/cts/Library/Caches/arduino/sketches/8C404FC65045EB69AE368903C4D04CF0/../../cores/7e141ed17768082627ce5afc32bd3884/core.a(timers.c.o)
 .rodata.main.str1.4
                0x000000000002bb68        0x5 /Users/cts/Library/Caches/arduino/sketches/8C404FC65045EB69AE368903C4D04CF0/../../cores/7e141ed17768082627ce5afc32bd3884/core.a(main.cpp.o)
 *fill*         0x000000000002bb6d        0x3 
 .rodata.CSWTCH.14
                0x000000000002bb70        0x4 /Users/cts/Library/Caches/arduino/sketches/8C404FC65045EB69AE368903C4D04CF0/../../cores/7e141ed17768082627ce5afc32bd3884/core.a(system_nrf52.c.o)
 .rodata.CSWTCH.18
                0x000000000002bb74        0x4 /Users/cts/Library/Caches/arduino/sketches/8C404FC65045EB69AE368903C4D04CF0/../../cores/7e141ed17768082627ce5afc32bd3884/core.a(system_nrf52.c.o)
 .rodata.CSWTCH.4
                0x000000000002bb78        0x4 /Users/cts/Library/Caches/arduino/sketches/8C404FC65045EB69AE368903C4D04CF0/../../cores/7e141ed17768082627ce5afc32bd3884/core.a(system_nrf52.c.o)
 .rodata.ada_callback_init.str1.4
                0x000000000002bb7c        0x9 /Users/cts/Library/Caches/arduino/sketches/8C404FC65045EB69AE368903C4D04CF0/../../cores/7e141ed17768082627ce5afc32bd3884/core.a(AdaCallback.c.o)
 *fill*         0x000000000002bb85        0x3 
 .rodata._ZTV4Uart
                0x000000000002bb88       0x34 /Users/cts/Library/Caches/arduino/sketches/8C404FC65045EB69AE368903C4D04CF0/../../cores/7e141ed17768082627ce5afc32bd3884/core.a(Uart.cpp.o)
                0x000000000002bb88                vtable for Uart
 .rodata._global_impure_ptr
                0x000000000002bbbc        0x4 /Users/cts/Library/Arduino15/packages/adafruit/tools/arm-none-eabi-gcc/9-2019q4/bin/../lib/gcc/arm-none-eabi/9.2.1/../../../../arm-none-eabi/lib/thumb/v7e-m+fp/hard/libc_nano.a(lib_a-impure.o)
                0x000000000002bbbc                _global_impure_ptr
 .rodata._printf_float.str1.1
                0x000000000002bbc0       0x12 /Users/cts/Library/Arduino15/packages/adafruit/tools/arm-none-eabi-gcc/9-2019q4/bin/../lib/gcc/arm-none-eabi/9.2.1/../../../../arm-none-eabi/lib/thumb/v7e-m+fp/hard/libc_nano.a(lib_a-nano-vfprintf_float.o)
 .rodata._dtoa_r.str1.1
                0x000000000002bbd2        0xd /Users/cts/Library/Arduino15/packages/adafruit/tools/arm-none-eabi-gcc/9-2019q4/bin/../lib/gcc/arm-none-eabi/9.2.1/../../../../arm-none-eabi/lib/thumb/v7e-m+fp/hard/libc_nano.a(lib_a-dtoa.o)
                                          0xf (size before relaxing)
 *fill*         0x000000000002bbdf        0x1 
 .rodata.__mprec_bigtens
                0x000000000002bbe0       0x28 /Users/cts/Library/Arduino15/packages/adafruit/tools/arm-none-eabi-gcc/9-2019q4/bin/../lib/gcc/arm-none-eabi/9.2.1/../../../../arm-none-eabi/lib/thumb/v7e-m+fp/hard/libc_nano.a(lib_a-mprec.o)
                0x000000000002bbe0                __mprec_bigtens
 .rodata.__mprec_tens
                0x000000000002bc08       0xc8 /Users/cts/Library/Arduino15/packages/adafruit/tools/arm-none-eabi-gcc/9-2019q4/bin/../lib/gcc/arm-none-eabi/9.2.1/../../../../arm-none-eabi/lib/thumb/v7e-m+fp/hard/libc_nano.a(lib_a-mprec.o)
                0x000000000002bc08                __mprec_tens
 .rodata.p05.7490
                0x000000000002bcd0        0xc /Users/cts/Library/Arduino15/packages/adafruit/tools/arm-none-eabi-gcc/9-2019q4/bin/../lib/gcc/arm-none-eabi/9.2.1/../../../../arm-none-eabi/lib/thumb/v7e-m+fp/hard/libc_nano.a(lib_a-mprec.o)
 .rodata._setlocale_r.str1.1
                0x000000000002bcdc        0x8 /Users/cts/Library/Arduino15/packages/adafruit/tools/arm-none-eabi-gcc/9-2019q4/bin/../lib/gcc/arm-none-eabi/9.2.1/../../../../arm-none-eabi/lib/thumb/v7e-m+fp/hard/libc_nano.a(lib_a-locale.o)
                                          0x9 (size before relaxing)
 .rodata.str1.1
                0x000000000002bce4        0x2 /Users/cts/Library/Arduino15/packages/adafruit/tools/arm-none-eabi-gcc/9-2019q4/bin/../lib/gcc/arm-none-eabi/9.2.1/../../../../arm-none-eabi/lib/thumb/v7e-m+fp/hard/libc_nano.a(lib_a-locale.o)
 .rodata._ctype_
                0x000000000002bce6      0x101 /Users/cts/Library/Arduino15/packages/adafruit/tools/arm-none-eabi-gcc/9-2019q4/bin/../lib/gcc/arm-none-eabi/9.2.1/../../../../arm-none-eabi/lib/thumb/v7e-m+fp/hard/libc_nano.a(lib_a-ctype_.o)
                0x000000000002bce6                _ctype_
 *(.eh_frame*)
 *fill*         0x000000000002bde7        0x1 
 .eh_frame      0x000000000002bde8        0x0 /Users/cts/Library/Arduino15/packages/adafruit/tools/arm-none-eabi-gcc/9-2019q4/bin/../lib/gcc/arm-none-eabi/9.2.1/thumb/v7e-m+fp/hard/crtbegin.o
 .eh_frame      0x000000000002bde8        0x4 /Users/cts/Library/Arduino15/packages/adafruit/tools/arm-none-eabi-gcc/9-2019q4/bin/../lib/gcc/arm-none-eabi/9.2.1/thumb/v7e-m+fp/hard/crtend.o

.glue_7         0x000000000002bdec        0x0
 .glue_7        0x000000000002bdec        0x0 linker stubs

.glue_7t        0x000000000002bdec        0x0
 .glue_7t       0x000000000002bdec        0x0 linker stubs

.vfp11_veneer   0x000000000002bdec        0x0
 .vfp11_veneer  0x000000000002bdec        0x0 linker stubs

.v4_bx          0x000000000002bdec        0x0
 .v4_bx         0x000000000002bdec        0x0 linker stubs

.iplt           0x000000000002bdec        0x0
 .iplt          0x000000000002bdec        0x0 /Users/cts/Library/Arduino15/packages/adafruit/tools/arm-none-eabi-gcc/9-2019q4/bin/../lib/gcc/arm-none-eabi/9.2.1/thumb/v7e-m+fp/hard/crtfastmath.o

.ARM.extab
 *(.ARM.extab* .gnu.linkonce.armextab.*)
                0x000000000002bdec                __exidx_start = .

.ARM.exidx      0x000000000002bdec        0x8
 *(.ARM.exidx* .gnu.linkonce.armexidx.*)
 .ARM.exidx     0x000000000002bdec        0x8 /Users/cts/Library/Arduino15/packages/adafruit/tools/arm-none-eabi-gcc/9-2019q4/bin/../lib/gcc/arm-none-eabi/9.2.1/../../../../arm-none-eabi/lib/thumb/v7e-m+fp/hard/crt0.o
 .ARM.exidx     0x000000000002bdf4        0x0 /Users/cts/Library/Arduino15/packages/adafruit/tools/arm-none-eabi-gcc/9-2019q4/bin/../lib/gcc/arm-none-eabi/9.2.1/thumb/v7e-m+fp/hard/libgcc.a(_udivmoddi4.o)
                                          0x8 (size before relaxing)
                0x000000000002bdf4                __exidx_end = .
                0x000000000002bdf4                __etext = .

.rel.dyn        0x000000000002bdf4        0x0
 .rel.iplt      0x000000000002bdf4        0x0 /Users/cts/Library/Arduino15/packages/adafruit/tools/arm-none-eabi-gcc/9-2019q4/bin/../lib/gcc/arm-none-eabi/9.2.1/thumb/v7e-m+fp/hard/crtfastmath.o

.data           0x0000000020003600      0x1e8 load address 0x000000000002bdf4
                0x0000000020003600                __data_start__ = .
 *(vtable)
 *(.data*)
 .data.testpin  0x0000000020003600        0x4 /Users/cts/Library/Caches/arduino/sketches/8C404FC65045EB69AE368903C4D04CF0/sketch/NRF52840Blink.ino.cpp.o
                0x0000000020003600                testpin
 .data.SystemCoreClock
                0x0000000020003604        0x4 /Users/cts/Library/Caches/arduino/sketches/8C404FC65045EB69AE368903C4D04CF0/../../cores/7e141ed17768082627ce5afc32bd3884/core.a(system_nrf52.c.o)
                0x0000000020003604                SystemCoreClock
 .data._impure_ptr
                0x0000000020003608        0x4 /Users/cts/Library/Arduino15/packages/adafruit/tools/arm-none-eabi-gcc/9-2019q4/bin/../lib/gcc/arm-none-eabi/9.2.1/../../../../arm-none-eabi/lib/thumb/v7e-m+fp/hard/libc_nano.a(lib_a-impure.o)
                0x0000000020003608                _impure_ptr
 .data.impure_data
                0x000000002000360c       0x60 /Users/cts/Library/Arduino15/packages/adafruit/tools/arm-none-eabi-gcc/9-2019q4/bin/../lib/gcc/arm-none-eabi/9.2.1/../../../../arm-none-eabi/lib/thumb/v7e-m+fp/hard/libc_nano.a(lib_a-impure.o)
 .data.__global_locale
                0x000000002000366c      0x16c /Users/cts/Library/Arduino15/packages/adafruit/tools/arm-none-eabi-gcc/9-2019q4/bin/../lib/gcc/arm-none-eabi/9.2.1/../../../../arm-none-eabi/lib/thumb/v7e-m+fp/hard/libc_nano.a(lib_a-locale.o)
                0x000000002000366c                __global_locale
                0x00000000200037d8                . = ALIGN (0x4)
                0x00000000200037d8                PROVIDE (__preinit_array_start = .)
 *(.preinit_array)
                0x00000000200037d8                PROVIDE (__preinit_array_end = .)
                0x00000000200037d8                . = ALIGN (0x4)
                0x00000000200037d8                PROVIDE (__init_array_start = .)
 *(SORT_BY_NAME(.init_array.*))
 *(.init_array)
 .init_array    0x00000000200037d8        0x4 /Users/cts/Library/Arduino15/packages/adafruit/tools/arm-none-eabi-gcc/9-2019q4/bin/../lib/gcc/arm-none-eabi/9.2.1/thumb/v7e-m+fp/hard/crtfastmath.o
 .init_array    0x00000000200037dc        0x4 /Users/cts/Library/Arduino15/packages/adafruit/tools/arm-none-eabi-gcc/9-2019q4/bin/../lib/gcc/arm-none-eabi/9.2.1/thumb/v7e-m+fp/hard/crtbegin.o
 .init_array    0x00000000200037e0        0x4 /Users/cts/Library/Caches/arduino/sketches/8C404FC65045EB69AE368903C4D04CF0/../../cores/7e141ed17768082627ce5afc32bd3884/core.a(Uart.cpp.o)
                0x00000000200037e4                PROVIDE (__init_array_end = .)
                0x00000000200037e4                . = ALIGN (0x4)
                [!provide]                        PROVIDE (__fini_array_start = .)
 *(SORT_BY_NAME(.fini_array.*))
 *(.fini_array)
 .fini_array    0x00000000200037e4        0x4 /Users/cts/Library/Arduino15/packages/adafruit/tools/arm-none-eabi-gcc/9-2019q4/bin/../lib/gcc/arm-none-eabi/9.2.1/thumb/v7e-m+fp/hard/crtbegin.o
                [!provide]                        PROVIDE (__fini_array_end = .)
 *(.jcr*)
                0x00000000200037e8                . = ALIGN (0x4)
                0x00000000200037e8                __data_end__ = .
LOAD /Users/cts/Library/Arduino15/packages/adafruit/tools/arm-none-eabi-gcc/9-2019q4/bin/../lib/gcc/arm-none-eabi/9.2.1/thumb/v7e-m+fp/hard/crtfastmath.o
LOAD /Users/cts/Library/Arduino15/packages/adafruit/tools/arm-none-eabi-gcc/9-2019q4/bin/../lib/gcc/arm-none-eabi/9.2.1/thumb/v7e-m+fp/hard/crti.o
LOAD /Users/cts/Library/Arduino15/packages/adafruit/tools/arm-none-eabi-gcc/9-2019q4/bin/../lib/gcc/arm-none-eabi/9.2.1/thumb/v7e-m+fp/hard/crtbegin.o
LOAD /Users/cts/Library/Arduino15/packages/adafruit/tools/arm-none-eabi-gcc/9-2019q4/bin/../lib/gcc/arm-none-eabi/9.2.1/../../../../arm-none-eabi/lib/thumb/v7e-m+fp/hard/crt0.o
LOAD /Users/cts/Library/Caches/arduino/sketches/8C404FC65045EB69AE368903C4D04CF0/sketch/NRF52840Blink.ino.cpp.o
LOAD /Users/cts/Library/Caches/arduino/sketches/8C404FC65045EB69AE368903C4D04CF0/core/variant.cpp.o
START GROUP
LOAD /Users/cts/Library/Arduino15/packages/adafruit/tools/CMSIS/5.7.0/CMSIS/DSP/Lib/GCC//libarm_cortexM4lf_math.a
LOAD /Users/cts/Library/Arduino15/packages/adafruit/tools/arm-none-eabi-gcc/9-2019q4/bin/../lib/gcc/arm-none-eabi/9.2.1/../../../../arm-none-eabi/lib/thumb/v7e-m+fp/hard/libm.a
LOAD /Users/cts/Library/Caches/arduino/sketches/8C404FC65045EB69AE368903C4D04CF0/../../cores/7e141ed17768082627ce5afc32bd3884/core.a
END GROUP
START GROUP
LOAD /Users/cts/Library/Arduino15/packages/adafruit/tools/arm-none-eabi-gcc/9-2019q4/bin/../lib/gcc/arm-none-eabi/9.2.1/thumb/v7e-m+fp/hard/libgcc.a
LOAD /Users/cts/Library/Arduino15/packages/adafruit/tools/arm-none-eabi-gcc/9-2019q4/bin/../lib/gcc/arm-none-eabi/9.2.1/../../../../arm-none-eabi/lib/thumb/v7e-m+fp/hard/libc_nano.a
END GROUP
START GROUP
LOAD /Users/cts/Library/Arduino15/packages/adafruit/tools/arm-none-eabi-gcc/9-2019q4/bin/../lib/gcc/arm-none-eabi/9.2.1/thumb/v7e-m+fp/hard/libgcc.a
LOAD /Users/cts/Library/Arduino15/packages/adafruit/tools/arm-none-eabi-gcc/9-2019q4/bin/../lib/gcc/arm-none-eabi/9.2.1/../../../../arm-none-eabi/lib/thumb/v7e-m+fp/hard/libc_nano.a
LOAD /Users/cts/Library/Arduino15/packages/adafruit/tools/arm-none-eabi-gcc/9-2019q4/bin/../lib/gcc/arm-none-eabi/9.2.1/../../../../arm-none-eabi/lib/thumb/v7e-m+fp/hard/libnosys.a
END GROUP
START GROUP
LOAD /Users/cts/Library/Arduino15/packages/adafruit/tools/arm-none-eabi-gcc/9-2019q4/bin/../lib/gcc/arm-none-eabi/9.2.1/thumb/v7e-m+fp/hard/libgcc.a
LOAD /Users/cts/Library/Arduino15/packages/adafruit/tools/arm-none-eabi-gcc/9-2019q4/bin/../lib/gcc/arm-none-eabi/9.2.1/../../../../arm-none-eabi/lib/thumb/v7e-m+fp/hard/libc_nano.a
LOAD /Users/cts/Library/Arduino15/packages/adafruit/tools/arm-none-eabi-gcc/9-2019q4/bin/../lib/gcc/arm-none-eabi/9.2.1/../../../../arm-none-eabi/lib/thumb/v7e-m+fp/hard/libnosys.a
END GROUP
LOAD /Users/cts/Library/Arduino15/packages/adafruit/tools/arm-none-eabi-gcc/9-2019q4/bin/../lib/gcc/arm-none-eabi/9.2.1/thumb/v7e-m+fp/hard/crtend.o
LOAD /Users/cts/Library/Arduino15/packages/adafruit/tools/arm-none-eabi-gcc/9-2019q4/bin/../lib/gcc/arm-none-eabi/9.2.1/thumb/v7e-m+fp/hard/crtn.o
START GROUP
LOAD /Users/cts/Library/Arduino15/packages/adafruit/tools/arm-none-eabi-gcc/9-2019q4/bin/../lib/gcc/arm-none-eabi/9.2.1/thumb/v7e-m+fp/hard/libgcc.a
LOAD /Users/cts/Library/Arduino15/packages/adafruit/tools/arm-none-eabi-gcc/9-2019q4/bin/../lib/gcc/arm-none-eabi/9.2.1/../../../../arm-none-eabi/lib/thumb/v7e-m+fp/hard/libc.a
LOAD /Users/cts/Library/Arduino15/packages/adafruit/tools/arm-none-eabi-gcc/9-2019q4/bin/../lib/gcc/arm-none-eabi/9.2.1/../../../../arm-none-eabi/lib/thumb/v7e-m+fp/hard/libnosys.a
END GROUP

.igot.plt       0x00000000200037e8        0x0 load address 0x000000000002bfdc
 .igot.plt      0x00000000200037e8        0x0 /Users/cts/Library/Arduino15/packages/adafruit/tools/arm-none-eabi-gcc/9-2019q4/bin/../lib/gcc/arm-none-eabi/9.2.1/thumb/v7e-m+fp/hard/crtfastmath.o
                0x00000000200037e8                . = ALIGN (0x4)

.svc_data       0x00000000200037e8        0x0
                [!provide]                        PROVIDE (__start_svc_data = .)
 *(.svc_data)
                [!provide]                        PROVIDE (__stop_svc_data = .)

.fs_data        0x00000000200037e8        0x0
                [!provide]                        PROVIDE (__start_fs_data = .)
 *(.fs_data)
                [!provide]                        PROVIDE (__stop_fs_data = .)

.bss            0x00000000200037e8      0xae0 load address 0x000000000002bfdc
                0x00000000200037e8                . = ALIGN (0x4)
                0x00000000200037e8                __bss_start__ = .
 *(.bss*)
 .bss           0x00000000200037e8       0x1c /Users/cts/Library/Arduino15/packages/adafruit/tools/arm-none-eabi-gcc/9-2019q4/bin/../lib/gcc/arm-none-eabi/9.2.1/thumb/v7e-m+fp/hard/crtbegin.o
 .bss.pxCurrentTCB
                0x0000000020003804        0x4 /Users/cts/Library/Caches/arduino/sketches/8C404FC65045EB69AE368903C4D04CF0/../../cores/7e141ed17768082627ce5afc32bd3884/core.a(tasks.c.o)
                0x0000000020003804                pxCurrentTCB
 .bss.pxDelayedTaskList
                0x0000000020003808        0x4 /Users/cts/Library/Caches/arduino/sketches/8C404FC65045EB69AE368903C4D04CF0/../../cores/7e141ed17768082627ce5afc32bd3884/core.a(tasks.c.o)
 .bss.pxOverflowDelayedTaskList
                0x000000002000380c        0x4 /Users/cts/Library/Caches/arduino/sketches/8C404FC65045EB69AE368903C4D04CF0/../../cores/7e141ed17768082627ce5afc32bd3884/core.a(tasks.c.o)
 .bss.pxReadyTasksLists
                0x0000000020003810       0x64 /Users/cts/Library/Caches/arduino/sketches/8C404FC65045EB69AE368903C4D04CF0/../../cores/7e141ed17768082627ce5afc32bd3884/core.a(tasks.c.o)
 .bss.uxCurrentNumberOfTasks
                0x0000000020003874        0x4 /Users/cts/Library/Caches/arduino/sketches/8C404FC65045EB69AE368903C4D04CF0/../../cores/7e141ed17768082627ce5afc32bd3884/core.a(tasks.c.o)
 .bss.uxDeletedTasksWaitingCleanUp
                0x0000000020003878        0x4 /Users/cts/Library/Caches/arduino/sketches/8C404FC65045EB69AE368903C4D04CF0/../../cores/7e141ed17768082627ce5afc32bd3884/core.a(tasks.c.o)
 .bss.uxPendedTicks
                0x000000002000387c        0x4 /Users/cts/Library/Caches/arduino/sketches/8C404FC65045EB69AE368903C4D04CF0/../../cores/7e141ed17768082627ce5afc32bd3884/core.a(tasks.c.o)
 .bss.uxSchedulerSuspended
                0x0000000020003880        0x4 /Users/cts/Library/Caches/arduino/sketches/8C404FC65045EB69AE368903C4D04CF0/../../cores/7e141ed17768082627ce5afc32bd3884/core.a(tasks.c.o)
 .bss.uxTaskNumber
                0x0000000020003884        0x4 /Users/cts/Library/Caches/arduino/sketches/8C404FC65045EB69AE368903C4D04CF0/../../cores/7e141ed17768082627ce5afc32bd3884/core.a(tasks.c.o)
 .bss.uxTopReadyPriority
                0x0000000020003888        0x4 /Users/cts/Library/Caches/arduino/sketches/8C404FC65045EB69AE368903C4D04CF0/../../cores/7e141ed17768082627ce5afc32bd3884/core.a(tasks.c.o)
 .bss.xDelayedTaskList1
                0x000000002000388c       0x14 /Users/cts/Library/Caches/arduino/sketches/8C404FC65045EB69AE368903C4D04CF0/../../cores/7e141ed17768082627ce5afc32bd3884/core.a(tasks.c.o)
 .bss.xDelayedTaskList2
                0x00000000200038a0       0x14 /Users/cts/Library/Caches/arduino/sketches/8C404FC65045EB69AE368903C4D04CF0/../../cores/7e141ed17768082627ce5afc32bd3884/core.a(tasks.c.o)
 .bss.xIdleTaskHandle
                0x00000000200038b4        0x4 /Users/cts/Library/Caches/arduino/sketches/8C404FC65045EB69AE368903C4D04CF0/../../cores/7e141ed17768082627ce5afc32bd3884/core.a(tasks.c.o)
 .bss.xNextTaskUnblockTime
                0x00000000200038b8        0x4 /Users/cts/Library/Caches/arduino/sketches/8C404FC65045EB69AE368903C4D04CF0/../../cores/7e141ed17768082627ce5afc32bd3884/core.a(tasks.c.o)
 .bss.xNumOfOverflows
                0x00000000200038bc        0x4 /Users/cts/Library/Caches/arduino/sketches/8C404FC65045EB69AE368903C4D04CF0/../../cores/7e141ed17768082627ce5afc32bd3884/core.a(tasks.c.o)
 .bss.xPendingReadyList
                0x00000000200038c0       0x14 /Users/cts/Library/Caches/arduino/sketches/8C404FC65045EB69AE368903C4D04CF0/../../cores/7e141ed17768082627ce5afc32bd3884/core.a(tasks.c.o)
 .bss.xSchedulerRunning
                0x00000000200038d4        0x4 /Users/cts/Library/Caches/arduino/sketches/8C404FC65045EB69AE368903C4D04CF0/../../cores/7e141ed17768082627ce5afc32bd3884/core.a(tasks.c.o)
 .bss.xSuspendedTaskList
                0x00000000200038d8       0x14 /Users/cts/Library/Caches/arduino/sketches/8C404FC65045EB69AE368903C4D04CF0/../../cores/7e141ed17768082627ce5afc32bd3884/core.a(tasks.c.o)
 .bss.xTasksWaitingTermination
                0x00000000200038ec       0x14 /Users/cts/Library/Caches/arduino/sketches/8C404FC65045EB69AE368903C4D04CF0/../../cores/7e141ed17768082627ce5afc32bd3884/core.a(tasks.c.o)
 .bss.xTickCount
                0x0000000020003900        0x4 /Users/cts/Library/Caches/arduino/sketches/8C404FC65045EB69AE368903C4D04CF0/../../cores/7e141ed17768082627ce5afc32bd3884/core.a(tasks.c.o)
 .bss.xYieldPending
                0x0000000020003904        0x4 /Users/cts/Library/Caches/arduino/sketches/8C404FC65045EB69AE368903C4D04CF0/../../cores/7e141ed17768082627ce5afc32bd3884/core.a(tasks.c.o)
 .bss.pxCurrentTimerList
                0x0000000020003908        0x4 /Users/cts/Library/Caches/arduino/sketches/8C404FC65045EB69AE368903C4D04CF0/../../cores/7e141ed17768082627ce5afc32bd3884/core.a(timers.c.o)
 .bss.pxOverflowTimerList
                0x000000002000390c        0x4 /Users/cts/Library/Caches/arduino/sketches/8C404FC65045EB69AE368903C4D04CF0/../../cores/7e141ed17768082627ce5afc32bd3884/core.a(timers.c.o)
 .bss.ucStaticTimerQueueStorage.9336
                0x0000000020003910      0x200 /Users/cts/Library/Caches/arduino/sketches/8C404FC65045EB69AE368903C4D04CF0/../../cores/7e141ed17768082627ce5afc32bd3884/core.a(timers.c.o)
 .bss.xActiveTimerList1
                0x0000000020003b10       0x14 /Users/cts/Library/Caches/arduino/sketches/8C404FC65045EB69AE368903C4D04CF0/../../cores/7e141ed17768082627ce5afc32bd3884/core.a(timers.c.o)
 .bss.xActiveTimerList2
                0x0000000020003b24       0x14 /Users/cts/Library/Caches/arduino/sketches/8C404FC65045EB69AE368903C4D04CF0/../../cores/7e141ed17768082627ce5afc32bd3884/core.a(timers.c.o)
 .bss.xLastTime.9289
                0x0000000020003b38        0x4 /Users/cts/Library/Caches/arduino/sketches/8C404FC65045EB69AE368903C4D04CF0/../../cores/7e141ed17768082627ce5afc32bd3884/core.a(timers.c.o)
 .bss.xStaticTimerQueue.9335
                0x0000000020003b3c       0x50 /Users/cts/Library/Caches/arduino/sketches/8C404FC65045EB69AE368903C4D04CF0/../../cores/7e141ed17768082627ce5afc32bd3884/core.a(timers.c.o)
 .bss.xTimerQueue
                0x0000000020003b8c        0x4 /Users/cts/Library/Caches/arduino/sketches/8C404FC65045EB69AE368903C4D04CF0/../../cores/7e141ed17768082627ce5afc32bd3884/core.a(timers.c.o)
 .bss.xTimerTaskHandle
                0x0000000020003b90        0x4 /Users/cts/Library/Caches/arduino/sketches/8C404FC65045EB69AE368903C4D04CF0/../../cores/7e141ed17768082627ce5afc32bd3884/core.a(timers.c.o)
 .bss.uxCriticalNesting
                0x0000000020003b94        0x4 /Users/cts/Library/Caches/arduino/sketches/8C404FC65045EB69AE368903C4D04CF0/../../cores/7e141ed17768082627ce5afc32bd3884/core.a(port_cmsis.c.o)
 .bss._ZL11_loopHandle
                0x0000000020003b98        0x4 /Users/cts/Library/Caches/arduino/sketches/8C404FC65045EB69AE368903C4D04CF0/../../cores/7e141ed17768082627ce5afc32bd3884/core.a(main.cpp.o)
 .bss._ZZ29vApplicationGetIdleTaskMemoryE12xIdleTaskTCB
                0x0000000020003b9c       0x54 /Users/cts/Library/Caches/arduino/sketches/8C404FC65045EB69AE368903C4D04CF0/../../cores/7e141ed17768082627ce5afc32bd3884/core.a(rtos.cpp.o)
 .bss._ZZ29vApplicationGetIdleTaskMemoryE15uxIdleTaskStack
                0x0000000020003bf0      0x190 /Users/cts/Library/Caches/arduino/sketches/8C404FC65045EB69AE368903C4D04CF0/../../cores/7e141ed17768082627ce5afc32bd3884/core.a(rtos.cpp.o)
 .bss._ZZ30vApplicationGetTimerTaskMemoryE13xTimerTaskTCB
                0x0000000020003d80       0x54 /Users/cts/Library/Caches/arduino/sketches/8C404FC65045EB69AE368903C4D04CF0/../../cores/7e141ed17768082627ce5afc32bd3884/core.a(rtos.cpp.o)
 .bss._ZZ30vApplicationGetTimerTaskMemoryE16uxTimerTaskStack
                0x0000000020003dd4      0x400 /Users/cts/Library/Caches/arduino/sketches/8C404FC65045EB69AE368903C4D04CF0/../../cores/7e141ed17768082627ce5afc32bd3884/core.a(rtos.cpp.o)
 .bss._cb_qdepth
                0x00000000200041d4        0x4 /Users/cts/Library/Caches/arduino/sketches/8C404FC65045EB69AE368903C4D04CF0/../../cores/7e141ed17768082627ce5afc32bd3884/core.a(AdaCallback.c.o)
 .bss._cb_queue
                0x00000000200041d8        0x4 /Users/cts/Library/Caches/arduino/sketches/8C404FC65045EB69AE368903C4D04CF0/../../cores/7e141ed17768082627ce5afc32bd3884/core.a(AdaCallback.c.o)
 .bss._cb_task  0x00000000200041dc        0x4 /Users/cts/Library/Caches/arduino/sketches/8C404FC65045EB69AE368903C4D04CF0/../../cores/7e141ed17768082627ce5afc32bd3884/core.a(AdaCallback.c.o)
 .bss._reset_reason
                0x00000000200041e0        0x4 /Users/cts/Library/Caches/arduino/sketches/8C404FC65045EB69AE368903C4D04CF0/../../cores/7e141ed17768082627ce5afc32bd3884/core.a(wiring.c.o)
 .bss.bootloaderVersion
                0x00000000200041e4        0x4 /Users/cts/Library/Caches/arduino/sketches/8C404FC65045EB69AE368903C4D04CF0/../../cores/7e141ed17768082627ce5afc32bd3884/core.a(wiring.c.o)
                0x00000000200041e4                bootloaderVersion
 .bss.Serial    0x00000000200041e8       0xa8 /Users/cts/Library/Caches/arduino/sketches/8C404FC65045EB69AE368903C4D04CF0/../../cores/7e141ed17768082627ce5afc32bd3884/core.a(Uart.cpp.o)
                0x00000000200041e8                Serial
 .bss.__malloc_free_list
                0x0000000020004290        0x4 /Users/cts/Library/Arduino15/packages/adafruit/tools/arm-none-eabi-gcc/9-2019q4/bin/../lib/gcc/arm-none-eabi/9.2.1/../../../../arm-none-eabi/lib/thumb/v7e-m+fp/hard/libc_nano.a(lib_a-nano-mallocr.o)
                0x0000000020004290                __malloc_free_list
 .bss.__malloc_sbrk_start
                0x0000000020004294        0x4 /Users/cts/Library/Arduino15/packages/adafruit/tools/arm-none-eabi-gcc/9-2019q4/bin/../lib/gcc/arm-none-eabi/9.2.1/../../../../arm-none-eabi/lib/thumb/v7e-m+fp/hard/libc_nano.a(lib_a-nano-mallocr.o)
                0x0000000020004294                __malloc_sbrk_start
 .bss.heap_end.5507
                0x0000000020004298        0x4 /Users/cts/Library/Arduino15/packages/adafruit/tools/arm-none-eabi-gcc/9-2019q4/bin/../lib/gcc/arm-none-eabi/9.2.1/../../../../arm-none-eabi/lib/thumb/v7e-m+fp/hard/libnosys.a(sbrk.o)
 *(COMMON)
 COMMON         0x000000002000429c        0xc /Users/cts/Library/Caches/arduino/sketches/8C404FC65045EB69AE368903C4D04CF0/../../cores/7e141ed17768082627ce5afc32bd3884/core.a(wiring.c.o)
                0x000000002000429c                nrf_nvic_state
 COMMON         0x00000000200042a8       0x10 /Users/cts/Library/Caches/arduino/sketches/8C404FC65045EB69AE368903C4D04CF0/../../cores/7e141ed17768082627ce5afc32bd3884/core.a(queue.c.o)
                0x00000000200042a8                xQueueRegistry
 COMMON         0x00000000200042b8        0x4 /Users/cts/Library/Arduino15/packages/adafruit/tools/arm-none-eabi-gcc/9-2019q4/bin/../lib/gcc/arm-none-eabi/9.2.1/../../../../arm-none-eabi/lib/thumb/v7e-m+fp/hard/libc_nano.a(lib_a-reent.o)
                0x00000000200042b8                errno
 COMMON         0x00000000200042bc        0x9 /Users/cts/Library/Arduino15/packages/adafruit/tools/arm-none-eabi-gcc/9-2019q4/bin/../lib/gcc/arm-none-eabi/9.2.1/../../../../arm-none-eabi/lib/thumb/v7e-m+fp/hard/libc_nano.a(lib_a-lock.o)
                0x00000000200042bc                __lock___atexit_recursive_mutex
                0x00000000200042bd                __lock___arc4random_mutex
                0x00000000200042be                __lock___env_recursive_mutex
                0x00000000200042bf                __lock___sinit_recursive_mutex
                0x00000000200042c0                __lock___malloc_recursive_mutex
                0x00000000200042c1                __lock___at_quick_exit_mutex
                0x00000000200042c2                __lock___dd_hash_mutex
                0x00000000200042c3                __lock___tz_mutex
                0x00000000200042c4                __lock___sfp_recursive_mutex
                0x00000000200042c8                . = ALIGN (0x4)
 *fill*         0x00000000200042c5        0x3 
                0x00000000200042c8                __bss_end__ = .

.heap           0x00000000200042c8     0xb538 load address 0x000000000002cabc
                0x00000000200042c8                __HeapBase = .
                0x00000000200042c8                __end__ = .
                0x00000000200042c8                PROVIDE (end = .)
 *(.heap*)
                0x000000002000f800                . = ALIGN (__StackLimit)
 *fill*         0x00000000200042c8     0xb538 
                0x000000002000f800                __HeapLimit = .
                0x0000000000000001                ASSERT ((__StackLimit >= __HeapLimit), region RAM overflowed with stack)
                0x0000000000000001                ASSERT ((__StackLimit >= __bss_end__), region RAM overflowed with stack)
OUTPUT(/Users/cts/Library/Caches/arduino/sketches/8C404FC65045EB69AE368903C4D04CF0/NRF52840Blink.ino.elf elf32-littlearm)

.ARM.attributes
                0x0000000000000000       0x32
 .ARM.attributes
                0x0000000000000000       0x34 /Users/cts/Library/Arduino15/packages/adafruit/tools/arm-none-eabi-gcc/9-2019q4/bin/../lib/gcc/arm-none-eabi/9.2.1/thumb/v7e-m+fp/hard/crtfastmath.o
 .ARM.attributes
                0x0000000000000034       0x1e /Users/cts/Library/Arduino15/packages/adafruit/tools/arm-none-eabi-gcc/9-2019q4/bin/../lib/gcc/arm-none-eabi/9.2.1/thumb/v7e-m+fp/hard/crti.o
 .ARM.attributes
                0x0000000000000052       0x34 /Users/cts/Library/Arduino15/packages/adafruit/tools/arm-none-eabi-gcc/9-2019q4/bin/../lib/gcc/arm-none-eabi/9.2.1/thumb/v7e-m+fp/hard/crtbegin.o
 .ARM.attributes
                0x0000000000000086       0x1c /Users/cts/Library/Arduino15/packages/adafruit/tools/arm-none-eabi-gcc/9-2019q4/bin/../lib/gcc/arm-none-eabi/9.2.1/../../../../arm-none-eabi/lib/thumb/v7e-m+fp/hard/crt0.o
 .ARM.attributes
                0x00000000000000a2       0x30 /Users/cts/Library/Caches/arduino/sketches/8C404FC65045EB69AE368903C4D04CF0/sketch/NRF52840Blink.ino.cpp.o
 .ARM.attributes
                0x00000000000000d2       0x30 /Users/cts/Library/Caches/arduino/sketches/8C404FC65045EB69AE368903C4D04CF0/core/variant.cpp.o
 .ARM.attributes
                0x0000000000000102       0x30 /Users/cts/Library/Caches/arduino/sketches/8C404FC65045EB69AE368903C4D04CF0/../../cores/7e141ed17768082627ce5afc32bd3884/core.a(delay.c.o)
 .ARM.attributes
                0x0000000000000132       0x30 /Users/cts/Library/Caches/arduino/sketches/8C404FC65045EB69AE368903C4D04CF0/../../cores/7e141ed17768082627ce5afc32bd3884/core.a(tasks.c.o)
 .ARM.attributes
                0x0000000000000162       0x30 /Users/cts/Library/Caches/arduino/sketches/8C404FC65045EB69AE368903C4D04CF0/../../cores/7e141ed17768082627ce5afc32bd3884/core.a(timers.c.o)
 .ARM.attributes
                0x0000000000000192       0x30 /Users/cts/Library/Caches/arduino/sketches/8C404FC65045EB69AE368903C4D04CF0/../../cores/7e141ed17768082627ce5afc32bd3884/core.a(port_cmsis.c.o)
 .ARM.attributes
                0x00000000000001c2       0x30 /Users/cts/Library/Caches/arduino/sketches/8C404FC65045EB69AE368903C4D04CF0/../../cores/7e141ed17768082627ce5afc32bd3884/core.a(port_cmsis_systick.c.o)
 .ARM.attributes
                0x00000000000001f2       0x30 /Users/cts/Library/Caches/arduino/sketches/8C404FC65045EB69AE368903C4D04CF0/../../cores/7e141ed17768082627ce5afc32bd3884/core.a(port.c.o)
 .ARM.attributes
                0x0000000000000222       0x30 /Users/cts/Library/Caches/arduino/sketches/8C404FC65045EB69AE368903C4D04CF0/../../cores/7e141ed17768082627ce5afc32bd3884/core.a(hooks.c.o)
 .ARM.attributes
                0x0000000000000252       0x20 /Users/cts/Library/Caches/arduino/sketches/8C404FC65045EB69AE368903C4D04CF0/../../cores/7e141ed17768082627ce5afc32bd3884/core.a(gcc_startup_nrf52.S.o)
 .ARM.attributes
                0x0000000000000272       0x30 /Users/cts/Library/Caches/arduino/sketches/8C404FC65045EB69AE368903C4D04CF0/../../cores/7e141ed17768082627ce5afc32bd3884/core.a(main.cpp.o)
 .ARM.attributes
                0x00000000000002a2       0x30 /Users/cts/Library/Caches/arduino/sketches/8C404FC65045EB69AE368903C4D04CF0/../../cores/7e141ed17768082627ce5afc32bd3884/core.a(system_nrf52.c.o)
 .ARM.attributes
                0x00000000000002d2       0x30 /Users/cts/Library/Caches/arduino/sketches/8C404FC65045EB69AE368903C4D04CF0/../../cores/7e141ed17768082627ce5afc32bd3884/core.a(rtos.cpp.o)
 .ARM.attributes
                0x0000000000000302       0x30 /Users/cts/Library/Caches/arduino/sketches/8C404FC65045EB69AE368903C4D04CF0/../../cores/7e141ed17768082627ce5afc32bd3884/core.a(AdaCallback.c.o)
 .ARM.attributes
                0x0000000000000332       0x30 /Users/cts/Library/Caches/arduino/sketches/8C404FC65045EB69AE368903C4D04CF0/../../cores/7e141ed17768082627ce5afc32bd3884/core.a(wiring.c.o)
 .ARM.attributes
                0x0000000000000362       0x30 /Users/cts/Library/Caches/arduino/sketches/8C404FC65045EB69AE368903C4D04CF0/../../cores/7e141ed17768082627ce5afc32bd3884/core.a(wiring_digital.c.o)
 .ARM.attributes
                0x0000000000000392       0x30 /Users/cts/Library/Caches/arduino/sketches/8C404FC65045EB69AE368903C4D04CF0/../../cores/7e141ed17768082627ce5afc32bd3884/core.a(Uart.cpp.o)
 .ARM.attributes
                0x00000000000003c2       0x30 /Users/cts/Library/Caches/arduino/sketches/8C404FC65045EB69AE368903C4D04CF0/../../cores/7e141ed17768082627ce5afc32bd3884/core.a(list.c.o)
 .ARM.attributes
                0x00000000000003f2       0x30 /Users/cts/Library/Caches/arduino/sketches/8C404FC65045EB69AE368903C4D04CF0/../../cores/7e141ed17768082627ce5afc32bd3884/core.a(heap_3.c.o)
 .ARM.attributes
                0x0000000000000422       0x30 /Users/cts/Library/Caches/arduino/sketches/8C404FC65045EB69AE368903C4D04CF0/../../cores/7e141ed17768082627ce5afc32bd3884/core.a(queue.c.o)
 .ARM.attributes
                0x0000000000000452       0x30 /Users/cts/Library/Caches/arduino/sketches/8C404FC65045EB69AE368903C4D04CF0/../../cores/7e141ed17768082627ce5afc32bd3884/core.a(RingBuffer.cpp.o)
 .ARM.attributes
                0x0000000000000482       0x1e /Users/cts/Library/Arduino15/packages/adafruit/tools/arm-none-eabi-gcc/9-2019q4/bin/../lib/gcc/arm-none-eabi/9.2.1/thumb/v7e-m+fp/hard/libgcc.a(_aeabi_uldivmod.o)
 .ARM.attributes
                0x00000000000004a0       0x34 /Users/cts/Library/Arduino15/packages/adafruit/tools/arm-none-eabi-gcc/9-2019q4/bin/../lib/gcc/arm-none-eabi/9.2.1/thumb/v7e-m+fp/hard/libgcc.a(_udivmoddi4.o)
 .ARM.attributes
                0x00000000000004d4       0x1e /Users/cts/Library/Arduino15/packages/adafruit/tools/arm-none-eabi-gcc/9-2019q4/bin/../lib/gcc/arm-none-eabi/9.2.1/thumb/v7e-m+fp/hard/libgcc.a(_dvmd_tls.o)
 .ARM.attributes
                0x00000000000004f2       0x34 /Users/cts/Library/Arduino15/packages/adafruit/tools/arm-none-eabi-gcc/9-2019q4/bin/../lib/gcc/arm-none-eabi/9.2.1/../../../../arm-none-eabi/lib/thumb/v7e-m+fp/hard/libc_nano.a(lib_a-exit.o)
 .ARM.attributes
                0x0000000000000526       0x32 /Users/cts/Library/Arduino15/packages/adafruit/tools/arm-none-eabi-gcc/9-2019q4/bin/../lib/gcc/arm-none-eabi/9.2.1/../../../../arm-none-eabi/lib/thumb/v7e-m+fp/hard/libc_nano.a(lib_a-impure.o)
 .ARM.attributes
                0x0000000000000558       0x34 /Users/cts/Library/Arduino15/packages/adafruit/tools/arm-none-eabi-gcc/9-2019q4/bin/../lib/gcc/arm-none-eabi/9.2.1/../../../../arm-none-eabi/lib/thumb/v7e-m+fp/hard/libc_nano.a(lib_a-init.o)
 .ARM.attributes
                0x000000000000058c       0x34 /Users/cts/Library/Arduino15/packages/adafruit/tools/arm-none-eabi-gcc/9-2019q4/bin/../lib/gcc/arm-none-eabi/9.2.1/../../../../arm-none-eabi/lib/thumb/v7e-m+fp/hard/libc_nano.a(lib_a-malloc.o)
 .ARM.attributes
                0x00000000000005c0       0x34 /Users/cts/Library/Arduino15/packages/adafruit/tools/arm-none-eabi-gcc/9-2019q4/bin/../lib/gcc/arm-none-eabi/9.2.1/../../../../arm-none-eabi/lib/thumb/v7e-m+fp/hard/libc_nano.a(lib_a-memcpy-stub.o)
 .ARM.attributes
                0x00000000000005f4       0x34 /Users/cts/Library/Arduino15/packages/adafruit/tools/arm-none-eabi-gcc/9-2019q4/bin/../lib/gcc/arm-none-eabi/9.2.1/../../../../arm-none-eabi/lib/thumb/v7e-m+fp/hard/libc_nano.a(lib_a-memset.o)
 .ARM.attributes
                0x0000000000000628       0x34 /Users/cts/Library/Arduino15/packages/adafruit/tools/arm-none-eabi-gcc/9-2019q4/bin/../lib/gcc/arm-none-eabi/9.2.1/../../../../arm-none-eabi/lib/thumb/v7e-m+fp/hard/libc_nano.a(lib_a-nano-callocr.o)
 .ARM.attributes
                0x000000000000065c       0x34 /Users/cts/Library/Arduino15/packages/adafruit/tools/arm-none-eabi-gcc/9-2019q4/bin/../lib/gcc/arm-none-eabi/9.2.1/../../../../arm-none-eabi/lib/thumb/v7e-m+fp/hard/libc_nano.a(lib_a-nano-freer.o)
 .ARM.attributes
                0x0000000000000690       0x34 /Users/cts/Library/Arduino15/packages/adafruit/tools/arm-none-eabi-gcc/9-2019q4/bin/../lib/gcc/arm-none-eabi/9.2.1/../../../../arm-none-eabi/lib/thumb/v7e-m+fp/hard/libc_nano.a(lib_a-nano-mallocr.o)
 .ARM.attributes
                0x00000000000006c4       0x34 /Users/cts/Library/Arduino15/packages/adafruit/tools/arm-none-eabi-gcc/9-2019q4/bin/../lib/gcc/arm-none-eabi/9.2.1/../../../../arm-none-eabi/lib/thumb/v7e-m+fp/hard/libc_nano.a(lib_a-nano-vfprintf_float.o)
 .ARM.attributes
                0x00000000000006f8       0x34 /Users/cts/Library/Arduino15/packages/adafruit/tools/arm-none-eabi-gcc/9-2019q4/bin/../lib/gcc/arm-none-eabi/9.2.1/../../../../arm-none-eabi/lib/thumb/v7e-m+fp/hard/libc_nano.a(lib_a-nano-vfprintf_i.o)
 .ARM.attributes
                0x000000000000072c       0x34 /Users/cts/Library/Arduino15/packages/adafruit/tools/arm-none-eabi-gcc/9-2019q4/bin/../lib/gcc/arm-none-eabi/9.2.1/../../../../arm-none-eabi/lib/thumb/v7e-m+fp/hard/libc_nano.a(lib_a-sbrkr.o)
 .ARM.attributes
                0x0000000000000760       0x17 /Users/cts/Library/Arduino15/packages/adafruit/tools/arm-none-eabi-gcc/9-2019q4/bin/../lib/gcc/arm-none-eabi/9.2.1/../../../../arm-none-eabi/lib/thumb/v7e-m+fp/hard/libc_nano.a(lib_a-strlen.o)
 .ARM.attributes
                0x0000000000000777       0x34 /Users/cts/Library/Arduino15/packages/adafruit/tools/arm-none-eabi-gcc/9-2019q4/bin/../lib/gcc/arm-none-eabi/9.2.1/../../../../arm-none-eabi/lib/thumb/v7e-m+fp/hard/libc_nano.a(lib_a-dtoa.o)
 .ARM.attributes
                0x00000000000007ab       0x34 /Users/cts/Library/Arduino15/packages/adafruit/tools/arm-none-eabi-gcc/9-2019q4/bin/../lib/gcc/arm-none-eabi/9.2.1/../../../../arm-none-eabi/lib/thumb/v7e-m+fp/hard/libc_nano.a(lib_a-localeconv.o)
 .ARM.attributes
                0x00000000000007df       0x34 /Users/cts/Library/Arduino15/packages/adafruit/tools/arm-none-eabi-gcc/9-2019q4/bin/../lib/gcc/arm-none-eabi/9.2.1/../../../../arm-none-eabi/lib/thumb/v7e-m+fp/hard/libc_nano.a(lib_a-mlock.o)
 .ARM.attributes
                0x0000000000000813       0x34 /Users/cts/Library/Arduino15/packages/adafruit/tools/arm-none-eabi-gcc/9-2019q4/bin/../lib/gcc/arm-none-eabi/9.2.1/../../../../arm-none-eabi/lib/thumb/v7e-m+fp/hard/libc_nano.a(lib_a-mprec.o)
 .ARM.attributes
                0x0000000000000847       0x34 /Users/cts/Library/Arduino15/packages/adafruit/tools/arm-none-eabi-gcc/9-2019q4/bin/../lib/gcc/arm-none-eabi/9.2.1/../../../../arm-none-eabi/lib/thumb/v7e-m+fp/hard/libc_nano.a(lib_a-reent.o)
 .ARM.attributes
                0x000000000000087b       0x34 /Users/cts/Library/Arduino15/packages/adafruit/tools/arm-none-eabi-gcc/9-2019q4/bin/../lib/gcc/arm-none-eabi/9.2.1/../../../../arm-none-eabi/lib/thumb/v7e-m+fp/hard/libc_nano.a(lib_a-locale.o)
 .ARM.attributes
                0x00000000000008af       0x34 /Users/cts/Library/Arduino15/packages/adafruit/tools/arm-none-eabi-gcc/9-2019q4/bin/../lib/gcc/arm-none-eabi/9.2.1/../../../../arm-none-eabi/lib/thumb/v7e-m+fp/hard/libc_nano.a(lib_a-lock.o)
 .ARM.attributes
                0x00000000000008e3       0x34 /Users/cts/Library/Arduino15/packages/adafruit/tools/arm-none-eabi-gcc/9-2019q4/bin/../lib/gcc/arm-none-eabi/9.2.1/../../../../arm-none-eabi/lib/thumb/v7e-m+fp/hard/libc_nano.a(lib_a-mbtowc_r.o)
 .ARM.attributes
                0x0000000000000917       0x34 /Users/cts/Library/Arduino15/packages/adafruit/tools/arm-none-eabi-gcc/9-2019q4/bin/../lib/gcc/arm-none-eabi/9.2.1/../../../../arm-none-eabi/lib/thumb/v7e-m+fp/hard/libc_nano.a(lib_a-wctomb_r.o)
 .ARM.attributes
                0x000000000000094b       0x32 /Users/cts/Library/Arduino15/packages/adafruit/tools/arm-none-eabi-gcc/9-2019q4/bin/../lib/gcc/arm-none-eabi/9.2.1/../../../../arm-none-eabi/lib/thumb/v7e-m+fp/hard/libc_nano.a(lib_a-ctype_.o)
 .ARM.attributes
                0x000000000000097d       0x1e /Users/cts/Library/Arduino15/packages/adafruit/tools/arm-none-eabi-gcc/9-2019q4/bin/../lib/gcc/arm-none-eabi/9.2.1/thumb/v7e-m+fp/hard/libgcc.a(_arm_addsubdf3.o)
 .ARM.attributes
                0x000000000000099b       0x1e /Users/cts/Library/Arduino15/packages/adafruit/tools/arm-none-eabi-gcc/9-2019q4/bin/../lib/gcc/arm-none-eabi/9.2.1/thumb/v7e-m+fp/hard/libgcc.a(_arm_muldivdf3.o)
 .ARM.attributes
                0x00000000000009b9       0x1e /Users/cts/Library/Arduino15/packages/adafruit/tools/arm-none-eabi-gcc/9-2019q4/bin/../lib/gcc/arm-none-eabi/9.2.1/thumb/v7e-m+fp/hard/libgcc.a(_arm_cmpdf2.o)
 .ARM.attributes
                0x00000000000009d7       0x1e /Users/cts/Library/Arduino15/packages/adafruit/tools/arm-none-eabi-gcc/9-2019q4/bin/../lib/gcc/arm-none-eabi/9.2.1/thumb/v7e-m+fp/hard/libgcc.a(_arm_unorddf2.o)
 .ARM.attributes
                0x00000000000009f5       0x1e /Users/cts/Library/Arduino15/packages/adafruit/tools/arm-none-eabi-gcc/9-2019q4/bin/../lib/gcc/arm-none-eabi/9.2.1/thumb/v7e-m+fp/hard/libgcc.a(_arm_fixdfsi.o)
 .ARM.attributes
                0x0000000000000a13       0x34 /Users/cts/Library/Arduino15/packages/adafruit/tools/arm-none-eabi-gcc/9-2019q4/bin/../lib/gcc/arm-none-eabi/9.2.1/../../../../arm-none-eabi/lib/thumb/v7e-m+fp/hard/libnosys.a(sbrk.o)
 .ARM.attributes
                0x0000000000000a47       0x34 /Users/cts/Library/Arduino15/packages/adafruit/tools/arm-none-eabi-gcc/9-2019q4/bin/../lib/gcc/arm-none-eabi/9.2.1/../../../../arm-none-eabi/lib/thumb/v7e-m+fp/hard/libnosys.a(_exit.o)
 .ARM.attributes
                0x0000000000000a7b       0x32 /Users/cts/Library/Arduino15/packages/adafruit/tools/arm-none-eabi-gcc/9-2019q4/bin/../lib/gcc/arm-none-eabi/9.2.1/thumb/v7e-m+fp/hard/crtend.o
 .ARM.attributes
                0x0000000000000aad       0x1e /Users/cts/Library/Arduino15/packages/adafruit/tools/arm-none-eabi-gcc/9-2019q4/bin/../lib/gcc/arm-none-eabi/9.2.1/thumb/v7e-m+fp/hard/crtn.o

.comment        0x0000000000000000       0x79
 .comment       0x0000000000000000       0x79 /Users/cts/Library/Caches/arduino/sketches/8C404FC65045EB69AE368903C4D04CF0/sketch/NRF52840Blink.ino.cpp.o
                                         0x7a (size before relaxing)
 .comment       0x0000000000000079       0x7a /Users/cts/Library/Caches/arduino/sketches/8C404FC65045EB69AE368903C4D04CF0/core/variant.cpp.o
 .comment       0x0000000000000079       0x7a /Users/cts/Library/Caches/arduino/sketches/8C404FC65045EB69AE368903C4D04CF0/../../cores/7e141ed17768082627ce5afc32bd3884/core.a(delay.c.o)
 .comment       0x0000000000000079       0x7a /Users/cts/Library/Caches/arduino/sketches/8C404FC65045EB69AE368903C4D04CF0/../../cores/7e141ed17768082627ce5afc32bd3884/core.a(tasks.c.o)
 .comment       0x0000000000000079       0x7a /Users/cts/Library/Caches/arduino/sketches/8C404FC65045EB69AE368903C4D04CF0/../../cores/7e141ed17768082627ce5afc32bd3884/core.a(timers.c.o)
 .comment       0x0000000000000079       0x7a /Users/cts/Library/Caches/arduino/sketches/8C404FC65045EB69AE368903C4D04CF0/../../cores/7e141ed17768082627ce5afc32bd3884/core.a(port_cmsis.c.o)
 .comment       0x0000000000000079       0x7a /Users/cts/Library/Caches/arduino/sketches/8C404FC65045EB69AE368903C4D04CF0/../../cores/7e141ed17768082627ce5afc32bd3884/core.a(port_cmsis_systick.c.o)
 .comment       0x0000000000000079       0x7a /Users/cts/Library/Caches/arduino/sketches/8C404FC65045EB69AE368903C4D04CF0/../../cores/7e141ed17768082627ce5afc32bd3884/core.a(port.c.o)
 .comment       0x0000000000000079       0x7a /Users/cts/Library/Caches/arduino/sketches/8C404FC65045EB69AE368903C4D04CF0/../../cores/7e141ed17768082627ce5afc32bd3884/core.a(hooks.c.o)
 .comment       0x0000000000000079       0x7a /Users/cts/Library/Caches/arduino/sketches/8C404FC65045EB69AE368903C4D04CF0/../../cores/7e141ed17768082627ce5afc32bd3884/core.a(main.cpp.o)
 .comment       0x0000000000000079       0x7a /Users/cts/Library/Caches/arduino/sketches/8C404FC65045EB69AE368903C4D04CF0/../../cores/7e141ed17768082627ce5afc32bd3884/core.a(system_nrf52.c.o)
 .comment       0x0000000000000079       0x7a /Users/cts/Library/Caches/arduino/sketches/8C404FC65045EB69AE368903C4D04CF0/../../cores/7e141ed17768082627ce5afc32bd3884/core.a(rtos.cpp.o)
 .comment       0x0000000000000079       0x7a /Users/cts/Library/Caches/arduino/sketches/8C404FC65045EB69AE368903C4D04CF0/../../cores/7e141ed17768082627ce5afc32bd3884/core.a(AdaCallback.c.o)
 .comment       0x0000000000000079       0x7a /Users/cts/Library/Caches/arduino/sketches/8C404FC65045EB69AE368903C4D04CF0/../../cores/7e141ed17768082627ce5afc32bd3884/core.a(wiring.c.o)
 .comment       0x0000000000000079       0x7a /Users/cts/Library/Caches/arduino/sketches/8C404FC65045EB69AE368903C4D04CF0/../../cores/7e141ed17768082627ce5afc32bd3884/core.a(wiring_digital.c.o)
 .comment       0x0000000000000079       0x7a /Users/cts/Library/Caches/arduino/sketches/8C404FC65045EB69AE368903C4D04CF0/../../cores/7e141ed17768082627ce5afc32bd3884/core.a(Uart.cpp.o)
 .comment       0x0000000000000079       0x7a /Users/cts/Library/Caches/arduino/sketches/8C404FC65045EB69AE368903C4D04CF0/../../cores/7e141ed17768082627ce5afc32bd3884/core.a(list.c.o)
 .comment       0x0000000000000079       0x7a /Users/cts/Library/Caches/arduino/sketches/8C404FC65045EB69AE368903C4D04CF0/../../cores/7e141ed17768082627ce5afc32bd3884/core.a(heap_3.c.o)
 .comment       0x0000000000000079       0x7a /Users/cts/Library/Caches/arduino/sketches/8C404FC65045EB69AE368903C4D04CF0/../../cores/7e141ed17768082627ce5afc32bd3884/core.a(queue.c.o)
 .comment       0x0000000000000079       0x7a /Users/cts/Library/Caches/arduino/sketches/8C404FC65045EB69AE368903C4D04CF0/../../cores/7e141ed17768082627ce5afc32bd3884/core.a(RingBuffer.cpp.o)

.debug_frame    0x0000000000000000     0x2248
 .debug_frame   0x0000000000000000       0x20 /Users/cts/Library/Arduino15/packages/adafruit/tools/arm-none-eabi-gcc/9-2019q4/bin/../lib/gcc/arm-none-eabi/9.2.1/thumb/v7e-m+fp/hard/crtfastmath.o